<html>
<body>
<pre>
<h1>µVision Build Log</h1>
<h2>Tool Versions:</h2>
IDE-Version: ¦ÌVision V5.27.1.0
Copyright (C) 2019 ARM Ltd and ARM Germany GmbH. All rights reserved.
License Information: Sok Sok, sok, LIC=LJWPC-73Z5W-24HSS-LK44V-6WJZV-3E21A
 
Tool Versions:
Toolchain:       MDK-ARM Professional  Version: 5.27.1.0
Toolchain Path:  C:\Keil_v5\ARM\ARMCC\Bin
C Compiler:      Armcc.exe V5.06 update 6 (build 750)
Assembler:       Armasm.exe V5.06 update 6 (build 750)
Linker/Locator:  ArmLink.exe V5.06 update 6 (build 750)
Library Manager: ArmAr.exe V5.06 update 6 (build 750)
Hex Converter:   FromElf.exe V5.06 update 6 (build 750)
CPU DLL:         SARMCM3.DLL V5.27.1.0
Dialog DLL:      DCM.DLL V1.17.2.0
Target DLL:      STLink\ST-LINKIII-KEIL_SWO.dll V3.0.6.0
Dialog DLL:      TCM.DLL V1.36.1.0
 
<h2>Project:</h2>
D:\ProGram_LiWang\IMU_TDKseriel\icm_20948_F412Discovery\MDK-ARM\icm_20948_F412Discovery.uvprojx
Project File Date:  12/19/2022

<h2>Output:</h2>
*** Using Compiler 'V5.06 update 6 (build 750)', folder: 'C:\Keil_v5\ARM\ARMCC\Bin'
Build target 'icm_20948_F412Discovery'
assembling startup_stm32f412zx.s...
compiling stm32f4xx_it.c...
compiling stm32f4xx_hal_rcc.c...
compiling tim.c...
compiling i2c.c...
compiling stm32f4xx_hal_i2c.c...
compiling system_stm32f4xx.c...
compiling stm32f4xx_hal_i2c_ex.c...
compiling gpio.c...
compiling stm32f4xx_hal_flash_ex.c...
compiling stm32f4xx_hal_msp.c...
compiling stm32f4xx_hal_pwr_ex.c...
compiling stm32f4xx_hal_rcc_ex.c...
compiling delay.c...
compiling stm32f4xx_hal_flash.c...
compiling stm32f4xx_hal_dma.c...
compiling main.c...
..\EconDriver\icm_twi_driver.h(186): warning:  #1295-D: Deprecated declaration icm_20948_init - give arg types
  void icm_20948_init();
..\EconDriver\icm_twi_driver.h(187): warning:  #1295-D: Deprecated declaration icm_20948_Check - give arg types
  bool icm_20948_Check();
..\EconDriver\icm_twi_driver.h(188): warning:  #1295-D: Deprecated declaration icm_20948GyroRead - give arg types
  void icm_20948GyroRead();
..\EconDriver\icm_twi_driver.h(189): warning:  #1295-D: Deprecated declaration icm_20948AccelRead - give arg types
  void icm_20948AccelRead();
..\EconDriver\icm_twi_driver.h(190): warning:  #1295-D: Deprecated declaration ak_09916MagRead - give arg types
  void ak_09916MagRead();
..\EconDriver\icm_twi_driver.h(193): warning:  #1295-D: Deprecated declaration ak_09916MagCheck - give arg types
  bool ak_09916MagCheck();
..\EconDriver\icm_twi_driver.h(201): warning:  #1-D: last line of file ends without a newline
  #endif
../Core/Src/main.c: 7 warnings, 0 errors
compiling stm32f4xx_hal_gpio.c...
compiling stm32f4xx_hal_flash_ramfunc.c...
compiling icm_twi_driver.c...
..\EconDriver\icm_twi_driver.h(186): warning:  #1295-D: Deprecated declaration icm_20948_init - give arg types
  void icm_20948_init();
..\EconDriver\icm_twi_driver.h(187): warning:  #1295-D: Deprecated declaration icm_20948_Check - give arg types
  bool icm_20948_Check();
..\EconDriver\icm_twi_driver.h(188): warning:  #1295-D: Deprecated declaration icm_20948GyroRead - give arg types
  void icm_20948GyroRead();
..\EconDriver\icm_twi_driver.h(189): warning:  #1295-D: Deprecated declaration icm_20948AccelRead - give arg types
  void icm_20948AccelRead();
..\EconDriver\icm_twi_driver.h(190): warning:  #1295-D: Deprecated declaration ak_09916MagRead - give arg types
  void ak_09916MagRead();
..\EconDriver\icm_twi_driver.h(193): warning:  #1295-D: Deprecated declaration ak_09916MagCheck - give arg types
  bool ak_09916MagCheck();
..\EconDriver\icm_twi_driver.h(201): warning:  #1-D: last line of file ends without a newline
  #endif
..\EconDriver\icm_twi_driver.c(19): warning:  #940-D: missing return statement at end of non-void function "icm_20948_Write_Byte" 
  }
..\EconDriver\icm_twi_driver.c(44): warning:  #940-D: missing return statement at end of non-void function "icm_AK09916_Write_Byte" 
  }
..\EconDriver\icm_twi_driver.c(167): warning:  #177-D: variable "i"  was declared but never referenced
  	uint8_t	i;
..\EconDriver\icm_twi_driver.c(168): warning:  #177-D: variable "s32OutBuf"  was declared but never referenced
  	int32_t s32OutBuf[3] = {0};
..\EconDriver\icm_twi_driver.c: 11 warnings, 0 errors
compiling stm32f4xx_hal_dma_ex.c...
compiling stm32f4xx_hal_pwr.c...
compiling stm32f4xx_hal_exti.c...
compiling stm32f4xx_hal.c...
compiling stm32f4xx_hal_cortex.c...
compiling stm32f4xx_hal_tim_ex.c...
compiling stm32f4xx_hal_tim.c...
linking...
Program Size: Code=7854 RO-data=510 RW-data=16 ZI-data=1880  
FromELF: creating hex file...
"icm_20948_F412Discovery\icm_20948_F412Discovery.axf" - 0 Error(s), 18 Warning(s).

<h2>Software Packages used:</h2>

Package Vendor: ARM
                http://www.keil.com/pack/ARM.CMSIS.5.6.0.pack
                ARM.CMSIS.5.6.0
                CMSIS (Cortex Microcontroller Software Interface Standard)
   * Component: CORE Version: 5.3.0

Package Vendor: Keil
                http://www.keil.com/pack/Keil.STM32F4xx_DFP.2.14.0.pack
                Keil.STM32F4xx_DFP.2.14.0
                STMicroelectronics STM32F4 Series Device Support, Drivers and Examples

<h2>Collection of Component include folders:</h2>
  .\RTE\_icm_20948_F412Discovery
  C:\Users\Sok\AppData\Local\Arm\Packs\ARM\CMSIS\5.6.0\CMSIS\Core\Include
  C:\Users\Sok\AppData\Local\Arm\Packs\Keil\STM32F4xx_DFP\2.14.0\Drivers\CMSIS\Device\ST\STM32F4xx\Include

<h2>Collection of Component Files used:</h2>

   * Component: ARM::CMSIS:CORE:5.3.0
Build Time Elapsed:  00:00:12
</pre>
</body>
</html>
