Component: ARM Compiler 5.06 update 6 (build 750) Tool: armlink [4d35ed]

==============================================================================

Section Cross References

    main.o(i.Nordic_period_timeout_handle) refers to icm_twi_driver.o(i.icm_20948GyroRead) for icm_20948GyroRead
    main.o(i.Nordic_period_timeout_handle) refers to icm_twi_driver.o(i.icm_20948AccelRead) for icm_20948AccelRead
    main.o(i.advertising_start) refers to nrf_log_frontend.o(i.nrf_log_frontend_std_0) for nrf_log_frontend_std_0
    main.o(i.advertising_start) refers to peer_manager.o(i.pm_peers_delete) for pm_peers_delete
    main.o(i.advertising_start) refers to ble_advertising.o(i.ble_advertising_start) for ble_advertising_start
    main.o(i.advertising_start) refers to app_error.o(i.app_error_handler_bare) for app_error_handler_bare
    main.o(i.advertising_start) refers to nrf_log_frontend.o(log_const_data) for m_nrf_log_app_logs_data_const
    main.o(i.advertising_start) refers to main.o(.bss) for .bss
    main.o(i.assert_nrf_callback) refers to app_error_handler_keil.o(.emb_text) for app_error_handler
    main.o(i.ble_evt_handler) refers to nrf_log_frontend.o(i.nrf_log_frontend_std_0) for nrf_log_frontend_std_0
    main.o(i.ble_evt_handler) refers to bsp.o(i.bsp_indication_set) for bsp_indication_set
    main.o(i.ble_evt_handler) refers to app_error.o(i.app_error_handler_bare) for app_error_handler_bare
    main.o(i.ble_evt_handler) refers to nrf_ble_qwr.o(i.nrf_ble_qwr_conn_handle_assign) for nrf_ble_qwr_conn_handle_assign
    main.o(i.ble_evt_handler) refers to nrf_log_frontend.o(log_const_data) for m_nrf_log_app_logs_data_const
    main.o(i.ble_evt_handler) refers to main.o(.data) for .data
    main.o(i.ble_evt_handler) refers to main.o(.bss) for .bss
    main.o(i.bsp_event_handler) refers to main.o(i.sleep_mode_enter) for sleep_mode_enter
    main.o(i.bsp_event_handler) refers to app_error.o(i.app_error_handler_bare) for app_error_handler_bare
    main.o(i.bsp_event_handler) refers to ble_advertising.o(i.ble_advertising_restart_without_whitelist) for ble_advertising_restart_without_whitelist
    main.o(i.bsp_event_handler) refers to main.o(.data) for .data
    main.o(i.bsp_event_handler) refers to main.o(.bss) for .bss
    main.o(i.conn_params_error_handler) refers to app_error.o(i.app_error_handler_bare) for app_error_handler_bare
    main.o(i.icm_20948_GPIOTE_Handle) refers to icm_twi_driver.o(i.icm_20948_ReadOne_Byte) for icm_20948_ReadOne_Byte
    main.o(i.icm_20948_GPIOTE_Handle) refers to icm_twi_driver.o(i.icm_20948GyroRead) for icm_20948GyroRead
    main.o(i.icm_20948_GPIOTE_Handle) refers to icm_twi_driver.o(i.icm_20948AccelRead) for icm_20948AccelRead
    main.o(i.icm_20948_gpiote_init) refers to nrfx_gpiote.o(i.nrfx_gpiote_init) for nrfx_gpiote_init
    main.o(i.icm_20948_gpiote_init) refers to app_error.o(i.app_error_handler_bare) for app_error_handler_bare
    main.o(i.icm_20948_gpiote_init) refers to nrfx_gpiote.o(i.nrfx_gpiote_in_init) for nrfx_gpiote_in_init
    main.o(i.icm_20948_gpiote_init) refers to nrfx_gpiote.o(i.nrfx_gpiote_in_event_enable) for nrfx_gpiote_in_event_enable
    main.o(i.icm_20948_gpiote_init) refers to main.o(.constdata) for .constdata
    main.o(i.icm_20948_gpiote_init) refers to main.o(i.icm_20948_GPIOTE_Handle) for icm_20948_GPIOTE_Handle
    main.o(i.main) refers to main.o(i.nrf_gpio_cfg_output) for nrf_gpio_cfg_output
    main.o(i.main) refers to icm_twi_driver.o(i.Nordic_TWI_init) for Nordic_TWI_init
    main.o(i.main) refers to icm_twi_driver.o(i.icm_20948_init) for icm_20948_init
    main.o(i.main) refers to nrf_log_frontend.o(i.nrf_log_init) for nrf_log_init
    main.o(i.main) refers to app_error.o(i.app_error_handler_bare) for app_error_handler_bare
    main.o(i.main) refers to nrf_log_default_backends.o(i.nrf_log_default_backends_init) for nrf_log_default_backends_init
    main.o(i.main) refers to app_timer2.o(i.app_timer_init) for app_timer_init
    main.o(i.main) refers to app_timer2.o(i.app_timer_create) for app_timer_create
    main.o(i.main) refers to bsp.o(i.bsp_init) for bsp_init
    main.o(i.main) refers to bsp_btn_ble.o(i.bsp_btn_ble_init) for bsp_btn_ble_init
    main.o(i.main) refers to nrf_pwr_mgmt.o(i.nrf_pwr_mgmt_init) for nrf_pwr_mgmt_init
    main.o(i.main) refers to nrf_sdh.o(i.nrf_sdh_enable_request) for nrf_sdh_enable_request
    main.o(i.main) refers to nrf_sdh_ble.o(i.nrf_sdh_ble_default_cfg_set) for nrf_sdh_ble_default_cfg_set
    main.o(i.main) refers to nrf_sdh_ble.o(i.nrf_sdh_ble_enable) for nrf_sdh_ble_enable
    main.o(i.main) refers to nrf_ble_gatt.o(i.nrf_ble_gatt_init) for nrf_ble_gatt_init
    main.o(i.main) refers to memseta.o(.text) for __aeabi_memclr4
    main.o(i.main) refers to ble_advertising.o(i.ble_advertising_init) for ble_advertising_init
    main.o(i.main) refers to ble_advertising.o(i.ble_advertising_conn_cfg_tag_set) for ble_advertising_conn_cfg_tag_set
[...]
    0x00026648   0x00026648   0x0000000e   Code   RO            4    i.Nordic_period_timeout_handle  main.o
    0x00026656   0x00026656   0x00000002   PAD
    0x00026658   0x00026658   0x00000058   Code   RO         3499    i.POWER_CLOCK_IRQHandler  nrfx_clock.o
    0x000266b0   0x000266b0   0x00000010   Code   RO         4835    i.RTC1_IRQHandler   drv_rtc.o
    0x000266c0   0x000266c0   0x00000010   Code   RO         7503    i.SPIM0_SPIS0_TWIM0_TWIS0_SPI0_TWI0_IRQHandler  nrfx_twi.o
    0x000266d0   0x000266d0   0x00000004   Code   RO         7096    i.SWI2_EGU2_IRQHandler  nrf_sdh.o
    0x000266d4   0x000266d4   0x00000398   Code   RO         7779    i.SystemInit        system_nrf52.o
    0x00026a6c   0x00026a6c   0x0000000c   Code   RO         3943    i.UARTE0_UART0_IRQHandler  nrfx_prs.o
    0x00026a78   0x00026a78   0x0000000e   Code   RO         7902    i.__scatterload_copy  mc_w.l(handlers.o)
    0x00026a86   0x00026a86   0x00000002   Code   RO         7903    i.__scatterload_null  mc_w.l(handlers.o)
    0x00026a88   0x00026a88   0x0000000e   Code   RO         7904    i.__scatterload_zeroinit  mc_w.l(handlers.o)
    0x00026a96   0x00026a96   0x00000002   PAD
    0x00026a98   0x00026a98   0x00000024   Code   RO         7097    i.__sd_nvic_app_accessible_irq  nrf_sdh.o
    0x00026abc   0x00026abc   0x0000013c   Code   RO         2688    i._conn_secure      peer_manager_handler.o
    0x00026bf8   0x00026bf8   0x00000026   Code   RO         1694    i.addr_compare      id_manager.o
    0x00026c1e   0x00026c1e   0x0000000c   Code   RO         5759    i.addr_is_aligned32  nrf_fstorage.o
    0x00026c2a   0x00026c2a   0x00000018   Code   RO         5760    i.addr_is_within_bounds  nrf_fstorage.o
    0x00026c42   0x00026c42   0x00000010   Code   RO          997    i.adv_set_data_size_max_get  ble_advertising.o
    0x00026c52   0x00026c52   0x00000036   Code   RO          724    i.advertising_buttons_configure  bsp_btn_ble.o
    0x00026c88   0x00026c88   0x00000050   Code   RO            5    i.advertising_start  main.o
    0x00026cd8   0x00026cd8   0x00000052   Code   RO         1695    i.ah                id_manager.o
    0x00026d2a   0x00026d2a   0x0000001e   Code   RO         7307    i.ak_09916MagCheck  icm_twi_driver.o
    0x00026d48   0x00026d48   0x00000006   Code   RO          591    i.alert_timer_handler  bsp.o
    0x00026d4e   0x00026d4e   0x00000002   PAD
    0x00026d50   0x00026d50   0x0000000c   Code   RO         2832    i.allow_repairing   security_dispatcher.o
    0x00026d5c   0x00026d5c   0x00000024   Code   RO         4346    i.app_button_enable  app_button.o
    0x00026d80   0x00026d80   0x00000080   Code   RO         4347    i.app_button_init   app_button.o
    0x00026e00   0x00026e00   0x00000084   Code   RO         4504    i.app_error_fault_handler  app_error_weak.o
    0x00026e84   0x00026e84   0x00000016   Code   RO         4444    i.app_error_handler_bare  app_error.o
    0x00026e9a   0x00026e9a   0x00000002   PAD
    0x00026e9c   0x00026e9c   0x0000000c   Code   RO         4599    i.app_timer_cnt_get  app_timer2.o
    0x00026ea8   0x00026ea8   0x00000016   Code   RO         4600    i.app_timer_create  app_timer2.o
    0x00026ebe   0x00026ebe   0x00000002   PAD
    0x00026ec0   0x00026ec0   0x0000005c   Code   RO         4601    i.app_timer_init    app_timer2.o
    0x00026f1c   0x00026f1c   0x00000030   Code   RO         4604    i.app_timer_start   app_timer2.o
    0x00026f4c   0x00026f4c   0x0000000c   Code   RO         4605    i.app_timer_stop    app_timer2.o
    0x00026f58   0x00026f58   0x00000048   Code   RO         4740    i.app_util_critical_region_enter  app_util_platform.o
    0x00026fa0   0x00026fa0   0x00000034   Code   RO         4741    i.app_util_critical_region_exit  app_util_platform.o
    0x00026fd4   0x00026fd4   0x00000088   Code   RO         3997    i.apply_config      nrfx_uart.o
    0x0002705c   0x0002705c   0x00000088   Code   RO         4185    i.apply_config      nrfx_uarte.o
    0x000270e4   0x000270e4   0x00000004   Code   RO         1417    i.apply_pending_handle  gatt_cache_manager.o
    0x000270e8   0x000270e8   0x00000180   Code   RO         2833    i.auth_status_success_process  security_dispatcher.o
    0x00027268   0x00027268   0x00000182   Code   RO          888    i.ble_advdata_encode  ble_advdata.o
    0x000273ea   0x000273ea   0x00000020   Code   RO          890    i.ble_advdata_parse  ble_advdata.o
    0x0002740a   0x0002740a   0x00000046   Code   RO          891    i.ble_advdata_search  ble_advdata.o
    0x00027450   0x00027450   0x00000006   Code   RO          999    i.ble_advertising_conn_cfg_tag_set  ble_advertising.o
    0x00027456   0x00027456   0x000000f8   Code   RO         1000    i.ble_advertising_init  ble_advertising.o
    0x0002754e   0x0002754e   0x0000006a   Code   RO         1002    i.ble_advertising_on_ble_evt  ble_advertising.o
    0x000275b8   0x000275b8   0x0000003a   Code   RO         1004    i.ble_advertising_restart_without_whitelist  ble_advertising.o
    0x000275f2   0x000275f2   0x00000230   Code   RO         1005    i.ble_advertising_start  ble_advertising.o
    0x00027822   0x00027822   0x00000002   PAD
    0x00027824   0x00027824   0x00000068   Code   RO         1103    i.ble_conn_params_init  ble_conn_params.o
    0x0002788c   0x0002788c   0x00000020   Code   RO         1188    i.ble_conn_state_encrypted  ble_conn_state.o
    0x000278ac   0x000278ac   0x0000002c   Code   RO         1190    i.ble_conn_state_for_each_set_user_flag  ble_conn_state.o
    0x000278d8   0x000278d8   0x00000020   Code   RO         1192    i.ble_conn_state_lesc  ble_conn_state.o
    0x000278f8   0x000278f8   0x00000020   Code   RO         1193    i.ble_conn_state_mitm_protected  ble_conn_state.o
    0x00027918   0x00027918   0x00000024   Code   RO         1196    i.ble_conn_state_role  ble_conn_state.o
    0x0002793c   0x0002793c   0x00000024   Code   RO         1197    i.ble_conn_state_status  ble_conn_state.o
    0x00027960   0x00027960   0x00000018   Code   RO         1198    i.ble_conn_state_user_flag_acquire  ble_conn_state.o
    0x00027978   0x00027978   0x00000030   Code   RO         1199    i.ble_conn_state_user_flag_get  ble_conn_state.o
    0x000279a8   0x000279a8   0x00000038   Code   RO         1200    i.ble_conn_state_user_flag_set  ble_conn_state.o
    0x000279e0   0x000279e0   0x00000014   Code   RO         1201    i.ble_conn_state_valid  ble_conn_state.o
    0x000279f4   0x000279f4   0x00000060   Code   RO          894    i.ble_device_addr_encode  ble_advdata.o
    0x00027a54   0x00027a54   0x00000118   Code   RO            7    i.ble_evt_handler   main.o
    0x00027b6c   0x00027b6c   0x00000070   Code   RO          725    i.ble_evt_handler   bsp_btn_ble.o
    0x00027bdc   0x00027bdc   0x000000fc   Code   RO         1105    i.ble_evt_handler   ble_conn_params.o
    0x00027cd8   0x00027cd8   0x00000118   Code   RO         1202    i.ble_evt_handler   ble_conn_state.o
    0x00027df0   0x00027df0   0x00000028   Code   RO         2379    i.ble_evt_handler   peer_manager.o
    0x00027e18   0x00027e18   0x00000008   Code   RO         1357    i.ble_srv_is_notification_enabled  ble_srv_common.o
    0x00027e20   0x00027e20   0x0000000c   Code   RO          446    i.bsp_board_button_idx_to_pin  boards.o
    0x00027e2c   0x00027e2c   0x00000020   Code   RO          447    i.bsp_board_button_state_get  boards.o
    0x00027e4c   0x00027e4c   0x00000054   Code   RO          448    i.bsp_board_init    boards.o
    0x00027ea0   0x00027ea0   0x00000024   Code   RO          450    i.bsp_board_led_invert  boards.o
    0x00027ec4   0x00027ec4   0x00000010   Code   RO          451    i.bsp_board_led_off  boards.o
    0x00027ed4   0x00027ed4   0x00000010   Code   RO          452    i.bsp_board_led_on  boards.o
    0x00027ee4   0x00027ee4   0x00000020   Code   RO          453    i.bsp_board_led_state_get  boards.o
    0x00027f04   0x00027f04   0x00000012   Code   RO          454    i.bsp_board_leds_off  boards.o
    0x00027f16   0x00027f16   0x00000012   Code   RO          455    i.bsp_board_leds_on  boards.o
    0x00027f28   0x00027f28   0x00000024   Code   RO          456    i.bsp_board_pin_to_button_idx  boards.o
    0x00027f4c   0x00027f4c   0x00000038   Code   RO          726    i.bsp_btn_ble_init  bsp_btn_ble.o
    0x00027f84   0x00027f84   0x0000001e   Code   RO          727    i.bsp_btn_ble_sleep_mode_prepare  bsp_btn_ble.o
    0x00027fa2   0x00027fa2   0x00000002   PAD
    0x00027fa4   0x00027fa4   0x00000090   Code   RO          592    i.bsp_button_event_handler  bsp.o
    0x00028034   0x00028034   0x0000000c   Code   RO          593    i.bsp_button_is_pressed  bsp.o
    0x00028040   0x00028040   0x0000004c   Code   RO            8    i.bsp_event_handler  main.o
    0x0002808c   0x0002808c   0x00000044   Code   RO          596    i.bsp_event_to_button_action_assign  bsp.o
    0x000280d0   0x000280d0   0x00000018   Code   RO          597    i.bsp_indication_set  bsp.o
    0x000280e8   0x000280e8   0x00000094   Code   RO          598    i.bsp_init          bsp.o
    0x0002817c   0x0002817c   0x000001c8   Code   RO          599    i.bsp_led_indication  bsp.o
    0x00028344   0x00028344   0x00000006   Code   RO          601    i.bsp_wakeup_button_enable  bsp.o
    0x0002834a   0x0002834a   0x00000002   PAD
    0x0002834c   0x0002834c   0x00000094   Code   RO         6495    i.buf_prealloc      nrf_log_frontend.o
    0x000283e0   0x000283e0   0x0000002e   Code   RO         5719    i.buffer_add        nrf_fprintf_format.o
    0x0002840e   0x0002840e   0x00000002   PAD
    0x00028410   0x00028410   0x00000018   Code   RO         6496    i.buffer_is_empty   nrf_log_frontend.o
    0x00028428   0x00028428   0x00000028   Code   RO         4349    i.button_get        app_button.o
    0x00028450   0x00028450   0x00000008   Code   RO          602    i.button_timer_handler  bsp.o
    0x00028458   0x00028458   0x00000028   Code   RO         1418    i.car_update_needed  gatt_cache_manager.o
    0x00028480   0x00028480   0x00000040   Code   RO         1419    i.car_update_pending_handle  gatt_cache_manager.o
    0x000284c0   0x000284c0   0x0000001c   Code   RO         3639    i.channel_free      nrfx_gpiote.o
    0x000284dc   0x000284dc   0x00000048   Code   RO         3640    i.channel_port_alloc  nrfx_gpiote.o
    0x00028524   0x00028524   0x00000010   Code   RO         3641    i.channel_port_get  nrfx_gpiote.o
    0x00028534   0x00028534   0x0000003e   Code   RO         2289    i.claim             peer_id.o
    0x00028572   0x00028572   0x00000002   PAD
    0x00028574   0x00028574   0x00000028   Code   RO         3148    i.clock_clk_started_notify  nrf_drv_clock.o
    0x0002859c   0x0002859c   0x0000001c   Code   RO         3149    i.clock_irq_handler  nrf_drv_clock.o
    0x000285b8   0x000285b8   0x00000018   Code   RO         4607    i.compare_func      app_timer2.o
    0x000285d0   0x000285d0   0x0000003e   Code   RO         1203    i.conn_handle_list_get  ble_conn_state.o
    0x0002860e   0x0002860e   0x00000088   Code   RO          895    i.conn_int_encode   ble_advdata.o
    0x00028696   0x00028696   0x00000004   Code   RO            9    i.conn_params_error_handler  main.o
    0x0002869a   0x0002869a   0x00000002   PAD
    0x0002869c   0x0002869c   0x00000048   Code   RO         1106    i.conn_params_negotiation  ble_conn_params.o
    0x000286e4   0x000286e4   0x00000044   Code   RO         2834    i.conn_sec_failure  security_dispatcher.o
    0x00028728   0x00028728   0x00000004   Code   RO         2689    i.conn_secure       peer_manager_handler.o
    0x0002872c   0x0002872c   0x00000100   Code   RO         1866    i.data_length_update  nrf_ble_gatt.o
    0x0002882c   0x0002882c   0x00000030   Code   RO         1420    i.db_update_pending_handle  gatt_cache_manager.o
    0x0002885c   0x0002885c   0x0000008c   Code   RO         5004    i.delete_execute    fds.o
    0x000288e8   0x000288e8   0x00000048   Code   RO         4350    i.detection_delay_timeout_handler  app_button.o
    0x00028930   0x00028930   0x00000014   Code   RO         6497    i.dropped_sat16_get  nrf_log_frontend.o
    0x00028944   0x00028944   0x00000014   Code   RO         4836    i.drv_rtc_compare_disable  drv_rtc.o
    0x00028958   0x00028958   0x0000000e   Code   RO         4839    i.drv_rtc_compare_pending  drv_rtc.o
    0x00028966   0x00028966   0x00000050   Code   RO         4840    i.drv_rtc_compare_set  drv_rtc.o
    0x000289b6   0x000289b6   0x00000008   Code   RO         4841    i.drv_rtc_counter_get  drv_rtc.o
    0x000289be   0x000289be   0x00000002   PAD
    0x000289c0   0x000289c0   0x000000d8   Code   RO         4842    i.drv_rtc_init      drv_rtc.o
    0x00028a98   0x00028a98   0x0000001e   Code   RO         4843    i.drv_rtc_irq_trigger  drv_rtc.o
    0x00028ab6   0x00028ab6   0x00000008   Code   RO         4845    i.drv_rtc_overflow_enable  drv_rtc.o
    0x00028abe   0x00028abe   0x00000008   Code   RO         4846    i.drv_rtc_overflow_pending  drv_rtc.o
    0x00028ac6   0x00028ac6   0x00000008   Code   RO         4847    i.drv_rtc_start     drv_rtc.o
    0x00028ace   0x00028ace   0x00000008   Code   RO         4848    i.drv_rtc_stop      drv_rtc.o
    0x00028ad6   0x00028ad6   0x000000de   Code   RO         4853    i.drv_rtc_windowed_compare_set  drv_rtc.o
    0x00028bb4   0x00028bb4   0x0000000a   Code   RO         2835    i.encryption_failure  security_dispatcher.o
    0x00028bbe   0x00028bbe   0x00000002   PAD
    0x00028bc0   0x00028bc0   0x0000004c   Code   RO         5846    i.erase             nrf_fstorage_sd.o
    0x00028c0c   0x00028c0c   0x00000074   Code   RO         5005    i.event_prepare     fds.o
    0x00028c80   0x00028c80   0x00000020   Code   RO         5006    i.event_send        fds.o
    0x00028ca0   0x00028ca0   0x00000054   Code   RO         5847    i.event_send        nrf_fstorage_sd.o
    0x00028cf4   0x00028cf4   0x00000098   Code   RO         2973    i.events_send_from_err_code  security_manager.o
    0x00028d8c   0x00028d8c   0x00000012   Code   RO         4854    i.evt_enable        drv_rtc.o
    0x00028d9e   0x00028d9e   0x00000002   PAD
    0x00028da0   0x00028da0   0x000000e0   Code   RO         4351    i.evt_handle        app_button.o
    0x00028e80   0x00028e80   0x00000014   Code   RO         4855    i.evt_pending       drv_rtc.o
    0x00028e94   0x00028e94   0x0000001c   Code   RO         1421    i.evt_send          gatt_cache_manager.o
    0x00028eb0   0x00028eb0   0x0000001c   Code   RO         1599    i.evt_send          gatts_cache_manager.o
    0x00028ecc   0x00028ecc   0x0000002c   Code   RO         2380    i.evt_send          peer_manager.o
    0x00028ef8   0x00028ef8   0x0000001c   Code   RO         2836    i.evt_send          security_dispatcher.o
    0x00028f14   0x00028f14   0x0000000c   Code   RO         2974    i.evt_send          security_manager.o
    0x00028f20   0x00028f20   0x000000e0   Code   RO         2027    i.fds_evt_handler   peer_data_storage.o
    0x00029000   0x00029000   0x00000048   Code   RO         5008    i.fds_file_delete   fds.o
    0x00029048   0x00029048   0x00000040   Code   RO         5009    i.fds_gc            fds.o
    0x00029088   0x00029088   0x000000e4   Code   RO         5010    i.fds_init          fds.o
    0x0002916c   0x0002916c   0x00000048   Code   RO         5011    i.fds_record_close  fds.o
    0x000291b4   0x000291b4   0x0000000e   Code   RO         5013    i.fds_record_find   fds.o
    0x000291c2   0x000291c2   0x00000010   Code   RO         5014    i.fds_record_find_by_key  fds.o
    0x000291d2   0x000291d2   0x00000010   Code   RO         5015    i.fds_record_find_in_file  fds.o
    0x000291e2   0x000291e2   0x00000012   Code   RO         5016    i.fds_record_id_from_desc  fds.o
    0x000291f4   0x000291f4   0x0000004c   Code   RO         5018    i.fds_record_open   fds.o
    0x00029240   0x00029240   0x00000010   Code   RO         5019    i.fds_record_update  fds.o
    0x00029250   0x00029250   0x00000008   Code   RO         5020    i.fds_record_write  fds.o
    0x00029258   0x00029258   0x00000030   Code   RO         5022    i.fds_register      fds.o
    0x00029288   0x00029288   0x000000a0   Code   RO         5025    i.fds_stat          fds.o
    0x00029328   0x00029328   0x00000014   Code   RO         2028    i.file_id_within_pm_range  peer_data_storage.o
    0x0002933c   0x0002933c   0x00000012   Code   RO         2837    i.flag_id_init      security_dispatcher.o
    0x0002934e   0x0002934e   0x00000012   Code   RO         2975    i.flag_id_init      security_manager.o
    0x00029360   0x00029360   0x0000000a   Code   RO         1204    i.flag_toggle       ble_conn_state.o
    0x0002936a   0x0002936a   0x00000028   Code   RO         1007    i.flags_set         ble_advertising.o
    0x00029392   0x00029392   0x00000002   PAD
    0x00029394   0x00029394   0x00000030   Code   RO         2976    i.flags_set_from_err_code  security_manager.o
    0x000293c4   0x000293c4   0x00000030   Code   RO         1205    i.for_each_set_flag  ble_conn_state.o
    0x000293f4   0x000293f4   0x00000006   Code   RO         5026    i.fs_event_handler  fds.o
    0x000293fa   0x000293fa   0x00000002   PAD
    0x000293fc   0x000293fc   0x00000080   Code   RO         5027    i.gc_execute        fds.o
    0x0002947c   0x0002947c   0x0000004c   Code   RO         5028    i.gc_next_page      fds.o
    0x000294c8   0x000294c8   0x00000040   Code   RO         5029    i.gc_page_erase     fds.o
    0x00029508   0x00029508   0x00000034   Code   RO         5030    i.gc_record_copy    fds.o
    0x0002953c   0x0002953c   0x00000024   Code   RO         5031    i.gc_record_find_next  fds.o
    0x00029560   0x00029560   0x00000070   Code   RO         5032    i.gc_state_advance  fds.o
    0x000295d0   0x000295d0   0x00000030   Code   RO         5033    i.gc_swap_pages     fds.o
    0x00029600   0x00029600   0x00000230   Code   RO         1422    i.gcm_ble_evt_handler  gatt_cache_manager.o
    0x00029830   0x00029830   0x0000003c   Code   RO         1423    i.gcm_im_evt_handler  gatt_cache_manager.o
    0x0002986c   0x0002986c   0x00000094   Code   RO         1424    i.gcm_init          gatt_cache_manager.o
    0x00029900   0x00029900   0x00000088   Code   RO         1427    i.gcm_pdb_evt_handler  gatt_cache_manager.o
    0x00029988   0x00029988   0x00000034   Code   RO         4608    i.get_now           app_timer2.o
    0x000299bc   0x000299bc   0x0000003c   Code   RO         4352    i.gpiote_event_handler  app_button.o
    0x000299f8   0x000299f8   0x0000001c   Code   RO         1600    i.gscm_db_change_notification_done  gatts_cache_manager.o
    0x00029a14   0x00029a14   0x00000014   Code   RO         1601    i.gscm_init         gatts_cache_manager.o
    0x00029a28   0x00029a28   0x00000090   Code   RO         1603    i.gscm_local_db_cache_apply  gatts_cache_manager.o
    0x00029ab8   0x00029ab8   0x000000ac   Code   RO         1604    i.gscm_local_db_cache_update  gatts_cache_manager.o
    0x00029b64   0x00029b64   0x00000018   Code   RO         1605    i.gscm_pdb_evt_handler  gatts_cache_manager.o
    0x00029b7c   0x00029b7c   0x0000001e   Code   RO         1606    i.gscm_service_changed_ind_needed  gatts_cache_manager.o
    0x00029b9a   0x00029b9a   0x00000002   PAD
    0x00029b9c   0x00029b9c   0x0000005c   Code   RO         1607    i.gscm_service_changed_ind_send  gatts_cache_manager.o
    0x00029bf8   0x00029bf8   0x0000002c   Code   RO         5034    i.header_check      fds.o
    0x00029c24   0x00029c24   0x00000012   Code   RO         5035    i.header_has_next   fds.o
    0x00029c36   0x00029c36   0x00000092   Code   RO         7309    i.icm20948ReadSecondary  icm_twi_driver.o
    0x00029cc8   0x00029cc8   0x00000050   Code   RO         7310    i.icm_20948AccelRead  icm_twi_driver.o
    0x00029d18   0x00029d18   0x00000050   Code   RO         7311    i.icm_20948GyroRead  icm_twi_driver.o
    0x00029d68   0x00029d68   0x0000007c   Code   RO         7312    i.icm_20948WriteSecondary  icm_twi_driver.o
    0x00029de4   0x00029de4   0x00000014   Code   RO         7313    i.icm_20948_Check   icm_twi_driver.o
    0x00029df8   0x00029df8   0x0000002c   Code   RO         7314    i.icm_20948_ReadOne_Byte  icm_twi_driver.o
    0x00029e24   0x00029e24   0x00000020   Code   RO         7315    i.icm_20948_Write_Byte  icm_twi_driver.o
    0x00029e44   0x00029e44   0x00000090   Code   RO         7316    i.icm_20948_init    icm_twi_driver.o
    0x00029ed4   0x00029ed4   0x00000046   Code   RO         1696    i.im_address_resolve  id_manager.o
    0x00029f1a   0x00029f1a   0x00000002   PAD
    0x00029f1c   0x00029f1c   0x00000038   Code   RO         1697    i.im_ble_addr_get   id_manager.o
    0x00029f54   0x00029f54   0x000000dc   Code   RO         1698    i.im_ble_evt_handler  id_manager.o
    0x0002a030   0x0002a030   0x00000040   Code   RO         1699    i.im_conn_handle_get  id_manager.o
    0x0002a070   0x0002a070   0x00000038   Code   RO         1701    i.im_find_duplicate_bonding_data  id_manager.o
    0x0002a0a8   0x0002a0a8   0x00000072   Code   RO         1704    i.im_is_duplicate_bonding_data  id_manager.o
    0x0002a11a   0x0002a11a   0x00000018   Code   RO         1705    i.im_master_id_is_valid  id_manager.o
    0x0002a132   0x0002a132   0x0000002a   Code   RO         1706    i.im_master_ids_compare  id_manager.o
    0x0002a15c   0x0002a15c   0x00000014   Code   RO         1707    i.im_new_peer_id    id_manager.o
    0x0002a170   0x0002a170   0x0000002c   Code   RO         1708    i.im_peer_free      id_manager.o
    0x0002a19c   0x0002a19c   0x00000024   Code   RO         1709    i.im_peer_id_get_by_conn_handle  id_manager.o
    0x0002a1c0   0x0002a1c0   0x0000003c   Code   RO         1710    i.im_peer_id_get_by_master_id  id_manager.o
    0x0002a1fc   0x0002a1fc   0x00000034   Code   RO         5848    i.init              nrf_fstorage_sd.o
    0x0002a230   0x0002a230   0x000000c8   Code   RO         5036    i.init_execute      fds.o
    0x0002a2f8   0x0002a2f8   0x00000014   Code   RO         1107    i.instance_get      ble_conn_params.o
    0x0002a30c   0x0002a30c   0x000000a6   Code   RO         5720    i.int_print         nrf_fprintf_format.o
    0x0002a3b2   0x0002a3b2   0x00000002   PAD
    0x0002a3b4   0x0002a3b4   0x00000088   Code   RO         4186    i.interrupts_enable  nrfx_uarte.o
    0x0002a43c   0x0002a43c   0x00000034   Code   RO         6498    i.invalid_packets_omit  nrf_log_frontend.o
    0x0002a470   0x0002a470   0x00000010   Code   RO         5849    i.is_busy           nrf_fstorage_sd.o
    0x0002a480   0x0002a480   0x00000044   Code   RO         1108    i.is_conn_params_ok  ble_conn_params.o
    0x0002a4c4   0x0002a4c4   0x00000014   Code   RO         1715    i.is_valid_irk      id_manager.o
    0x0002a4d8   0x0002a4d8   0x0000000c   Code   RO         5037    i.is_word_aligned   fds.o
    0x0002a4e4   0x0002a4e4   0x00000030   Code   RO          603    i.leds_off          bsp.o
    0x0002a514   0x0002a514   0x00000014   Code   RO          604    i.leds_timer_handler  bsp.o
    0x0002a528   0x0002a528   0x00000014   Code   RO         1867    i.link_init         nrf_ble_gatt.o
    0x0002a53c   0x0002a53c   0x000000d0   Code   RO         2977    i.link_secure       security_manager.o
    0x0002a60c   0x0002a60c   0x0000003c   Code   RO         2838    i.link_secure_failure  security_dispatcher.o
    0x0002a648   0x0002a648   0x0000002c   Code   RO         2978    i.link_secure_pending_handle  security_manager.o
    0x0002a674   0x0002a674   0x000000a8   Code   RO         1428    i.local_db_apply_in_evt  gatt_cache_manager.o
    0x0002a71c   0x0002a71c   0x00000010   Code   RO         1429    i.local_db_update   gatt_cache_manager.o
    0x0002a72c   0x0002a72c   0x0000010c   Code   RO         1430    i.local_db_update_in_evt  gatt_cache_manager.o
    0x0002a838   0x0002a838   0x000000a4   Code   RO         6499    i.log_skip          nrf_log_frontend.o
    0x0002a8dc   0x0002a8dc   0x00000228   Code   RO           12    i.main              main.o
    0x0002ab04   0x0002ab04   0x00000064   Code   RO          896    i.manuf_specific_data_encode  ble_advdata.o
    0x0002ab68   0x0002ab68   0x0000007e   Code   RO         5958    i.memobj_op         nrf_memobj.o
    0x0002abe6   0x0002abe6   0x00000002   PAD
    0x0002abe8   0x0002abe8   0x00000030   Code   RO         6500    i.module_idx_get    nrf_log_frontend.o
    0x0002ac18   0x0002ac18   0x00000008   Code   RO         2785    i.mutex_lock_status_get  pm_buffer.o
    0x0002ac20   0x0002ac20   0x000000a6   Code   RO          897    i.name_encode       ble_advdata.o
    0x0002acc6   0x0002acc6   0x00000002   PAD
    0x0002acc8   0x0002acc8   0x00000014   Code   RO         2979    i.new_context_get   security_manager.o
    0x0002acdc   0x0002acdc   0x00000032   Code   RO         2980    i.new_evt           security_manager.o
    0x0002ad0e   0x0002ad0e   0x00000030   Code   RO         2290    i.next_id_get       peer_id.o
    0x0002ad3e   0x0002ad3e   0x00000010   Code   RO         5373    i.nrf_atfifo_clear  nrf_atfifo.o
    0x0002ad4e   0x0002ad4e   0x00000026   Code   RO         5375    i.nrf_atfifo_init   nrf_atfifo.o
    0x0002ad74   0x0002ad74   0x00000016   Code   RO         5376    i.nrf_atfifo_item_alloc  nrf_atfifo.o
    0x0002ad8a   0x0002ad8a   0x00000016   Code   RO         5377    i.nrf_atfifo_item_free  nrf_atfifo.o
    0x0002ada0   0x0002ada0   0x00000016   Code   RO         5378    i.nrf_atfifo_item_get  nrf_atfifo.o
    0x0002adb6   0x0002adb6   0x00000016   Code   RO         5379    i.nrf_atfifo_item_put  nrf_atfifo.o
    0x0002adcc   0x0002adcc   0x00000016   Code   RO         5441    i.nrf_atflags_clear  nrf_atflags.o
    0x0002ade2   0x0002ade2   0x00000020   Code   RO         5443    i.nrf_atflags_fetch_set  nrf_atflags.o
    0x0002ae02   0x0002ae02   0x0000004a   Code   RO         5445    i.nrf_atflags_find_and_set_flag  nrf_atflags.o
    0x0002ae4c   0x0002ae4c   0x00000016   Code   RO         5446    i.nrf_atflags_get   nrf_atflags.o
    0x0002ae62   0x0002ae62   0x00000014   Code   RO         5448    i.nrf_atflags_set   nrf_atflags.o
    0x0002ae76   0x0002ae76   0x00000006   Code   RO         5509    i.nrf_atomic_flag_clear_fetch  nrf_atomic.o
    0x0002ae7c   0x0002ae7c   0x00000006   Code   RO         5510    i.nrf_atomic_flag_set  nrf_atomic.o
    0x0002ae82   0x0002ae82   0x00000006   Code   RO         5511    i.nrf_atomic_flag_set_fetch  nrf_atomic.o
    0x0002ae88   0x0002ae88   0x0000000c   Code   RO         5512    i.nrf_atomic_u32_add  nrf_atomic.o
    0x0002ae94   0x0002ae94   0x0000000c   Code   RO         5513    i.nrf_atomic_u32_and  nrf_atomic.o
    0x0002aea0   0x0002aea0   0x0000000a   Code   RO         5515    i.nrf_atomic_u32_fetch_add  nrf_atomic.o
    0x0002aeaa   0x0002aeaa   0x0000000a   Code   RO         5516    i.nrf_atomic_u32_fetch_and  nrf_atomic.o
    0x0002aeb4   0x0002aeb4   0x0000000a   Code   RO         5517    i.nrf_atomic_u32_fetch_or  nrf_atomic.o
    0x0002aebe   0x0002aebe   0x0000000a   Code   RO         5518    i.nrf_atomic_u32_fetch_store  nrf_atomic.o
    0x0002aec8   0x0002aec8   0x0000000c   Code   RO         5522    i.nrf_atomic_u32_or  nrf_atomic.o
    0x0002aed4   0x0002aed4   0x0000000c   Code   RO         5524    i.nrf_atomic_u32_sub  nrf_atomic.o
    0x0002aee0   0x0002aee0   0x00000044   Code   RO         5643    i.nrf_balloc_alloc  nrf_balloc.o
    0x0002af24   0x0002af24   0x00000030   Code   RO         5644    i.nrf_balloc_free   nrf_balloc.o
    0x0002af54   0x0002af54   0x00000030   Code   RO         5645    i.nrf_balloc_init   nrf_balloc.o
    0x0002af84   0x0002af84   0x00000010   Code   RO         3642    i.nrf_bitmask_bit_is_set  nrfx_gpiote.o
    0x0002af94   0x0002af94   0x00000022   Code   RO         1873    i.nrf_ble_gatt_init  nrf_ble_gatt.o
    0x0002afb6   0x0002afb6   0x00000002   PAD
    0x0002afb8   0x0002afb8   0x000000ec   Code   RO         1874    i.nrf_ble_gatt_on_ble_evt  nrf_ble_gatt.o
    0x0002b0a4   0x0002b0a4   0x00000016   Code   RO         1983    i.nrf_ble_qwr_conn_handle_assign  nrf_ble_qwr.o
    0x0002b0ba   0x0002b0ba   0x00000024   Code   RO         1984    i.nrf_ble_qwr_init  nrf_ble_qwr.o
    0x0002b0de   0x0002b0de   0x000000b6   Code   RO         1985    i.nrf_ble_qwr_on_ble_evt  nrf_ble_qwr.o
    0x0002b194   0x0002b194   0x0000000e   Code   RO         3500    i.nrf_clock_event_check  nrfx_clock.o
    0x0002b1a2   0x0002b1a2   0x00000010   Code   RO         3501    i.nrf_clock_event_clear  nrfx_clock.o
    0x0002b1b2   0x0002b1b2   0x00000002   PAD
    0x0002b1b4   0x0002b1b4   0x00000020   Code   RO         7319    i.nrf_delay_ms      icm_twi_driver.o
    0x0002b1d4   0x0002b1d4   0x00000040   Code   RO         3156    i.nrf_drv_clock_init  nrf_drv_clock.o
    0x0002b214   0x0002b214   0x00000034   Code   RO         3160    i.nrf_drv_clock_lfclk_release  nrf_drv_clock.o
    0x0002b248   0x0002b248   0x00000040   Code   RO         7450    i.nrf_drv_twi_init  nrf_drv_twi.o
    0x0002b288   0x0002b288   0x00000006   Code   RO         7320    i.nrf_drv_twi_rx    icm_twi_driver.o
    0x0002b28e   0x0002b28e   0x0000000e   Code   RO         7321    i.nrf_drv_twi_tx    icm_twi_driver.o
    0x0002b29c   0x0002b29c   0x00000068   Code   RO         3308    i.nrf_drv_uart_init  nrf_drv_uart.o
    0x0002b304   0x0002b304   0x0000001a   Code   RO         5680    i.nrf_fprintf       nrf_fprintf.o
    0x0002b31e   0x0002b31e   0x00000018   Code   RO         5681    i.nrf_fprintf_buffer_flush  nrf_fprintf.o
    0x0002b336   0x0002b336   0x000001da   Code   RO         5721    i.nrf_fprintf_fmt   nrf_fprintf_format.o
    0x0002b510   0x0002b510   0x00000138   Code   RO         5761    i.nrf_fstorage_erase  nrf_fstorage.o
    0x0002b648   0x0002b648   0x00000094   Code   RO         5762    i.nrf_fstorage_init  nrf_fstorage.o
    0x0002b6dc   0x0002b6dc   0x00000018   Code   RO         5850    i.nrf_fstorage_sdh_req_handler  nrf_fstorage_sd.o
    0x0002b6f4   0x0002b6f4   0x00000020   Code   RO         5851    i.nrf_fstorage_sdh_state_handler  nrf_fstorage_sd.o
    0x0002b714   0x0002b714   0x000000a4   Code   RO         5852    i.nrf_fstorage_sys_evt_handler  nrf_fstorage_sd.o
    0x0002b7b8   0x0002b7b8   0x000001dc   Code   RO         5768    i.nrf_fstorage_write  nrf_fstorage.o
    0x0002b994   0x0002b994   0x00000024   Code   RO          458    i.nrf_gpio_cfg      boards.o
    0x0002b9b8   0x0002b9b8   0x00000024   Code   RO         3643    i.nrf_gpio_cfg      nrfx_gpiote.o
    0x0002b9dc   0x0002b9dc   0x00000024   Code   RO         3998    i.nrf_gpio_cfg      nrfx_uart.o
    0x0002ba00   0x0002ba00   0x00000024   Code   RO         4187    i.nrf_gpio_cfg      nrfx_uarte.o
    0x0002ba24   0x0002ba24   0x00000024   Code   RO         7504    i.nrf_gpio_cfg      nrfx_twi.o
    0x0002ba48   0x0002ba48   0x00000012   Code   RO         3999    i.nrf_gpio_cfg_default  nrfx_uart.o
    0x0002ba5a   0x0002ba5a   0x00000012   Code   RO         4188    i.nrf_gpio_cfg_default  nrfx_uarte.o
    0x0002ba6c   0x0002ba6c   0x00000012   Code   RO         4000    i.nrf_gpio_cfg_input  nrfx_uart.o
    0x0002ba7e   0x0002ba7e   0x00000012   Code   RO         4189    i.nrf_gpio_cfg_input  nrfx_uarte.o
    0x0002ba90   0x0002ba90   0x00000010   Code   RO           13    i.nrf_gpio_cfg_output  main.o
    0x0002baa0   0x0002baa0   0x00000014   Code   RO         4001    i.nrf_gpio_cfg_output  nrfx_uart.o
    0x0002bab4   0x0002bab4   0x00000014   Code   RO         4190    i.nrf_gpio_cfg_output  nrfx_uarte.o
    0x0002bac8   0x0002bac8   0x00000022   Code   RO         3645    i.nrf_gpio_cfg_sense_set  nrfx_gpiote.o
    0x0002baea   0x0002baea   0x00000002   PAD
    0x0002baec   0x0002baec   0x0000002c   Code   RO         3646    i.nrf_gpio_latches_read_and_clear  nrfx_gpiote.o
    0x0002bb18   0x0002bb18   0x0000001e   Code   RO         3647    i.nrf_gpio_pin_present_check  nrfx_gpiote.o
    0x0002bb36   0x0002bb36   0x0000000e   Code   RO         7451    i.nrf_gpio_pin_set  nrf_drv_twi.o
    0x0002bb44   0x0002bb44   0x00000016   Code   RO          459    i.nrf_gpio_pin_write  boards.o
    0x0002bb5a   0x0002bb5a   0x00000002   PAD
    0x0002bb5c   0x0002bb5c   0x00000014   Code   RO         3648    i.nrf_gpiote_event_clear  nrfx_gpiote.o
    0x0002bb70   0x0002bb70   0x00000010   Code   RO         3649    i.nrf_gpiote_event_is_set  nrfx_gpiote.o
    0x0002bb80   0x0002bb80   0x0000005c   Code   RO         6501    i.nrf_log_backend_add  nrf_log_frontend.o
    0x0002bbdc   0x0002bbdc   0x000000c8   Code   RO         6346    i.nrf_log_backend_serial_put  nrf_log_backend_serial.o
    0x0002bca4   0x0002bca4   0x00000002   Code   RO         6386    i.nrf_log_backend_uart_flush  nrf_log_backend_uart.o
    0x0002bca6   0x0002bca6   0x00000006   Code   RO         6387    i.nrf_log_backend_uart_init  nrf_log_backend_uart.o
    0x0002bcac   0x0002bcac   0x0000002c   Code   RO         6388    i.nrf_log_backend_uart_panic_set  nrf_log_backend_uart.o
    0x0002bcd8   0x0002bcd8   0x00000018   Code   RO         6389    i.nrf_log_backend_uart_put  nrf_log_backend_uart.o
    0x0002bcf0   0x0002bcf0   0x00000030   Code   RO         6503    i.nrf_log_color_id_get  nrf_log_frontend.o
    0x0002bd20   0x0002bd20   0x0000001c   Code   RO         6459    i.nrf_log_default_backends_init  nrf_log_default_backends.o
    0x0002bd3c   0x0002bd3c   0x00000238   Code   RO         6504    i.nrf_log_frontend_dequeue  nrf_log_frontend.o
    0x0002bf74   0x0002bf74   0x00000008   Code   RO         6506    i.nrf_log_frontend_std_0  nrf_log_frontend.o
    0x0002bf7c   0x0002bf7c   0x0000000e   Code   RO         6507    i.nrf_log_frontend_std_1  nrf_log_frontend.o
    0x0002bf8a   0x0002bf8a   0x00000010   Code   RO         6508    i.nrf_log_frontend_std_2  nrf_log_frontend.o
    0x0002bf9a   0x0002bf9a   0x00000012   Code   RO         6509    i.nrf_log_frontend_std_3  nrf_log_frontend.o
    0x0002bfac   0x0002bfac   0x00000014   Code   RO         6510    i.nrf_log_frontend_std_4  nrf_log_frontend.o
    0x0002bfc0   0x0002bfc0   0x000000b0   Code   RO         6682    i.nrf_log_hexdump_entry_process  nrf_log_str_formatter.o
    0x0002c070   0x0002c070   0x00000028   Code   RO         6513    i.nrf_log_init      nrf_log_frontend.o
    0x0002c098   0x0002c098   0x00000014   Code   RO         6514    i.nrf_log_module_cnt_get  nrf_log_frontend.o
    0x0002c0ac   0x0002c0ac   0x0000001c   Code   RO         6517    i.nrf_log_module_name_get  nrf_log_frontend.o
    0x0002c0c8   0x0002c0c8   0x00000028   Code   RO         6518    i.nrf_log_panic     nrf_log_frontend.o
    0x0002c0f0   0x0002c0f0   0x000000b6   Code   RO         6683    i.nrf_log_std_entry_process  nrf_log_str_formatter.o
    0x0002c1a6   0x0002c1a6   0x00000060   Code   RO         5959    i.nrf_memobj_alloc  nrf_memobj.o
    0x0002c206   0x0002c206   0x00000032   Code   RO         5960    i.nrf_memobj_free   nrf_memobj.o
    0x0002c238   0x0002c238   0x00000008   Code   RO         5961    i.nrf_memobj_get    nrf_memobj.o
    0x0002c240   0x0002c240   0x00000004   Code   RO         5962    i.nrf_memobj_pool_init  nrf_memobj.o
    0x0002c244   0x0002c244   0x0000001e   Code   RO         5963    i.nrf_memobj_put    nrf_memobj.o
    0x0002c262   0x0002c262   0x00000010   Code   RO         5964    i.nrf_memobj_read   nrf_memobj.o
    0x0002c272   0x0002c272   0x00000010   Code   RO         5965    i.nrf_memobj_write  nrf_memobj.o
    0x0002c282   0x0002c282   0x00000002   PAD
    0x0002c284   0x0002c284   0x00000028   Code   RO         6037    i.nrf_pwr_mgmt_init  nrf_pwr_mgmt.o
    0x0002c2ac   0x0002c2ac   0x00000044   Code   RO         6038    i.nrf_pwr_mgmt_run  nrf_pwr_mgmt.o
    0x0002c2f0   0x0002c2f0   0x00000004   Code   RO           14    i.nrf_qwr_error_handler  main.o
    0x0002c2f4   0x0002c2f4   0x0000001c   Code   RO         6114    i.nrf_ringbuf_init  nrf_ringbuf.o
    0x0002c310   0x0002c310   0x0000000c   Code   RO         4856    i.nrf_rtc_event_clear  drv_rtc.o
    0x0002c31c   0x0002c31c   0x00000014   Code   RO         7217    i.nrf_sdh_ble_app_ram_start_get  nrf_sdh_ble.o
    0x0002c330   0x0002c330   0x00000100   Code   RO         7218    i.nrf_sdh_ble_default_cfg_set  nrf_sdh_ble.o
    0x0002c430   0x0002c430   0x00000130   Code   RO         7219    i.nrf_sdh_ble_enable  nrf_sdh_ble.o
    0x0002c560   0x0002c560   0x0000005c   Code   RO         7220    i.nrf_sdh_ble_evts_poll  nrf_sdh_ble.o
    0x0002c5bc   0x0002c5bc   0x00000054   Code   RO         7098    i.nrf_sdh_disable_request  nrf_sdh.o
    0x0002c610   0x0002c610   0x00000074   Code   RO         7099    i.nrf_sdh_enable_request  nrf_sdh.o
    0x0002c684   0x0002c684   0x00000024   Code   RO         7100    i.nrf_sdh_evts_poll  nrf_sdh.o
    0x0002c6a8   0x0002c6a8   0x0000000c   Code   RO         7101    i.nrf_sdh_is_enabled  nrf_sdh.o
    0x0002c6b4   0x0002c6b4   0x0000001c   Code   RO         7103    i.nrf_sdh_request_continue  nrf_sdh.o
    0x0002c6d0   0x0002c6d0   0x0000003c   Code   RO         7271    i.nrf_sdh_soc_evts_poll  nrf_sdh_soc.o
    0x0002c70c   0x0002c70c   0x0000000a   Code   RO         6172    i.nrf_section_iter_init  nrf_section_iter.o
    0x0002c716   0x0002c716   0x00000024   Code   RO         6173    i.nrf_section_iter_item_set  nrf_section_iter.o
    0x0002c73a   0x0002c73a   0x00000020   Code   RO         6174    i.nrf_section_iter_next  nrf_section_iter.o
    0x0002c75a   0x0002c75a   0x00000022   Code   RO         6207    i.nrf_sortlist_add  nrf_sortlist.o
    0x0002c77c   0x0002c77c   0x00000006   Code   RO         6209    i.nrf_sortlist_peek  nrf_sortlist.o
    0x0002c782   0x0002c782   0x0000000e   Code   RO         6210    i.nrf_sortlist_pop  nrf_sortlist.o
    0x0002c790   0x0002c790   0x0000001e   Code   RO         6211    i.nrf_sortlist_remove  nrf_sortlist.o
    0x0002c7ae   0x0002c7ae   0x00000002   PAD
    0x0002c7b0   0x0002c7b0   0x00000038   Code   RO         6263    i.nrf_strerror_find  nrf_strerror.o
    0x0002c7e8   0x0002c7e8   0x00000014   Code   RO         6264    i.nrf_strerror_get  nrf_strerror.o
    0x0002c7fc   0x0002c7fc   0x0000000a   Code   RO         7506    i.nrf_twi_event_check  nrfx_twi.o
    0x0002c806   0x0002c806   0x0000000c   Code   RO         7507    i.nrf_twi_event_clear  nrfx_twi.o
    0x0002c812   0x0002c812   0x0000000a   Code   RO         4002    i.nrf_uart_event_check  nrfx_uart.o
    0x0002c81c   0x0002c81c   0x0000000c   Code   RO         4003    i.nrf_uart_event_clear  nrfx_uart.o
    0x0002c828   0x0002c828   0x0000000c   Code   RO         4004    i.nrf_uart_int_enable_check  nrfx_uart.o
    0x0002c834   0x0002c834   0x0000000a   Code   RO         4191    i.nrf_uarte_event_check  nrfx_uarte.o
    0x0002c83e   0x0002c83e   0x0000000c   Code   RO         4192    i.nrf_uarte_event_clear  nrfx_uarte.o
    0x0002c84a   0x0002c84a   0x00000002   PAD
    0x0002c84c   0x0002c84c   0x00000010   Code   RO         3163    i.nrf_wdt_started   nrf_drv_clock.o
    0x0002c85c   0x0002c85c   0x0000002c   Code   RO         3506    i.nrfx_clock_enable  nrfx_clock.o
    0x0002c888   0x0002c888   0x00000020   Code   RO         3509    i.nrfx_clock_init   nrfx_clock.o
    0x0002c8a8   0x0002c8a8   0x00000030   Code   RO         3512    i.nrfx_clock_lfclk_stop  nrfx_clock.o
    0x0002c8d8   0x0002c8d8   0x00000010   Code   RO         4857    i.nrfx_coredep_delay_us  drv_rtc.o
    0x0002c8e8   0x0002c8e8   0x00000010   Code   RO         7452    i.nrfx_coredep_delay_us  nrf_drv_twi.o
    0x0002c8f8   0x0002c8f8   0x000000a0   Code   RO         3655    i.nrfx_gpiote_in_event_enable  nrfx_gpiote.o
    0x0002c998   0x0002c998   0x000000cc   Code   RO         3657    i.nrfx_gpiote_in_init  nrfx_gpiote.o
    0x0002ca64   0x0002ca64   0x00000014   Code   RO         3658    i.nrfx_gpiote_in_is_set  nrfx_gpiote.o
    0x0002ca78   0x0002ca78   0x00000074   Code   RO         3660    i.nrfx_gpiote_init  nrfx_gpiote.o
    0x0002caec   0x0002caec   0x00000014   Code   RO         3661    i.nrfx_gpiote_is_init  nrfx_gpiote.o
    0x0002cb00   0x0002cb00   0x00000010   Code   RO         4193    i.nrfx_is_in_ram    nrfx_uarte.o
    0x0002cb10   0x0002cb10   0x0000003a   Code   RO         3944    i.nrfx_prs_acquire  nrfx_prs.o
    0x0002cb4a   0x0002cb4a   0x00000012   Code   RO         3945    i.nrfx_prs_release  nrfx_prs.o
    0x0002cb5c   0x0002cb5c   0x00000020   Code   RO         7510    i.nrfx_twi_enable   nrfx_twi.o
    0x0002cb7c   0x0002cb7c   0x000000e4   Code   RO         7511    i.nrfx_twi_init     nrfx_twi.o
    0x0002cc60   0x0002cc60   0x00000030   Code   RO         7513    i.nrfx_twi_rx       nrfx_twi.o
    0x0002cc90   0x0002cc90   0x00000036   Code   RO         7515    i.nrfx_twi_tx       nrfx_twi.o
    0x0002ccc6   0x0002ccc6   0x00000002   PAD
    0x0002ccc8   0x0002ccc8   0x00000020   Code   RO         7517    i.nrfx_twi_xfer     nrfx_twi.o
    0x0002cce8   0x0002cce8   0x00000010   Code   RO         4005    i.nrfx_uart_0_irq_handler  nrfx_uart.o
    0x0002ccf8   0x0002ccf8   0x000000d4   Code   RO         4007    i.nrfx_uart_init    nrfx_uart.o
    0x0002cdcc   0x0002cdcc   0x000000a8   Code   RO         4013    i.nrfx_uart_tx      nrfx_uart.o
    0x0002ce74   0x0002ce74   0x00000020   Code   RO         4015    i.nrfx_uart_tx_in_progress  nrfx_uart.o
    0x0002ce94   0x0002ce94   0x000000c0   Code   RO         4016    i.nrfx_uart_uninit  nrfx_uart.o
    0x0002cf54   0x0002cf54   0x00000010   Code   RO         4194    i.nrfx_uarte_0_irq_handler  nrfx_uarte.o
    0x0002cf64   0x0002cf64   0x0000006c   Code   RO         4196    i.nrfx_uarte_init   nrfx_uarte.o
    0x0002cfd0   0x0002cfd0   0x000000ac   Code   RO         4200    i.nrfx_uarte_tx     nrfx_uarte.o
    0x0002d07c   0x0002d07c   0x0000001c   Code   RO         4202    i.nrfx_uarte_tx_in_progress  nrfx_uarte.o
    0x0002d098   0x0002d098   0x00000108   Code   RO         4203    i.nrfx_uarte_uninit  nrfx_uarte.o
    0x0002d1a0   0x0002d1a0   0x00000054   Code   RO           15    i.on_adv_evt        main.o
    0x0002d1f4   0x0002d1f4   0x0000001c   Code   RO           16    i.on_conn_params_evt  main.o
    0x0002d210   0x0002d210   0x00000108   Code   RO         1875    i.on_connected_evt  nrf_ble_gatt.o
    0x0002d318   0x0002d318   0x00000114   Code   RO         1876    i.on_data_length_update_evt  nrf_ble_gatt.o
    0x0002d42c   0x0002d42c   0x0000007c   Code   RO         1877    i.on_data_length_update_request_evt  nrf_ble_gatt.o
    0x0002d4a8   0x0002d4a8   0x0000014c   Code   RO         1878    i.on_exchange_mtu_request_evt  nrf_ble_gatt.o
    0x0002d5f4   0x0002d5f4   0x000000ac   Code   RO         1879    i.on_exchange_mtu_rsp_evt  nrf_ble_gatt.o
    0x0002d6a0   0x0002d6a0   0x00000024   Code   RO         5038    i.page_identify     fds.o
    0x0002d6c4   0x0002d6c4   0x0000001c   Code   RO         5039    i.page_offsets_update  fds.o
    0x0002d6e0   0x0002d6e0   0x0000006c   Code   RO         5040    i.page_scan         fds.o
    0x0002d74c   0x0002d74c   0x0000001c   Code   RO         5041    i.page_tag_write_data  fds.o
    0x0002d768   0x0002d768   0x00000024   Code   RO         5042    i.page_tag_write_swap  fds.o
    0x0002d78c   0x0002d78c   0x00000130   Code   RO         5043    i.pages_init        fds.o
    0x0002d8bc   0x0002d8bc   0x0000000c   Code   RO         2839    i.pairing           security_dispatcher.o
    0x0002d8c8   0x0002d8c8   0x00000074   Code   RO         2840    i.pairing_failure   security_dispatcher.o
    0x0002d93c   0x0002d93c   0x0000002e   Code   RO         2841    i.pairing_success_evt_send  security_dispatcher.o
    0x0002d96a   0x0002d96a   0x00000006   Code   RO         2981    i.params_reply_pending_handle  security_manager.o
    0x0002d970   0x0002d970   0x00000020   Code   RO         2982    i.params_req_send   security_manager.o
    0x0002d990   0x0002d990   0x0000001c   Code   RO         2170    i.pdb_evt_send      peer_database.o
    0x0002d9ac   0x0002d9ac   0x00000090   Code   RO         2171    i.pdb_init          peer_database.o
    0x0002da3c   0x0002da3c   0x0000007c   Code   RO         2172    i.pdb_pds_evt_handler  peer_database.o
    0x0002dab8   0x0002dab8   0x00000006   Code   RO         2173    i.pdb_peer_data_ptr_get  peer_database.o
    0x0002dabe   0x0002dabe   0x00000002   PAD
    0x0002dac0   0x0002dac0   0x0000008c   Code   RO         2174    i.pdb_peer_free     peer_database.o
    0x0002db4c   0x0002db4c   0x000000dc   Code   RO         2175    i.pdb_write_buf_get  peer_database.o
    0x0002dc28   0x0002dc28   0x00000014   Code   RO         2176    i.pdb_write_buf_release  peer_database.o
    0x0002dc3c   0x0002dc3c   0x00000036   Code   RO         2177    i.pdb_write_buf_store  peer_database.o
    0x0002dc72   0x0002dc72   0x00000002   PAD
    0x0002dc74   0x0002dc74   0x00000010   Code   RO         2029    i.pds_evt_send      peer_data_storage.o
    0x0002dc84   0x0002dc84   0x000000dc   Code   RO         2030    i.pds_init          peer_data_storage.o
    0x0002dd60   0x0002dd60   0x00000004   Code   RO         2031    i.pds_next_deleted_peer_id_get  peer_data_storage.o
    0x0002dd64   0x0002dd64   0x00000004   Code   RO         2032    i.pds_next_peer_id_get  peer_data_storage.o
    0x0002dd68   0x0002dd68   0x00000058   Code   RO         2035    i.pds_peer_data_iterate  peer_data_storage.o
    0x0002ddc0   0x0002ddc0   0x00000010   Code   RO         2036    i.pds_peer_data_iterate_prepare  peer_data_storage.o
    0x0002ddd0   0x0002ddd0   0x00000072   Code   RO         2037    i.pds_peer_data_read  peer_data_storage.o
    0x0002de42   0x0002de42   0x00000002   PAD
    0x0002de44   0x0002de44   0x000000b4   Code   RO         2038    i.pds_peer_data_store  peer_data_storage.o
    0x0002def8   0x0002def8   0x00000008   Code   RO         2039    i.pds_peer_id_allocate  peer_data_storage.o
    0x0002df00   0x0002df00   0x00000016   Code   RO         2040    i.pds_peer_id_free  peer_data_storage.o
    0x0002df16   0x0002df16   0x00000004   Code   RO         2041    i.pds_peer_id_is_allocated  peer_data_storage.o
    0x0002df1a   0x0002df1a   0x00000002   PAD
    0x0002df1c   0x0002df1c   0x000000a8   Code   RO         2043    i.peer_data_delete_process  peer_data_storage.o
    0x0002dfc4   0x0002dfc4   0x00000030   Code   RO         2044    i.peer_data_find    peer_data_storage.o
    0x0002dff4   0x0002dff4   0x00000024   Code   RO         2045    i.peer_data_id_is_valid  peer_data_storage.o
    0x0002e018   0x0002e018   0x0000001a   Code   RO         2178    i.peer_data_point_to_buffer  peer_database.o
    0x0002e032   0x0002e032   0x00000002   PAD
    0x0002e034   0x0002e034   0x0000000c   Code   RO         2291    i.peer_id_allocate  peer_id.o
    0x0002e040   0x0002e040   0x00000024   Code   RO         2292    i.peer_id_delete    peer_id.o
    0x0002e064   0x0002e064   0x0000001c   Code   RO         2293    i.peer_id_free      peer_id.o
    0x0002e080   0x0002e080   0x0000000c   Code   RO         2294    i.peer_id_get_next_deleted  peer_id.o
    0x0002e08c   0x0002e08c   0x00000030   Code   RO         2295    i.peer_id_get_next_used  peer_id.o
    0x0002e0bc   0x0002e0bc   0x0000000c   Code   RO         2296    i.peer_id_init      peer_id.o
    0x0002e0c8   0x0002e0c8   0x00000014   Code   RO         2297    i.peer_id_is_allocated  peer_id.o
    0x0002e0dc   0x0002e0dc   0x00000014   Code   RO         2298    i.peer_id_is_deleted  peer_id.o
    0x0002e0f0   0x0002e0f0   0x0000006c   Code   RO           17    i.peer_manager_init  main.o
    0x0002e15c   0x0002e15c   0x00000012   Code   RO         1008    i.phy_is_valid      ble_advertising.o
    0x0002e16e   0x0002e16e   0x00000002   PAD
    0x0002e170   0x0002e170   0x0000001c   Code   RO         3679    i.pin_configured_set  nrfx_gpiote.o
    0x0002e18c   0x0002e18c   0x00000018   Code   RO         3680    i.pin_in_use_by_port  nrfx_gpiote.o
    0x0002e1a4   0x0002e1a4   0x00000018   Code   RO         3681    i.pin_in_use_by_te  nrfx_gpiote.o
    0x0002e1bc   0x0002e1bc   0x00000064   Code   RO         2786    i.pm_buffer_block_acquire  pm_buffer.o
    0x0002e220   0x0002e220   0x00000024   Code   RO         2787    i.pm_buffer_init    pm_buffer.o
    0x0002e244   0x0002e244   0x00000028   Code   RO         2788    i.pm_buffer_ptr_get  pm_buffer.o
    0x0002e26c   0x0002e26c   0x00000032   Code   RO         2789    i.pm_buffer_release  pm_buffer.o
    0x0002e29e   0x0002e29e   0x00000002   PAD
    0x0002e2a0   0x0002e2a0   0x00000014   Code   RO         2385    i.pm_conn_sec_status_get  peer_manager.o
    0x0002e2b4   0x0002e2b4   0x0000001c   Code   RO         2386    i.pm_conn_secure    peer_manager.o
    0x0002e2d0   0x0002e2d0   0x00000020   Code   RO           18    i.pm_evt_handler    main.o
    0x0002e2f0   0x0002e2f0   0x00000004   Code   RO         2388    i.pm_gcm_evt_handler  peer_manager.o
    0x0002e2f4   0x0002e2f4   0x00000004   Code   RO         2389    i.pm_gscm_evt_handler  peer_manager.o
    0x0002e2f8   0x0002e2f8   0x00000244   Code   RO         2692    i.pm_handler_flash_clean  peer_manager_handler.o
    0x0002e53c   0x0002e53c   0x0000001c   Code   RO         2693    i.pm_handler_flash_clean_on_return  peer_manager_handler.o
    0x0002e558   0x0002e558   0x00000054   Code   RO         2694    i.pm_handler_on_pm_evt  peer_manager_handler.o
    0x0002e5ac   0x0002e5ac   0x00000310   Code   RO         2695    i.pm_handler_pm_evt_log  peer_manager_handler.o
    0x0002e8bc   0x0002e8bc   0x00000004   Code   RO         2392    i.pm_im_evt_handler  peer_manager.o
    0x0002e8c0   0x0002e8c0   0x000001bc   Code   RO         2393    i.pm_init           peer_manager.o
    0x0002ea7c   0x0002ea7c   0x00000118   Code   RO         2397    i.pm_pdb_evt_handler  peer_manager.o
    0x0002eb94   0x0002eb94   0x00000014   Code   RO         2408    i.pm_peer_delete    peer_manager.o
    0x0002eba8   0x0002eba8   0x0000011c   Code   RO         2412    i.pm_peer_rank_highest  peer_manager.o
    0x0002ecc4   0x0002ecc4   0x000000e8   Code   RO         2413    i.pm_peer_ranks_get  peer_manager.o
    0x0002edac   0x0002edac   0x00000094   Code   RO         2414    i.pm_peers_delete   peer_manager.o
    0x0002ee40   0x0002ee40   0x0000002c   Code   RO         2417    i.pm_register       peer_manager.o
    0x0002ee6c   0x0002ee6c   0x00000014   Code   RO         2419    i.pm_sec_params_set  peer_manager.o
    0x0002ee80   0x0002ee80   0x0000000a   Code   RO         2420    i.pm_sm_evt_handler  peer_manager.o
    0x0002ee8a   0x0002ee8a   0x00000002   PAD
    0x0002ee8c   0x0002ee8c   0x000000b4   Code   RO         3682    i.port_event_handle  nrfx_gpiote.o
    0x0002ef40   0x0002ef40   0x00000010   Code   RO         3683    i.port_handler_polarity_get  nrfx_gpiote.o
    0x0002ef50   0x0002ef50   0x0000003c   Code   RO         6685    i.postfix_process   nrf_log_str_formatter.o
    0x0002ef8c   0x0002ef8c   0x00000098   Code   RO         6686    i.prefix_process    nrf_log_str_formatter.o
    0x0002f024   0x0002f024   0x00000018   Code   RO         3946    i.prs_box_get       nrfx_prs.o
    0x0002f03c   0x0002f03c   0x0000001c   Code   RO         5044    i.queue_buf_get     fds.o
    0x0002f058   0x0002f058   0x00000010   Code   RO         5045    i.queue_buf_store   fds.o
    0x0002f068   0x0002f068   0x00000014   Code   RO         5853    i.queue_free        nrf_fstorage_sd.o
    0x0002f07c   0x0002f07c   0x000000a4   Code   RO         5046    i.queue_process     fds.o
    0x0002f120   0x0002f120   0x000000a0   Code   RO         5854    i.queue_process     nrf_fstorage_sd.o
    0x0002f1c0   0x0002f1c0   0x0000001c   Code   RO         5047    i.queue_start       fds.o
    0x0002f1dc   0x0002f1dc   0x00000024   Code   RO         5855    i.queue_start       nrf_fstorage_sd.o
    0x0002f200   0x0002f200   0x0000001c   Code   RO         2698    i.rank_highest      peer_manager_handler.o
    0x0002f21c   0x0002f21c   0x00000034   Code   RO         2423    i.rank_vars_update  peer_manager.o
    0x0002f250   0x0002f250   0x0000000e   Code   RO         5856    i.read              nrf_fstorage_sd.o
    0x0002f25e   0x0002f25e   0x00000002   PAD
    0x0002f260   0x0002f260   0x000000a8   Code   RO         2179    i.reattempt_previous_operations  peer_database.o
    0x0002f308   0x0002f308   0x00000090   Code   RO         5048    i.record_find       fds.o
    0x0002f398   0x0002f398   0x000000a0   Code   RO         5049    i.record_find_by_desc  fds.o
    0x0002f438   0x0002f438   0x0000005c   Code   RO         5050    i.record_find_next  fds.o
    0x0002f494   0x0002f494   0x0000003c   Code   RO         5051    i.record_header_flag_dirty  fds.o
    0x0002f4d0   0x0002f4d0   0x00000088   Code   RO         5052    i.records_stat      fds.o
    0x0002f558   0x0002f558   0x00000010   Code   RO         2300    i.release           peer_id.o
    0x0002f568   0x0002f568   0x00000004   Code   RO         5857    i.rmap              nrf_fstorage_sd.o
    0x0002f56c   0x0002f56c   0x0000005c   Code   RO         4609    i.rtc_irq           app_timer2.o
    0x0002f5c8   0x0002f5c8   0x00000064   Code   RO         4610    i.rtc_schedule      app_timer2.o
    0x0002f62c   0x0002f62c   0x00000074   Code   RO         4611    i.rtc_update        app_timer2.o
    0x0002f6a0   0x0002f6a0   0x00000032   Code   RO         4017    i.rx_byte           nrfx_uart.o
    0x0002f6d2   0x0002f6d2   0x00000016   Code   RO         4018    i.rx_done_event     nrfx_uart.o
    0x0002f6e8   0x0002f6e8   0x00000016   Code   RO         4204    i.rx_done_event     nrfx_uarte.o
    0x0002f6fe   0x0002f6fe   0x00000002   PAD
    0x0002f700   0x0002f700   0x00000024   Code   RO         1431    i.sc_send_pending_handle  gatt_cache_manager.o
    0x0002f724   0x0002f724   0x00000058   Code   RO         3164    i.sd_state_evt_handler  nrf_drv_clock.o
    0x0002f77c   0x0002f77c   0x00000030   Code   RO         7106    i.sdh_request_observer_notify  nrf_sdh.o
    0x0002f7ac   0x0002f7ac   0x0000002c   Code   RO         7107    i.sdh_state_observer_notify  nrf_sdh.o
    0x0002f7d8   0x0002f7d8   0x000000d8   Code   RO         2842    i.sec_info_request_process  security_dispatcher.o
    0x0002f8b0   0x0002f8b0   0x000000f4   Code   RO         2843    i.sec_keyset_fill   security_dispatcher.o
    0x0002f9a4   0x0002f9a4   0x00000076   Code   RO         2983    i.sec_params_verify  security_manager.o
    0x0002fa1a   0x0002fa1a   0x00000002   PAD
    0x0002fa1c   0x0002fa1c   0x00000060   Code   RO         2844    i.sec_proc_start    security_dispatcher.o
    0x0002fa7c   0x0002fa7c   0x0000005c   Code   RO         2984    i.sec_req_process   security_manager.o
    0x0002fad8   0x0002fad8   0x00000022   Code   RO         2845    i.send_config_req   security_dispatcher.o
    0x0002fafa   0x0002fafa   0x00000002   PAD
    0x0002fafc   0x0002fafc   0x00000010   Code   RO         1109    i.send_error_evt    ble_conn_params.o
    0x0002fb0c   0x0002fb0c   0x00000028   Code   RO         1432    i.send_unexpected_error  gatt_cache_manager.o
    0x0002fb34   0x0002fb34   0x00000028   Code   RO         2846    i.send_unexpected_error  security_dispatcher.o
    0x0002fb5c   0x0002fb5c   0x00000040   Code   RO         6390    i.serial_tx         nrf_log_backend_uart.o
    0x0002fb9c   0x0002fb9c   0x00000014   Code   RO         1433    i.service_changed_pending_flags_check  gatt_cache_manager.o
    0x0002fbb0   0x0002fbb0   0x00000094   Code   RO         1608    i.service_changed_pending_set  gatts_cache_manager.o
    0x0002fc44   0x0002fc44   0x00000168   Code   RO         1434    i.service_changed_send_in_evt  gatt_cache_manager.o
    0x0002fdac   0x0002fdac   0x00000088   Code   RO          898    i.service_data_encode  ble_advdata.o
    0x0002fe34   0x0002fe34   0x00000028   Code   RO           19    i.sleep_mode_enter  main.o
    0x0002fe5c   0x0002fe5c   0x0000002c   Code   RO         2985    i.sm_ble_evt_handler  security_manager.o
    0x0002fe88   0x0002fe88   0x000000a2   Code   RO         2987    i.sm_conn_sec_status_get  security_manager.o
    0x0002ff2a   0x0002ff2a   0x00000002   PAD
    0x0002ff2c   0x0002ff2c   0x00000058   Code   RO         2988    i.sm_init           security_manager.o
    0x0002ff84   0x0002ff84   0x0000000a   Code   RO         2990    i.sm_link_secure    security_manager.o
    0x0002ff8e   0x0002ff8e   0x00000002   PAD
    0x0002ff90   0x0002ff90   0x00000044   Code   RO         2991    i.sm_pdb_evt_handler  security_manager.o
    0x0002ffd4   0x0002ffd4   0x00000028   Code   RO         2992    i.sm_sec_is_sufficient  security_manager.o
    0x0002fffc   0x0002fffc   0x00000034   Code   RO         2994    i.sm_sec_params_set  security_manager.o
    0x00030030   0x00030030   0x0000002c   Code   RO         2995    i.sm_smd_evt_handler  security_manager.o
    0x0003005c   0x0003005c   0x000000f4   Code   RO         2847    i.smd_ble_evt_handler  security_dispatcher.o
    0x00030150   0x00030150   0x00000068   Code   RO         2849    i.smd_init          security_dispatcher.o
    0x000301b8   0x000301b8   0x00000028   Code   RO         2850    i.smd_link_secure   security_dispatcher.o
    0x000301e0   0x000301e0   0x000000ac   Code   RO         2851    i.smd_params_reply  security_dispatcher.o
    0x0003028c   0x0003028c   0x00000040   Code   RO         2996    i.smd_params_reply_perform  security_manager.o
    0x000302cc   0x000302cc   0x00000018   Code   RO         3165    i.soc_evt_handler   nrf_drv_clock.o
    0x000302e4   0x000302e4   0x00000040   Code   RO         7108    i.softdevice_evt_irq_disable  nrf_sdh.o
    0x00030324   0x00030324   0x00000058   Code   RO         7109    i.softdevices_evt_irq_enable  nrf_sdh.o
    0x0003037c   0x0003037c   0x0000000c   Code   RO         4612    i.sortlist_pop      app_timer2.o
    0x00030388   0x00030388   0x00000030   Code   RO         4353    i.state_set         app_button.o
    0x000303b8   0x000303b8   0x00000094   Code   RO         6520    i.std_n             nrf_log_frontend.o
    0x0003044c   0x0003044c   0x0000006c   Code   RO         1435    i.store_car_value   gatt_cache_manager.o
    0x000304b8   0x000304b8   0x00000058   Code   RO         4613    i.timer_expire      app_timer2.o
    0x00030510   0x00030510   0x00000078   Code   RO         4614    i.timer_req_process  app_timer2.o
    0x00030588   0x00030588   0x00000038   Code   RO         4615    i.timer_req_schedule  app_timer2.o
    0x000305c0   0x000305c0   0x00000018   Code   RO         4354    i.timer_start       app_button.o
    0x000305d8   0x000305d8   0x000000aa   Code   RO         7453    i.twi_clear_bus     nrf_drv_twi.o
    0x00030682   0x00030682   0x00000002   PAD
    0x00030684   0x00030684   0x00000040   Code   RO         7454    i.twi_evt_handler   nrf_drv_twi.o
    0x000306c4   0x000306c4   0x000000bc   Code   RO         7518    i.twi_irq_handler   nrfx_twi.o
    0x00030780   0x00030780   0x0000001e   Code   RO         7519    i.twi_process_error  nrfx_twi.o
    0x0003079e   0x0003079e   0x00000002   PAD
    0x000307a0   0x000307a0   0x000000c4   Code   RO         7520    i.twi_rx_start_transfer  nrfx_twi.o
    0x00030864   0x00030864   0x00000036   Code   RO         7521    i.twi_send_byte     nrfx_twi.o
    0x0003089a   0x0003089a   0x00000140   Code   RO         7522    i.twi_transfer      nrfx_twi.o
    0x000309da   0x000309da   0x00000002   PAD
    0x000309dc   0x000309dc   0x000000b8   Code   RO         7523    i.twi_tx_start_transfer  nrfx_twi.o
    0x00030a94   0x00030a94   0x000000a4   Code   RO         7524    i.twi_xfer          nrfx_twi.o
    0x00030b38   0x00030b38   0x00000020   Code   RO         4020    i.tx_byte           nrfx_uart.o
    0x00030b58   0x00030b58   0x0000001a   Code   RO         4021    i.tx_done_event     nrfx_uart.o
    0x00030b72   0x00030b72   0x0000001a   Code   RO         4205    i.tx_done_event     nrfx_uarte.o
    0x00030b8c   0x00030b8c   0x00000030   Code   RO         3309    i.uart_evt_handler  nrf_drv_uart.o
    0x00030bbc   0x00030bbc   0x0000000c   Code   RO         6391    i.uart_evt_handler  nrf_log_backend_uart.o
    0x00030bc8   0x00030bc8   0x00000050   Code   RO         6392    i.uart_init         nrf_log_backend_uart.o
    0x00030c18   0x00030c18   0x0000012a   Code   RO         4022    i.uart_irq_handler  nrfx_uart.o
    0x00030d42   0x00030d42   0x00000002   PAD
    0x00030d44   0x00030d44   0x00000030   Code   RO         3310    i.uarte_evt_handler  nrf_drv_uart.o
    0x00030d74   0x00030d74   0x00000112   Code   RO         4206    i.uarte_irq_handler  nrfx_uarte.o
    0x00030e86   0x00030e86   0x0000000a   Code   RO          899    i.uint16_encode     ble_advdata.o
    0x00030e90   0x00030e90   0x00000020   Code   RO         5858    i.uninit            nrf_fstorage_sd.o
    0x00030eb0   0x00030eb0   0x000000b4   Code   RO         5722    i.unsigned_print    nrf_fprintf_format.o
    0x00030f64   0x00030f64   0x00000030   Code   RO         1436    i.update_pending_flags_check  gatt_cache_manager.o
    0x00030f94   0x00030f94   0x00000068   Code   RO         1110    i.update_timeout_handler  ble_conn_params.o
    0x00030ffc   0x00030ffc   0x00000018   Code   RO         1009    i.use_whitelist     ble_advertising.o
    0x00031014   0x00031014   0x0000000c   Code   RO         1206    i.user_flag_is_acquired  ble_conn_state.o
    0x00031020   0x00031020   0x00000024   Code   RO         1986    i.user_mem_reply    nrf_ble_qwr.o
    0x00031044   0x00031044   0x00000020   Code   RO         4355    i.usr_event         app_button.o
    0x00031064   0x00031064   0x00000030   Code   RO          900    i.uuid_list_encode  ble_advdata.o
    0x00031094   0x00031094   0x0000009e   Code   RO          901    i.uuid_list_sized_encode  ble_advdata.o
    0x00031132   0x00031132   0x0000003a   Code   RO          605    i.wakeup_button_cfg  bsp.o
    0x0003116c   0x0003116c   0x00000004   Code   RO         5859    i.wmap              nrf_fstorage_sd.o
    0x00031170   0x00031170   0x00000050   Code   RO         5860    i.write             nrf_fstorage_sd.o
    0x000311c0   0x000311c0   0x0000014c   Code   RO         2180    i.write_buf_store   peer_database.o
    0x0003130c   0x0003130c   0x00000034   Code   RO         2181    i.write_buffer_record_find  peer_database.o
    0x00031340   0x00031340   0x00000030   Code   RO         2182    i.write_buffer_record_find_next  peer_database.o
    0x00031370   0x00031370   0x0000001c   Code   RO         2183    i.write_buffer_record_invalidate  peer_database.o
    0x0003138c   0x0003138c   0x0000002c   Code   RO         2184    i.write_buffer_record_release  peer_database.o
    0x000313b8   0x000313b8   0x000000f4   Code   RO         5053    i.write_enqueue     fds.o
    0x000314ac   0x000314ac   0x000000f8   Code   RO         5054    i.write_execute     fds.o
    0x000315a4   0x000315a4   0x00000018   Code   RO         5055    i.write_space_free  fds.o
    0x000315bc   0x000315bc   0x00000060   Code   RO         5056    i.write_space_reserve  fds.o
    0x0003161c   0x0003161c   0x00000008   Data   RO           23    .constdata          main.o
    0x00031624   0x00031624   0x00000008   Data   RO          460    .constdata          boards.o
    0x0003162c   0x0003162c   0x0000002c   Data   RO          610    .constdata          bsp.o
    0x00031658   0x00031658   0x0000006c   Data   RO         1437    .constdata          gatt_cache_manager.o
    0x000316c4   0x000316c4   0x00000004   Data   RO         1609    .constdata          gatts_cache_manager.o
    0x000316c8   0x000316c8   0x00000010   Data   RO         1610    .constdata          gatts_cache_manager.o
    0x000316d8   0x000316d8   0x00000004   Data   RO         1611    .constdata          gatts_cache_manager.o
    0x000316dc   0x000316dc   0x00000008   Data   RO         1718    .constdata          id_manager.o
    0x000316e4   0x000316e4   0x00000016   Data   RO         1880    .constdata          nrf_ble_gatt.o
    0x000316fa   0x000316fa   0x00000002   PAD
    0x000316fc   0x000316fc   0x00000018   Data   RO         2046    .constdata          peer_data_storage.o
    0x00031714   0x00031714   0x00000010   Data   RO         2186    .constdata          peer_database.o
    0x00031724   0x00031724   0x0000002c   Data   RO         2425    .constdata          peer_manager.o
    0x00031750   0x00031750   0x00000014   Data   RO         2701    .constdata          peer_manager_handler.o
    0x00031764   0x00031764   0x00000078   Data   RO         2853    .constdata          security_dispatcher.o
    0x000317dc   0x000317dc   0x00000008   Data   RO         2997    .constdata          security_manager.o
    0x000317e4   0x000317e4   0x00000004   Data   RO         3685    .constdata          nrfx_gpiote.o
    0x000317e8   0x000317e8   0x00000004   Data   RO         4025    .constdata          nrfx_uart.o
    0x000317ec   0x000317ec   0x00000004   Data   RO         4209    .constdata          nrfx_uarte.o
    0x000317f0   0x000317f0   0x00000008   Data   RO         4358    .constdata          app_button.o
    0x000317f8   0x000317f8   0x00000014   Data   RO         4618    .constdata          app_timer2.o
    0x0003180c   0x0003180c   0x00000004   PAD
    0x00031810   0x00031810   0x00000006   Data   RO         4858    .constdata          drv_rtc.o
    0x00031816   0x00031816   0x00000002   PAD
    0x00031818   0x00031818   0x00000018   Data   RO         5059    .constdata          fds.o
    0x00031830   0x00031830   0x00000010   Data   RO         5723    .constdata          nrf_fprintf_format.o
    0x00031840   0x00031840   0x0000005e   Data   RO         5769    .constdata          nrf_fstorage.o
    0x0003189e   0x0003189e   0x00000002   PAD
    0x000318a0   0x000318a0   0x00000010   Data   RO         5863    .constdata          nrf_fstorage_sd.o
    0x000318b0   0x000318b0   0x00000020   Data   RO         5864    .constdata          nrf_fstorage_sd.o
    0x000318d0   0x000318d0   0x00000018   Data   RO         6042    .constdata          nrf_pwr_mgmt.o
    0x000318e8   0x000318e8   0x0000000c   Data   RO         6043    .constdata          nrf_pwr_mgmt.o
    0x000318f4   0x000318f4   0x0000013c   Data   RO         6265    .constdata          nrf_strerror.o
    0x00031a30   0x00031a30   0x0000000c   Data   RO         6394    .constdata          nrf_log_backend_uart.o
    0x00031a3c   0x00031a3c   0x00000020   Data   RO         6395    .constdata          nrf_log_backend_uart.o
    0x00031a5c   0x00031a5c   0x0000000c   Data   RO         6525    .constdata          nrf_log_frontend.o
    0x00031a68   0x00031a68   0x00000010   Data   RO         7110    .constdata          nrf_sdh.o
    0x00031a78   0x00031a78   0x00000028   Data   RO         7111    .constdata          nrf_sdh.o
    0x00031aa0   0x00031aa0   0x00000010   Data   RO         7112    .constdata          nrf_sdh.o
    0x00031ab0   0x00031ab0   0x00000010   Data   RO         7113    .constdata          nrf_sdh.o
    0x00031ac0   0x00031ac0   0x00000020   Data   RO         7221    .constdata          nrf_sdh_ble.o
    0x00031ae0   0x00031ae0   0x00000010   Data   RO         7222    .constdata          nrf_sdh_ble.o
    0x00031af0   0x00031af0   0x00000010   Data   RO         7272    .constdata          nrf_sdh_soc.o
    0x00031b00   0x00031b00   0x0000000c   Data   RO         7273    .constdata          nrf_sdh_soc.o
    0x00031b0c   0x00031b0c   0x00000004   PAD
    0x00031b10   0x00031b10   0x00000028   Data   RO         7323    .constdata          icm_twi_driver.o
    0x00031b38   0x00031b38   0x00000008   PAD
    0x00031b40   0x00031b40   0x00000006   Data   RO         7455    .constdata          nrf_drv_twi.o
    0x00031b46   0x00031b46   0x00000002   PAD
    0x00031b48   0x00031b48   0x00000018   Data   RO         7527    .constdata          nrfx_twi.o
    0x00031b60   0x00031b60   0x00000081   Data   RO         7839    .constdata          mc_w.l(ctype_o.o)
    0x00031be1   0x00031be1   0x00000003   PAD
    0x00031be4   0x00031be4   0x00000004   Data   RO         7840    .constdata          mc_w.l(ctype_o.o)
    0x00031be8   0x00031be8   0x000001a4   Data   RO         1438    .conststring        gatt_cache_manager.o
    0x00031d8c   0x00031d8c   0x0000019c   Data   RO         1612    .conststring        gatts_cache_manager.o
    0x00031f28   0x00031f28   0x0000013e   Data   RO         1881    .conststring        nrf_ble_gatt.o
    0x00032066   0x00032066   0x00000002   PAD
    0x00032068   0x00032068   0x000000e8   Data   RO         2047    .conststring        peer_data_storage.o
    0x00032150   0x00032150   0x00000180   Data   RO         2187    .conststring        peer_database.o
    0x000322d0   0x000322d0   0x00000090   Data   RO         2426    .conststring        peer_manager.o
    0x00032360   0x00032360   0x0000030f   Data   RO         2702    .conststring        peer_manager_handler.o
    0x0003266f   0x0003266f   0x00000001   PAD
    0x00032670   0x00032670   0x000002b2   Data   RO         2854    .conststring        security_dispatcher.o
    0x00032922   0x00032922   0x00000002   PAD
    0x00032924   0x00032924   0x0000017b   Data   RO         2998    .conststring        security_manager.o
    0x00032a9f   0x00032a9f   0x00000001   PAD
    0x00032aa0   0x00032aa0   0x0000004f   Data   RO         5770    .conststring        nrf_fstorage.o
    0x00032aef   0x00032aef   0x00000001   PAD
    0x00032af0   0x00032af0   0x000003eb   Data   RO         6266    .conststring        nrf_strerror.o
    0x00032edb   0x00032edb   0x00000001   PAD
    0x00032edc   0x00032edc   0x00000066   Data   RO         6687    .conststring        nrf_log_str_formatter.o
    0x00032f42   0x00032f42   0x00000002   PAD
    0x00032f44   0x00032f44   0x00000188   Data   RO         7223    .conststring        nrf_sdh_ble.o
    0x000330cc   0x000330cc   0x00000011   Data   RO         1439    .conststrlit        gatt_cache_manager.o
    0x000330dd   0x000330dd   0x00000003   PAD
    0x000330e0   0x000330e0   0x00000012   Data   RO         1613    .conststrlit        gatts_cache_manager.o
    0x000330f2   0x000330f2   0x00000002   PAD
    0x000330f4   0x000330f4   0x00000010   Data   RO         1720    .conststrlit        id_manager.o
    0x00033104   0x00033104   0x0000000d   Data   RO         1882    .conststrlit        nrf_ble_gatt.o
    0x00033111   0x00033111   0x00000003   PAD
    0x00033114   0x00033114   0x00000011   Data   RO         2048    .conststrlit        peer_data_storage.o
    0x00033125   0x00033125   0x00000003   PAD
    0x00033128   0x00033128   0x00000011   Data   RO         2188    .conststrlit        peer_database.o
    0x00033139   0x00033139   0x00000003   PAD
    0x0003313c   0x0003313c   0x0000000d   Data   RO         2427    .conststrlit        peer_manager.o
    0x00033149   0x00033149   0x00000003   PAD
    0x0003314c   0x0003314c   0x00000015   Data   RO         2705    .conststrlit        peer_manager_handler.o
    0x00033161   0x00033161   0x00000003   PAD
    0x00033164   0x00033164   0x00000011   Data   RO         2855    .conststrlit        security_dispatcher.o
    0x00033175   0x00033175   0x00000003   PAD
    0x00033178   0x00033178   0x00000010   Data   RO         2999    .conststrlit        security_manager.o
    0x00033188   0x00033188   0x00000006   Data   RO         3171    .conststrlit        nrf_drv_clock.o
    0x0003318e   0x0003318e   0x00000002   PAD
    0x00033190   0x00033190   0x00000006   Data   RO         3516    .conststrlit        nrfx_clock.o
    0x00033196   0x00033196   0x00000002   PAD
    0x00033198   0x00033198   0x00000007   Data   RO         3689    .conststrlit        nrfx_gpiote.o
    0x0003319f   0x0003319f   0x00000001   PAD
    0x000331a0   0x000331a0   0x00000004   Data   RO         3948    .conststrlit        nrfx_prs.o
    0x000331a4   0x000331a4   0x00000005   Data   RO         4028    .conststrlit        nrfx_uart.o
    0x000331a9   0x000331a9   0x00000003   PAD
    0x000331ac   0x000331ac   0x00000006   Data   RO         4212    .conststrlit        nrfx_uarte.o
    0x000331b2   0x000331b2   0x00000002   PAD
    0x000331b4   0x000331b4   0x0000000b   Data   RO         4359    .conststrlit        app_button.o
    0x000331bf   0x000331bf   0x00000001   PAD
    0x000331c0   0x000331c0   0x0000000a   Data   RO         4619    .conststrlit        app_timer2.o
    0x000331ca   0x000331ca   0x00000002   PAD
    0x000331cc   0x000331cc   0x0000000d   Data   RO         5771    .conststrlit        nrf_fstorage.o
    0x000331d9   0x000331d9   0x00000003   PAD
    0x000331dc   0x000331dc   0x00000009   Data   RO         6044    .conststrlit        nrf_pwr_mgmt.o
    0x000331e5   0x000331e5   0x00000003   PAD
    0x000331e8   0x000331e8   0x00000009   Data   RO         6212    .conststrlit        nrf_sortlist.o
    0x000331f1   0x000331f1   0x00000003   PAD
    0x000331f4   0x000331f4   0x00000011   Data   RO         6460    .conststrlit        nrf_log_default_backends.o
    0x00033205   0x00033205   0x00000003   PAD
    0x00033208   0x00033208   0x00000004   Data   RO         6526    .conststrlit        nrf_log_frontend.o
    0x0003320c   0x0003320c   0x00000008   Data   RO         7114    .conststrlit        nrf_sdh.o
    0x00033214   0x00033214   0x0000000c   Data   RO         7224    .conststrlit        nrf_sdh_ble.o
    0x00033220   0x00033220   0x0000000c   Data   RO         7274    .conststrlit        nrf_sdh_soc.o
    0x0003322c   0x0003322c   0x00000004   Data   RO         7530    .conststrlit        nrfx_twi.o
    0x00033230   0x00033230   0x00000020   Data   RO         7900    Region$$Table       anon$$obj.o
    0x00033250   0x00033250   0x00000010   Data   RO         6462    log_backends        nrf_log_default_backends.o
    0x00033260   0x00033260   0x00000008   Data   RO         1441    log_const_data      gatt_cache_manager.o
    0x00033268   0x00033268   0x00000008   Data   RO         1615    log_const_data      gatts_cache_manager.o
    0x00033270   0x00033270   0x00000008   Data   RO         1722    log_const_data      id_manager.o
    0x00033278   0x00033278   0x00000008   Data   RO         1883    log_const_data      nrf_ble_gatt.o
    0x00033280   0x00033280   0x00000008   Data   RO         2050    log_const_data      peer_data_storage.o
    0x00033288   0x00033288   0x00000008   Data   RO         2190    log_const_data      peer_database.o
    0x00033290   0x00033290   0x00000008   Data   RO         2429    log_const_data      peer_manager.o
    0x00033298   0x00033298   0x00000008   Data   RO         2708    log_const_data      peer_manager_handler.o
    0x000332a0   0x000332a0   0x00000008   Data   RO         2857    log_const_data      security_dispatcher.o
    0x000332a8   0x000332a8   0x00000008   Data   RO         3001    log_const_data      security_manager.o
    0x000332b0   0x000332b0   0x00000008   Data   RO         3172    log_const_data      nrf_drv_clock.o
    0x000332b8   0x000332b8   0x00000008   Data   RO         3518    log_const_data      nrfx_clock.o
    0x000332c0   0x000332c0   0x00000008   Data   RO         3690    log_const_data      nrfx_gpiote.o
    0x000332c8   0x000332c8   0x00000008   Data   RO         3950    log_const_data      nrfx_prs.o
    0x000332d0   0x000332d0   0x00000008   Data   RO         4029    log_const_data      nrfx_uart.o
    0x000332d8   0x000332d8   0x00000008   Data   RO         4213    log_const_data      nrfx_uarte.o
    0x000332e0   0x000332e0   0x00000008   Data   RO         4361    log_const_data      app_button.o
    0x000332e8   0x000332e8   0x00000008   Data   RO         4622    log_const_data      app_timer2.o
    0x000332f0   0x000332f0   0x00000008   Data   RO         5772    log_const_data      nrf_fstorage.o
    0x000332f8   0x000332f8   0x00000008   Data   RO         6046    log_const_data      nrf_pwr_mgmt.o
    0x00033300   0x00033300   0x00000008   Data   RO         6213    log_const_data      nrf_sortlist.o
    0x00033308   0x00033308   0x00000008   Data   RO         6530    log_const_data      nrf_log_frontend.o
    0x00033310   0x00033310   0x00000008   Data   RO         7116    log_const_data      nrf_sdh.o
    0x00033318   0x00033318   0x00000008   Data   RO         7226    log_const_data      nrf_sdh_ble.o
    0x00033320   0x00033320   0x00000008   Data   RO         7275    log_const_data      nrf_sdh_soc.o
    0x00033328   0x00033328   0x00000008   Data   RO         7531    log_const_data      nrfx_twi.o
    0x00033330   0x00033330   0x00000014   Data   RO         6531    nrf_balloc          nrf_log_frontend.o
    0x00033344   0x00033344   0x00000008   Data   RO         1208    sdh_ble_observers0  ble_conn_state.o
    0x0003334c   0x0003334c   0x00000010   Data   RO           26    sdh_ble_observers1  main.o
    0x0003335c   0x0003335c   0x00000008   Data   RO          729    sdh_ble_observers1  bsp_btn_ble.o
    0x00033364   0x00033364   0x00000008   Data   RO         1113    sdh_ble_observers1  ble_conn_params.o
    0x0003336c   0x0003336c   0x00000008   Data   RO         2430    sdh_ble_observers1  peer_manager.o
    0x00033374   0x00033374   0x00000008   Data   RO           27    sdh_ble_observers2  main.o
    0x0003337c   0x0003337c   0x00000008   Data   RO           28    sdh_ble_observers3  main.o
    0x00033384   0x00033384   0x00000008   Data   RO         5866    sdh_req_observers0  nrf_fstorage_sd.o
    0x0003338c   0x0003338c   0x00000008   Data   RO         3173    sdh_soc_observers0  nrf_drv_clock.o
    0x00033394   0x00033394   0x00000008   Data   RO         5867    sdh_soc_observers0  nrf_fstorage_sd.o
    0x0003339c   0x0003339c   0x00000008   Data   RO         7227    sdh_stack_observers0  nrf_sdh_ble.o
    0x000333a4   0x000333a4   0x00000008   Data   RO         7276    sdh_stack_observers0  nrf_sdh_soc.o
    0x000333ac   0x000333ac   0x00000008   Data   RO         3174    sdh_state_observers0  nrf_drv_clock.o
    0x000333b4   0x000333b4   0x00000008   Data   RO         5868    sdh_state_observers0  nrf_fstorage_sd.o


    Execution Region RW_IRAM1 (Exec base: 0x20002250, Load base: 0x000333bc, Size: 0x000033e8, Max: 0x0000ddb0, ABSOLUTE, COMPRESSED[0x0000009c])

    Exec Addr    Load Addr    Size         Type   Attr      Idx    E Section Name        Object

    0x20002250   COMPRESSED   0x00000006   Data   RW           24    .data               main.o
    0x20002256   COMPRESSED   0x00000002   PAD
    0x20002258   COMPRESSED   0x00000010   Data   RW          611    .data               bsp.o
    0x20002268   COMPRESSED   0x00000008   Data   RW          728    .data               bsp_btn_ble.o
    0x20002270   COMPRESSED   0x00000008   Data   RW         1112    .data               ble_conn_params.o
    0x20002278   COMPRESSED   0x00000010   Data   RW         1440    .data               gatt_cache_manager.o
    0x20002288   COMPRESSED   0x0000000c   Data   RW         1614    .data               gatts_cache_manager.o
    0x20002294   COMPRESSED   0x0000000c   Data   RW         2049    .data               peer_data_storage.o
    0x200022a0   COMPRESSED   0x00000008   Data   RW         2189    .data               peer_database.o
    0x200022a8   COMPRESSED   0x00000010   Data   RW         2428    .data               peer_manager.o
    0x200022b8   COMPRESSED   0x00000060   Data   RW         2706    .data               peer_manager_handler.o
    0x20002318   COMPRESSED   0x00000005   Data   RW         2856    .data               security_dispatcher.o
    0x2000231d   COMPRESSED   0x00000003   PAD
    0x20002320   COMPRESSED   0x00000015   Data   RW         3000    .data               security_manager.o
    0x20002335   COMPRESSED   0x00000003   PAD
    0x20002338   COMPRESSED   0x0000000c   Data   RW         3311    .data               nrf_drv_uart.o
    0x20002344   COMPRESSED   0x00000008   Data   RW         3517    .data               nrfx_clock.o
    0x2000234c   COMPRESSED   0x00000008   Data   RW         3949    .data               nrfx_prs.o
    0x20002354   COMPRESSED   0x00000004   PAD
    0x20002358   COMPRESSED   0x00000018   Data   RW         4360    .data               app_button.o
    0x20002370   COMPRESSED   0x00000020   Data   RW         4620    .data               app_timer2.o
    0x20002390   COMPRESSED   0x00000004   Data   RW         4621    .data               app_timer2.o
    0x20002394   COMPRESSED   0x0000000c   Data   RW         4859    .data               drv_rtc.o
    0x200023a0   COMPRESSED   0x00000030   Data   RW         5060    .data               fds.o
    0x200023d0   COMPRESSED   0x00000008   Data   RW         5865    .data               nrf_fstorage_sd.o
    0x200023d8   COMPRESSED   0x00000008   Data   RW         6045    .data               nrf_pwr_mgmt.o
    0x200023e0   COMPRESSED   0x00000018   Data   RW         6396    .data               nrf_log_backend_uart.o
    0x200023f8   COMPRESSED   0x00000008   Data   RW         6461    .data               nrf_log_default_backends.o
    0x20002400   COMPRESSED   0x00000004   Data   RW         6527    .data               nrf_log_frontend.o
    0x20002404   COMPRESSED   0x00000008   Data   RW         6528    .data               nrf_log_frontend.o
    0x2000240c   COMPRESSED   0x00000008   Data   RW         6529    .data               nrf_log_frontend.o
    0x20002414   COMPRESSED   0x00000040   Data   RW         6688    .data               nrf_log_str_formatter.o
    0x20002454   COMPRESSED   0x00000003   Data   RW         7115    .data               nrf_sdh.o
    0x20002457   COMPRESSED   0x00000001   Data   RW         7225    .data               nrf_sdh_ble.o
    0x20002458   COMPRESSED   0x00000010   Data   RW         7456    .data               nrf_drv_twi.o
    0x20002468   COMPRESSED   0x00000004   Data   RW         7780    .data               system_nrf52.o
    0x2000246c   COMPRESSED   0x00000014   Data   RW         5061    fs_data             fds.o
    0x20002480        -       0x00000020   Zero   RW           20    .bss                main.o
    0x200024a0        -       0x00000012   Zero   RW           21    .bss                main.o
    0x200024b2   COMPRESSED   0x00000002   PAD
    0x200024b4        -       0x00000454   Zero   RW           22    .bss                main.o
    0x20002908        -       0x00000020   Zero   RW          606    .bss                bsp.o
    0x20002928        -       0x00000020   Zero   RW          607    .bss                bsp.o
    0x20002948        -       0x0000000c   Zero   RW          608    .bss                bsp.o
    0x20002954   COMPRESSED   0x00000004   PAD
    0x20002958        -       0x00000020   Zero   RW          609    .bss                bsp.o
    0x20002978        -       0x00000050   Zero   RW         1111    .bss                ble_conn_params.o
    0x200029c8        -       0x0000007c   Zero   RW         1207    .bss                ble_conn_state.o
    0x20002a44        -       0x000000d8   Zero   RW         1717    .bss                id_manager.o
    0x20002b1c        -       0x00000180   Zero   RW         2185    .bss                peer_database.o
    0x20002c9c        -       0x00000040   Zero   RW         2301    .bss                peer_id.o
    0x20002cdc        -       0x0000000c   Zero   RW         2424    .bss                peer_manager.o
    0x20002ce8        -       0x00000040   Zero   RW         2852    .bss                security_dispatcher.o
    0x20002d28        -       0x00000014   Zero   RW         3166    .bss                nrf_drv_clock.o
    0x20002d3c        -       0x00000060   Zero   RW         3684    .bss                nrfx_gpiote.o
    0x20002d9c        -       0x0000002c   Zero   RW         4023    .bss                nrfx_uart.o
    0x20002dc8        -       0x00000024   Zero   RW         4207    .bss                nrfx_uarte.o
    0x20002dec   COMPRESSED   0x00000004   PAD
    0x20002df0        -       0x00000020   Zero   RW         4356    .bss                app_button.o
    0x20002e10        -       0x00000010   Zero   RW         4357    .bss                app_button.o
    0x20002e20        -       0x00000010   Zero   RW         4616    .bss                app_timer2.o
    0x20002e30        -       0x00000058   Zero   RW         4617    .bss                app_timer2.o
    0x20002e88        -       0x0000000c   Zero   RW         4746    .bss                app_util_platform.o
    0x20002e94        -       0x00000010   Zero   RW         5057    .bss                fds.o
    0x20002ea4        -       0x000000e0   Zero   RW         5058    .bss                fds.o
    0x20002f84        -       0x00000010   Zero   RW         5861    .bss                nrf_fstorage_sd.o
    0x20002f94        -       0x000000a0   Zero   RW         5862    .bss                nrf_fstorage_sd.o
    0x20003034        -       0x0000000c   Zero   RW         6041    .bss                nrf_pwr_mgmt.o
    0x20003040        -       0x00000040   Zero   RW         6393    .bss                nrf_log_backend_uart.o
    0x20003080        -       0x000000c0   Zero   RW         6521    .bss                nrf_log_frontend.o
    0x20003140        -       0x00000080   Zero   RW         6522    .bss                nrf_log_frontend.o
    0x200031c0        -       0x00000018   Zero   RW         6523    .bss                nrf_log_frontend.o
    0x200031d8        -       0x00000420   Zero   RW         6524    .bss                nrf_log_frontend.o
    0x200035f8        -       0x0000003c   Zero   RW         7525    .bss                nrfx_twi.o
    0x20003634   COMPRESSED   0x00000004   PAD
    0x20003638        -       0x00002000   Zero   RW         7768    STACK               arm_startup_nrf52.o


==============================================================================

Image component sizes


      Code (inc. data)   RO Data    RW Data    ZI Data      Debug   Object Name

       664         66         27         24         48      17702   app_button.o
        22          0          0          0          0       2509   app_error.o
       132         46          0          0          0      34117   app_error_weak.o
         0          0          0          0          0      37166   app_scheduler.o
       846         88         38         36        104      16541   app_timer2.o
       124         14          0          0         12      10650   app_util_platform.o
        36          8        512          0       8192        924   arm_startup_nrf52.o
      1338          0          0          0          0      60468   ble_advdata.o
      1076          6          0          0          0      17927   ble_advertising.o
       636         44          8          8         80      12655   ble_conn_params.o
       772         62          8          0        124      15577   ble_conn_state.o
         8          0          0          0          0       1446   ble_srv_common.o
       358         40          8          0          0      65337   boards.o
       998         84         44         16        108      22875   bsp.o
       252         10          8          8          0      54964   bsp_btn_ble.o
       704         76          6         12          0      48537   drv_rtc.o
      3872        348         24         68        240      50502   fds.o
      2152        552        553         16          0      42960   gatt_cache_manager.o
       686         84        462         12          0      16539   gatts_cache_manager.o
       796         24         40          0          0      26910   icm_twi_driver.o
       946         34         32          0        216      21496   id_manager.o
      1318        272         40          6       1158     167720   main.o
       342          0          0          0          0       6670   nrf_atfifo.o
       170          0          0          0          0       4788   nrf_atflags.o
       332          0          0          0          0      10074   nrf_atomic.o
       164          0          0          0          0       3608   nrf_balloc.o
      1714        784        361          0          0      38907   nrf_ble_gatt.o
       276          0          0          0          0       6173   nrf_ble_qwr.o
       312         36         30          0         20      47452   nrf_drv_clock.o
       328         16          6         16          0      14067   nrf_drv_twi.o
       200         26          0         12          0      17772   nrf_drv_uart.o
        50          0          0          0          0       3509   nrf_fprintf.o
       866          4         16          0          0       6530   nrf_fprintf_format.o
       972        432        194          0          0       7980   nrf_fstorage.o
       798         82         72          8        176      15915   nrf_fstorage_sd.o
       200          0          0          0          0      11585   nrf_log_backend_serial.o
       232         44         44         24         64      15850   nrf_log_backend_uart.o
        28          4         33          8          0       3329   nrf_log_default_backends.o
      1516        128         44         20       1400      31376   nrf_log_frontend.o
       570        108        102         64          0       5628   nrf_log_str_formatter.o
       346          0          0          0          0       9527   nrf_memobj.o
       108         16         53          8         12      41350   nrf_pwr_mgmt.o
        28          0          0          0          0       2351   nrf_ringbuf.o
       560         60        104          3          0      45236   nrf_sdh.o
       672        232        468          1          0       5833   nrf_sdh_ble.o
        60          4         56          0          0       2456   nrf_sdh_soc.o
        78          0          0          0          0       2756   nrf_section_iter.o
        84          0         17          0          0       4081   nrf_sortlist.o
        76         10       1319          0          0       2723   nrf_strerror.o
       242         32         14          8          0      47040   nrfx_clock.o
      1268        106         19          0         96      65681   nrfx_gpiote.o
       112         16         12          8          0       4464   nrfx_prs.o
      1604         46         36          0         60      28294   nrfx_twi.o
      1310         42         17          0         44      30473   nrfx_uart.o
      1312         42         18          0         36      25943   nrfx_uarte.o
      1172        144        281         12          0      18166   peer_data_storage.o
      1434        260        425          8        384      19410   peer_database.o
       314         38          0          0         64       9087   peer_id.o
      1678        454        217         16         12      19795   peer_manager.o
      1824        842        832         96          0       9320   peer_manager_handler.o
       234          0          0          0          0       5419   pm_buffer.o
      1944        268        835          5         64      26823   security_dispatcher.o
      1372        122        411         21          0      54406   security_manager.o
       920         72          0          4          0      13419   system_nrf52.o

    ----------------------------------------------------------------------
     45652       6328       7960        560      12728    1490788   Object Totals
         0          0         32          0          0          0   (incl. Generated)
        94          0         82         12         14          0   (incl. Padding)

    ----------------------------------------------------------------------

      Code (inc. data)   RO Data    RW Data    ZI Data      Debug   Library Member Name

        86          0          0          0          0          0   __dczerorl2.o
         8          4        133          0          0         68   ctype_o.o
         0          0          0          0          0          0   entry.o
         0          0          0          0          0          0   entry10a.o
         0          0          0          0          0          0   entry11a.o
         8          4          0          0          0          0   entry2.o
         4          0          0          0          0          0   entry5.o
         0          0          0          0          0          0   entry7b.o
         0          0          0          0          0          0   entry8b.o
         8          4          0          0          0          0   entry9a.o
        30          0          0          0          0          0   handlers.o
        36          8          0          0          0         68   init.o
        30          0          0          0          0         68   llshl.o
        32          0          0          0          0         68   llushr.o
        26          0          0          0          0         80   memcmp.o
        36          0          0          0          0         68   memcpya.o
        36          0          0          0          0        108   memseta.o
        14          0          0          0          0         68   strlen.o
        98          0          0          0          0         92   uldiv.o

    ----------------------------------------------------------------------
       456         20        136          0          0        688   Library Totals
         4          0          3          0          0          0   (incl. Padding)

    ----------------------------------------------------------------------

      Code (inc. data)   RO Data    RW Data    ZI Data      Debug   Library Name

       452         20        133          0          0        688   mc_w.l

    ----------------------------------------------------------------------
       456         20        136          0          0        688   Library Totals

    ----------------------------------------------------------------------

==============================================================================


      Code (inc. data)   RO Data    RW Data    ZI Data      Debug   

     46108       6348       8096        560      12728    1434952   Grand Totals
     46108       6348       8096        156      12728    1434952   ELF Image Totals (compressed)
     46108       6348       8096        156          0          0   ROM Totals

==============================================================================

    Total RO  Size (Code + RO Data)                54204 (  52.93kB)
    Total RW  Size (RW Data + ZI Data)             13288 (  12.98kB)
    Total ROM Size (Code + RO Data + RW Data)      54360 (  53.09kB)

==============================================================================

