Component: ARM Compiler 5.06 update 6 (build 750) Tool: armlink [4d35ed]

==============================================================================

Section Cross References

    main.o(i.advertising_start) refers to nrf_log_frontend.o(i.nrf_log_frontend_std_0) for nrf_log_frontend_std_0
    main.o(i.advertising_start) refers to peer_manager.o(i.pm_peers_delete) for pm_peers_delete
    main.o(i.advertising_start) refers to ble_advertising.o(i.ble_advertising_start) for ble_advertising_start
    main.o(i.advertising_start) refers to app_error.o(i.app_error_handler_bare) for app_error_handler_bare
    main.o(i.advertising_start) refers to nrf_log_frontend.o(log_const_data) for m_nrf_log_app_logs_data_const
    main.o(i.advertising_start) refers to main.o(.bss) for .bss
    main.o(i.assert_nrf_callback) refers to app_error_handler_keil.o(.emb_text) for app_error_handler
    main.o(i.ble_evt_handler) refers to nrf_log_frontend.o(i.nrf_log_frontend_std_0) for nrf_log_frontend_std_0
    main.o(i.ble_evt_handler) refers to bsp.o(i.bsp_indication_set) for bsp_indication_set
    main.o(i.ble_evt_handler) refers to app_error.o(i.app_error_handler_bare) for app_error_handler_bare
    main.o(i.ble_evt_handler) refers to nrf_ble_qwr.o(i.nrf_ble_qwr_conn_handle_assign) for nrf_ble_qwr_conn_handle_assign
    main.o(i.ble_evt_handler) refers to nrf_log_frontend.o(log_const_data) for m_nrf_log_app_logs_data_const
    main.o(i.ble_evt_handler) refers to main.o(.data) for .data
    main.o(i.ble_evt_handler) refers to main.o(.bss) for .bss
    main.o(i.bsp_event_handler) refers to main.o(i.sleep_mode_enter) for sleep_mode_enter
    main.o(i.bsp_event_handler) refers to app_error.o(i.app_error_handler_bare) for app_error_handler_bare
    main.o(i.bsp_event_handler) refers to ble_advertising.o(i.ble_advertising_restart_without_whitelist) for ble_advertising_restart_without_whitelist
    main.o(i.bsp_event_handler) refers to main.o(.data) for .data
    main.o(i.bsp_event_handler) refers to main.o(.bss) for .bss
    main.o(i.conn_params_error_handler) refers to app_error.o(i.app_error_handler_bare) for app_error_handler_bare
    main.o(i.main) refers to main.o(i.nrf_gpio_cfg_output) for nrf_gpio_cfg_output
    main.o(i.main) refers to icm_twi_driver.o(i.Nordic_TWI_init) for Nordic_TWI_init
    main.o(i.main) refers to icm_twi_driver.o(i.icm_20948_ReadOne_Byte) for icm_20948_ReadOne_Byte
    main.o(i.main) refers to nrf_log_frontend.o(i.nrf_log_init) for nrf_log_init
    main.o(i.main) refers to app_error.o(i.app_error_handler_bare) for app_error_handler_bare
    main.o(i.main) refers to nrf_log_default_backends.o(i.nrf_log_default_backends_init) for nrf_log_default_backends_init
    main.o(i.main) refers to app_timer2.o(i.app_timer_init) for app_timer_init
    main.o(i.main) refers to app_timer2.o(i.app_timer_create) for app_timer_create
    main.o(i.main) refers to bsp.o(i.bsp_init) for bsp_init
    main.o(i.main) refers to bsp_btn_ble.o(i.bsp_btn_ble_init) for bsp_btn_ble_init
    main.o(i.main) refers to nrf_pwr_mgmt.o(i.nrf_pwr_mgmt_init) for nrf_pwr_mgmt_init
    main.o(i.main) refers to nrf_sdh.o(i.nrf_sdh_enable_request) for nrf_sdh_enable_request
    main.o(i.main) refers to nrf_sdh_ble.o(i.nrf_sdh_ble_default_cfg_set) for nrf_sdh_ble_default_cfg_set
    main.o(i.main) refers to nrf_sdh_ble.o(i.nrf_sdh_ble_enable) for nrf_sdh_ble_enable
    main.o(i.main) refers to nrf_ble_gatt.o(i.nrf_ble_gatt_init) for nrf_ble_gatt_init
    main.o(i.main) refers to memseta.o(.text) for __aeabi_memclr4
    main.o(i.main) refers to ble_advertising.o(i.ble_advertising_init) for ble_advertising_init
    main.o(i.main) refers to ble_advertising.o(i.ble_advertising_conn_cfg_tag_set) for ble_advertising_conn_cfg_tag_set
    main.o(i.main) refers to nrf_ble_qwr.o(i.nrf_ble_qwr_init) for nrf_ble_qwr_init
    main.o(i.main) refers to ble_conn_params.o(i.ble_conn_params_init) for ble_conn_params_init
    main.o(i.main) refers to main.o(i.peer_manager_init) for peer_manager_init
    main.o(i.main) refers to nrf_log_frontend.o(i.nrf_log_frontend_std_0) for nrf_log_frontend_std_0
    main.o(i.main) refers to main.o(i.advertising_start) for advertising_start
    main.o(i.main) refers to app_timer2.o(i.app_timer_start) for app_timer_start
    main.o(i.main) refers to nrf_log_frontend.o(i.nrf_log_frontend_dequeue) for nrf_log_frontend_dequeue
    main.o(i.main) refers to nrf_pwr_mgmt.o(i.nrf_pwr_mgmt_run) for nrf_pwr_mgmt_run
    main.o(i.main) refers to main.o(i.nrf_delay_ms) for nrf_delay_ms
    main.o(i.main) refers to main.o(.data) for .data
    main.o(i.main) refers to main.o(i.Nordic_period_timeout_handle) for Nordic_period_timeout_handle
    main.o(i.main) refers to main.o(.constdata) for .constdata
    main.o(i.main) refers to main.o(i.bsp_event_handler) for bsp_event_handler
    main.o(i.main) refers to main.o(.bss) for .bss
    main.o(i.main) refers to main.o(i.on_adv_evt) for on_adv_evt
[...]
    0x000264b4   0x000264b4   0x0000000e   Code   RO         7799    .text               mc_w.l(strlen.o)
    0x000264c2   0x000264c2   0x0000001a   Code   RO         7803    .text               mc_w.l(memcmp.o)
    0x000264dc   0x000264dc   0x00000020   Code   RO         7852    .text               mc_w.l(llushr.o)
    0x000264fc   0x000264fc   0x00000024   Code   RO         7857    .text               mc_w.l(init.o)
    0x00026520   0x00026520   0x00000056   Code   RO         7867    .text               mc_w.l(__dczerorl2.o)
    0x00026576   0x00026576   0x00000002   PAD
    0x00026578   0x00026578   0x000000a4   Code   RO         3620    i.GPIOTE_IRQHandler  nrfx_gpiote.o
    0x0002661c   0x0002661c   0x00000030   Code   RO         7288    i.Nordic_TWI_init   icm_twi_driver.o
    0x0002664c   0x0002664c   0x00000002   Code   RO            4    i.Nordic_period_timeout_handle  main.o
    0x0002664e   0x0002664e   0x00000002   PAD
    0x00026650   0x00026650   0x00000058   Code   RO         3481    i.POWER_CLOCK_IRQHandler  nrfx_clock.o
    0x000266a8   0x000266a8   0x00000010   Code   RO         4817    i.RTC1_IRQHandler   drv_rtc.o
    0x000266b8   0x000266b8   0x00000010   Code   RO         7429    i.SPIM0_SPIS0_TWIM0_TWIS0_SPI0_TWI0_IRQHandler  nrfx_twi.o
    0x000266c8   0x000266c8   0x00000004   Code   RO         7078    i.SWI2_EGU2_IRQHandler  nrf_sdh.o
    0x000266cc   0x000266cc   0x00000398   Code   RO         7708    i.SystemInit        system_nrf52.o
    0x00026a64   0x00026a64   0x0000000c   Code   RO         3925    i.UARTE0_UART0_IRQHandler  nrfx_prs.o
    0x00026a70   0x00026a70   0x0000000e   Code   RO         7861    i.__scatterload_copy  mc_w.l(handlers.o)
    0x00026a7e   0x00026a7e   0x00000002   Code   RO         7862    i.__scatterload_null  mc_w.l(handlers.o)
    0x00026a80   0x00026a80   0x0000000e   Code   RO         7863    i.__scatterload_zeroinit  mc_w.l(handlers.o)
    0x00026a8e   0x00026a8e   0x00000002   PAD
    0x00026a90   0x00026a90   0x00000024   Code   RO         7079    i.__sd_nvic_app_accessible_irq  nrf_sdh.o
    0x00026ab4   0x00026ab4   0x0000013c   Code   RO         2670    i._conn_secure      peer_manager_handler.o
    0x00026bf0   0x00026bf0   0x00000026   Code   RO         1676    i.addr_compare      id_manager.o
    0x00026c16   0x00026c16   0x0000000c   Code   RO         5741    i.addr_is_aligned32  nrf_fstorage.o
    0x00026c22   0x00026c22   0x00000018   Code   RO         5742    i.addr_is_within_bounds  nrf_fstorage.o
    0x00026c3a   0x00026c3a   0x00000010   Code   RO          979    i.adv_set_data_size_max_get  ble_advertising.o
    0x00026c4a   0x00026c4a   0x00000036   Code   RO          706    i.advertising_buttons_configure  bsp_btn_ble.o
    0x00026c80   0x00026c80   0x00000050   Code   RO            5    i.advertising_start  main.o
    0x00026cd0   0x00026cd0   0x00000052   Code   RO         1677    i.ah                id_manager.o
    0x00026d22   0x00026d22   0x00000006   Code   RO          573    i.alert_timer_handler  bsp.o
    0x00026d28   0x00026d28   0x0000000c   Code   RO         2814    i.allow_repairing   security_dispatcher.o
    0x00026d34   0x00026d34   0x00000024   Code   RO         4328    i.app_button_enable  app_button.o
    0x00026d58   0x00026d58   0x00000080   Code   RO         4329    i.app_button_init   app_button.o
    0x00026dd8   0x00026dd8   0x00000084   Code   RO         4486    i.app_error_fault_handler  app_error_weak.o
    0x00026e5c   0x00026e5c   0x00000016   Code   RO         4426    i.app_error_handler_bare  app_error.o
    0x00026e72   0x00026e72   0x00000002   PAD
    0x00026e74   0x00026e74   0x0000000c   Code   RO         4581    i.app_timer_cnt_get  app_timer2.o
    0x00026e80   0x00026e80   0x00000016   Code   RO         4582    i.app_timer_create  app_timer2.o
    0x00026e96   0x00026e96   0x00000002   PAD
    0x00026e98   0x00026e98   0x0000005c   Code   RO         4583    i.app_timer_init    app_timer2.o
    0x00026ef4   0x00026ef4   0x00000030   Code   RO         4586    i.app_timer_start   app_timer2.o
    0x00026f24   0x00026f24   0x0000000c   Code   RO         4587    i.app_timer_stop    app_timer2.o
    0x00026f30   0x00026f30   0x00000048   Code   RO         4722    i.app_util_critical_region_enter  app_util_platform.o
    0x00026f78   0x00026f78   0x00000034   Code   RO         4723    i.app_util_critical_region_exit  app_util_platform.o
    0x00026fac   0x00026fac   0x00000088   Code   RO         3979    i.apply_config      nrfx_uart.o
    0x00027034   0x00027034   0x00000088   Code   RO         4167    i.apply_config      nrfx_uarte.o
    0x000270bc   0x000270bc   0x00000004   Code   RO         1399    i.apply_pending_handle  gatt_cache_manager.o
    0x000270c0   0x000270c0   0x00000180   Code   RO         2815    i.auth_status_success_process  security_dispatcher.o
    0x00027240   0x00027240   0x00000182   Code   RO          870    i.ble_advdata_encode  ble_advdata.o
    0x000273c2   0x000273c2   0x00000020   Code   RO          872    i.ble_advdata_parse  ble_advdata.o
    0x000273e2   0x000273e2   0x00000046   Code   RO          873    i.ble_advdata_search  ble_advdata.o
    0x00027428   0x00027428   0x00000006   Code   RO          981    i.ble_advertising_conn_cfg_tag_set  ble_advertising.o
    0x0002742e   0x0002742e   0x000000f8   Code   RO          982    i.ble_advertising_init  ble_advertising.o
    0x00027526   0x00027526   0x0000006a   Code   RO          984    i.ble_advertising_on_ble_evt  ble_advertising.o
    0x00027590   0x00027590   0x0000003a   Code   RO          986    i.ble_advertising_restart_without_whitelist  ble_advertising.o
    0x000275ca   0x000275ca   0x00000230   Code   RO          987    i.ble_advertising_start  ble_advertising.o
    0x000277fa   0x000277fa   0x00000002   PAD
    0x000277fc   0x000277fc   0x00000068   Code   RO         1085    i.ble_conn_params_init  ble_conn_params.o
    0x00027864   0x00027864   0x00000020   Code   RO         1170    i.ble_conn_state_encrypted  ble_conn_state.o
    0x00027884   0x00027884   0x0000002c   Code   RO         1172    i.ble_conn_state_for_each_set_user_flag  ble_conn_state.o
    0x000278b0   0x000278b0   0x00000020   Code   RO         1174    i.ble_conn_state_lesc  ble_conn_state.o
    0x000278d0   0x000278d0   0x00000020   Code   RO         1175    i.ble_conn_state_mitm_protected  ble_conn_state.o
    0x000278f0   0x000278f0   0x00000024   Code   RO         1178    i.ble_conn_state_role  ble_conn_state.o
    0x00027914   0x00027914   0x00000024   Code   RO         1179    i.ble_conn_state_status  ble_conn_state.o
    0x00027938   0x00027938   0x00000018   Code   RO         1180    i.ble_conn_state_user_flag_acquire  ble_conn_state.o
    0x00027950   0x00027950   0x00000030   Code   RO         1181    i.ble_conn_state_user_flag_get  ble_conn_state.o
    0x00027980   0x00027980   0x00000038   Code   RO         1182    i.ble_conn_state_user_flag_set  ble_conn_state.o
    0x000279b8   0x000279b8   0x00000014   Code   RO         1183    i.ble_conn_state_valid  ble_conn_state.o
    0x000279cc   0x000279cc   0x00000060   Code   RO          876    i.ble_device_addr_encode  ble_advdata.o
    0x00027a2c   0x00027a2c   0x00000118   Code   RO            7    i.ble_evt_handler   main.o
    0x00027b44   0x00027b44   0x00000070   Code   RO          707    i.ble_evt_handler   bsp_btn_ble.o
    0x00027bb4   0x00027bb4   0x000000fc   Code   RO         1087    i.ble_evt_handler   ble_conn_params.o
    0x00027cb0   0x00027cb0   0x00000118   Code   RO         1184    i.ble_evt_handler   ble_conn_state.o
    0x00027dc8   0x00027dc8   0x00000028   Code   RO         2361    i.ble_evt_handler   peer_manager.o
    0x00027df0   0x00027df0   0x00000008   Code   RO         1339    i.ble_srv_is_notification_enabled  ble_srv_common.o
    0x00027df8   0x00027df8   0x0000000c   Code   RO          428    i.bsp_board_button_idx_to_pin  boards.o
    0x00027e04   0x00027e04   0x00000020   Code   RO          429    i.bsp_board_button_state_get  boards.o
    0x00027e24   0x00027e24   0x00000054   Code   RO          430    i.bsp_board_init    boards.o
    0x00027e78   0x00027e78   0x00000024   Code   RO          432    i.bsp_board_led_invert  boards.o
    0x00027e9c   0x00027e9c   0x00000010   Code   RO          433    i.bsp_board_led_off  boards.o
    0x00027eac   0x00027eac   0x00000010   Code   RO          434    i.bsp_board_led_on  boards.o
    0x00027ebc   0x00027ebc   0x00000020   Code   RO          435    i.bsp_board_led_state_get  boards.o
    0x00027edc   0x00027edc   0x00000012   Code   RO          436    i.bsp_board_leds_off  boards.o
    0x00027eee   0x00027eee   0x00000012   Code   RO          437    i.bsp_board_leds_on  boards.o
    0x00027f00   0x00027f00   0x00000024   Code   RO          438    i.bsp_board_pin_to_button_idx  boards.o
    0x00027f24   0x00027f24   0x00000038   Code   RO          708    i.bsp_btn_ble_init  bsp_btn_ble.o
    0x00027f5c   0x00027f5c   0x0000001e   Code   RO          709    i.bsp_btn_ble_sleep_mode_prepare  bsp_btn_ble.o
    0x00027f7a   0x00027f7a   0x00000002   PAD
    0x00027f7c   0x00027f7c   0x00000090   Code   RO          574    i.bsp_button_event_handler  bsp.o
    0x0002800c   0x0002800c   0x0000000c   Code   RO          575    i.bsp_button_is_pressed  bsp.o
    0x00028018   0x00028018   0x0000004c   Code   RO            8    i.bsp_event_handler  main.o
    0x00028064   0x00028064   0x00000044   Code   RO          578    i.bsp_event_to_button_action_assign  bsp.o
    0x000280a8   0x000280a8   0x00000018   Code   RO          579    i.bsp_indication_set  bsp.o
    0x000280c0   0x000280c0   0x00000094   Code   RO          580    i.bsp_init          bsp.o
    0x00028154   0x00028154   0x000001c8   Code   RO          581    i.bsp_led_indication  bsp.o
    0x0002831c   0x0002831c   0x00000006   Code   RO          583    i.bsp_wakeup_button_enable  bsp.o
    0x00028322   0x00028322   0x00000002   PAD
    0x00028324   0x00028324   0x00000094   Code   RO         6477    i.buf_prealloc      nrf_log_frontend.o
    0x000283b8   0x000283b8   0x0000002e   Code   RO         5701    i.buffer_add        nrf_fprintf_format.o
    0x000283e6   0x000283e6   0x00000002   PAD
    0x000283e8   0x000283e8   0x00000018   Code   RO         6478    i.buffer_is_empty   nrf_log_frontend.o
    0x00028400   0x00028400   0x00000028   Code   RO         4331    i.button_get        app_button.o
    0x00028428   0x00028428   0x00000008   Code   RO          584    i.button_timer_handler  bsp.o
    0x00028430   0x00028430   0x00000028   Code   RO         1400    i.car_update_needed  gatt_cache_manager.o
    0x00028458   0x00028458   0x00000040   Code   RO         1401    i.car_update_pending_handle  gatt_cache_manager.o
    0x00028498   0x00028498   0x0000001c   Code   RO         3621    i.channel_free      nrfx_gpiote.o
    0x000284b4   0x000284b4   0x00000048   Code   RO         3622    i.channel_port_alloc  nrfx_gpiote.o
    0x000284fc   0x000284fc   0x00000010   Code   RO         3623    i.channel_port_get  nrfx_gpiote.o
    0x0002850c   0x0002850c   0x0000003e   Code   RO         2271    i.claim             peer_id.o
    0x0002854a   0x0002854a   0x00000002   PAD
    0x0002854c   0x0002854c   0x00000028   Code   RO         3130    i.clock_clk_started_notify  nrf_drv_clock.o
    0x00028574   0x00028574   0x0000001c   Code   RO         3131    i.clock_irq_handler  nrf_drv_clock.o
    0x00028590   0x00028590   0x00000018   Code   RO         4589    i.compare_func      app_timer2.o
    0x000285a8   0x000285a8   0x0000003e   Code   RO         1185    i.conn_handle_list_get  ble_conn_state.o
    0x000285e6   0x000285e6   0x00000088   Code   RO          877    i.conn_int_encode   ble_advdata.o
    0x0002866e   0x0002866e   0x00000004   Code   RO            9    i.conn_params_error_handler  main.o
    0x00028672   0x00028672   0x00000002   PAD
    0x00028674   0x00028674   0x00000048   Code   RO         1088    i.conn_params_negotiation  ble_conn_params.o
    0x000286bc   0x000286bc   0x00000044   Code   RO         2816    i.conn_sec_failure  security_dispatcher.o
    0x00028700   0x00028700   0x00000004   Code   RO         2671    i.conn_secure       peer_manager_handler.o
    0x00028704   0x00028704   0x00000100   Code   RO         1848    i.data_length_update  nrf_ble_gatt.o
    0x00028804   0x00028804   0x00000030   Code   RO         1402    i.db_update_pending_handle  gatt_cache_manager.o
    0x00028834   0x00028834   0x0000008c   Code   RO         4986    i.delete_execute    fds.o
    0x000288c0   0x000288c0   0x00000048   Code   RO         4332    i.detection_delay_timeout_handler  app_button.o
    0x00028908   0x00028908   0x00000014   Code   RO         6479    i.dropped_sat16_get  nrf_log_frontend.o
    0x0002891c   0x0002891c   0x00000014   Code   RO         4818    i.drv_rtc_compare_disable  drv_rtc.o
    0x00028930   0x00028930   0x0000000e   Code   RO         4821    i.drv_rtc_compare_pending  drv_rtc.o
    0x0002893e   0x0002893e   0x00000050   Code   RO         4822    i.drv_rtc_compare_set  drv_rtc.o
    0x0002898e   0x0002898e   0x00000008   Code   RO         4823    i.drv_rtc_counter_get  drv_rtc.o
    0x00028996   0x00028996   0x00000002   PAD
    0x00028998   0x00028998   0x000000d8   Code   RO         4824    i.drv_rtc_init      drv_rtc.o
    0x00028a70   0x00028a70   0x0000001e   Code   RO         4825    i.drv_rtc_irq_trigger  drv_rtc.o
    0x00028a8e   0x00028a8e   0x00000008   Code   RO         4827    i.drv_rtc_overflow_enable  drv_rtc.o
    0x00028a96   0x00028a96   0x00000008   Code   RO         4828    i.drv_rtc_overflow_pending  drv_rtc.o
    0x00028a9e   0x00028a9e   0x00000008   Code   RO         4829    i.drv_rtc_start     drv_rtc.o
    0x00028aa6   0x00028aa6   0x00000008   Code   RO         4830    i.drv_rtc_stop      drv_rtc.o
    0x00028aae   0x00028aae   0x000000de   Code   RO         4835    i.drv_rtc_windowed_compare_set  drv_rtc.o
    0x00028b8c   0x00028b8c   0x0000000a   Code   RO         2817    i.encryption_failure  security_dispatcher.o
    0x00028b96   0x00028b96   0x00000002   PAD
    0x00028b98   0x00028b98   0x0000004c   Code   RO         5828    i.erase             nrf_fstorage_sd.o
    0x00028be4   0x00028be4   0x00000074   Code   RO         4987    i.event_prepare     fds.o
    0x00028c58   0x00028c58   0x00000020   Code   RO         4988    i.event_send        fds.o
    0x00028c78   0x00028c78   0x00000054   Code   RO         5829    i.event_send        nrf_fstorage_sd.o
    0x00028ccc   0x00028ccc   0x00000098   Code   RO         2955    i.events_send_from_err_code  security_manager.o
    0x00028d64   0x00028d64   0x00000012   Code   RO         4836    i.evt_enable        drv_rtc.o
    0x00028d76   0x00028d76   0x00000002   PAD
    0x00028d78   0x00028d78   0x000000e0   Code   RO         4333    i.evt_handle        app_button.o
    0x00028e58   0x00028e58   0x00000014   Code   RO         4837    i.evt_pending       drv_rtc.o
    0x00028e6c   0x00028e6c   0x0000001c   Code   RO         1403    i.evt_send          gatt_cache_manager.o
    0x00028e88   0x00028e88   0x0000001c   Code   RO         1581    i.evt_send          gatts_cache_manager.o
    0x00028ea4   0x00028ea4   0x0000002c   Code   RO         2362    i.evt_send          peer_manager.o
    0x00028ed0   0x00028ed0   0x0000001c   Code   RO         2818    i.evt_send          security_dispatcher.o
    0x00028eec   0x00028eec   0x0000000c   Code   RO         2956    i.evt_send          security_manager.o
    0x00028ef8   0x00028ef8   0x000000e0   Code   RO         2009    i.fds_evt_handler   peer_data_storage.o
    0x00028fd8   0x00028fd8   0x00000048   Code   RO         4990    i.fds_file_delete   fds.o
    0x00029020   0x00029020   0x00000040   Code   RO         4991    i.fds_gc            fds.o
    0x00029060   0x00029060   0x000000e4   Code   RO         4992    i.fds_init          fds.o
    0x00029144   0x00029144   0x00000048   Code   RO         4993    i.fds_record_close  fds.o
    0x0002918c   0x0002918c   0x0000000e   Code   RO         4995    i.fds_record_find   fds.o
    0x0002919a   0x0002919a   0x00000010   Code   RO         4996    i.fds_record_find_by_key  fds.o
    0x000291aa   0x000291aa   0x00000010   Code   RO         4997    i.fds_record_find_in_file  fds.o
    0x000291ba   0x000291ba   0x00000012   Code   RO         4998    i.fds_record_id_from_desc  fds.o
    0x000291cc   0x000291cc   0x0000004c   Code   RO         5000    i.fds_record_open   fds.o
    0x00029218   0x00029218   0x00000010   Code   RO         5001    i.fds_record_update  fds.o
    0x00029228   0x00029228   0x00000008   Code   RO         5002    i.fds_record_write  fds.o
    0x00029230   0x00029230   0x00000030   Code   RO         5004    i.fds_register      fds.o
    0x00029260   0x00029260   0x000000a0   Code   RO         5007    i.fds_stat          fds.o
    0x00029300   0x00029300   0x00000014   Code   RO         2010    i.file_id_within_pm_range  peer_data_storage.o
    0x00029314   0x00029314   0x00000012   Code   RO         2819    i.flag_id_init      security_dispatcher.o
    0x00029326   0x00029326   0x00000012   Code   RO         2957    i.flag_id_init      security_manager.o
    0x00029338   0x00029338   0x0000000a   Code   RO         1186    i.flag_toggle       ble_conn_state.o
    0x00029342   0x00029342   0x00000028   Code   RO          989    i.flags_set         ble_advertising.o
    0x0002936a   0x0002936a   0x00000002   PAD
    0x0002936c   0x0002936c   0x00000030   Code   RO         2958    i.flags_set_from_err_code  security_manager.o
    0x0002939c   0x0002939c   0x00000030   Code   RO         1187    i.for_each_set_flag  ble_conn_state.o
    0x000293cc   0x000293cc   0x00000006   Code   RO         5008    i.fs_event_handler  fds.o
    0x000293d2   0x000293d2   0x00000002   PAD
    0x000293d4   0x000293d4   0x00000080   Code   RO         5009    i.gc_execute        fds.o
    0x00029454   0x00029454   0x0000004c   Code   RO         5010    i.gc_next_page      fds.o
    0x000294a0   0x000294a0   0x00000040   Code   RO         5011    i.gc_page_erase     fds.o
    0x000294e0   0x000294e0   0x00000034   Code   RO         5012    i.gc_record_copy    fds.o
    0x00029514   0x00029514   0x00000024   Code   RO         5013    i.gc_record_find_next  fds.o
    0x00029538   0x00029538   0x00000070   Code   RO         5014    i.gc_state_advance  fds.o
    0x000295a8   0x000295a8   0x00000030   Code   RO         5015    i.gc_swap_pages     fds.o
    0x000295d8   0x000295d8   0x00000230   Code   RO         1404    i.gcm_ble_evt_handler  gatt_cache_manager.o
    0x00029808   0x00029808   0x0000003c   Code   RO         1405    i.gcm_im_evt_handler  gatt_cache_manager.o
    0x00029844   0x00029844   0x00000094   Code   RO         1406    i.gcm_init          gatt_cache_manager.o
    0x000298d8   0x000298d8   0x00000088   Code   RO         1409    i.gcm_pdb_evt_handler  gatt_cache_manager.o
    0x00029960   0x00029960   0x00000034   Code   RO         4590    i.get_now           app_timer2.o
    0x00029994   0x00029994   0x0000003c   Code   RO         4334    i.gpiote_event_handler  app_button.o
    0x000299d0   0x000299d0   0x0000001c   Code   RO         1582    i.gscm_db_change_notification_done  gatts_cache_manager.o
    0x000299ec   0x000299ec   0x00000014   Code   RO         1583    i.gscm_init         gatts_cache_manager.o
    0x00029a00   0x00029a00   0x00000090   Code   RO         1585    i.gscm_local_db_cache_apply  gatts_cache_manager.o
    0x00029a90   0x00029a90   0x000000ac   Code   RO         1586    i.gscm_local_db_cache_update  gatts_cache_manager.o
    0x00029b3c   0x00029b3c   0x00000018   Code   RO         1587    i.gscm_pdb_evt_handler  gatts_cache_manager.o
    0x00029b54   0x00029b54   0x0000001e   Code   RO         1588    i.gscm_service_changed_ind_needed  gatts_cache_manager.o
    0x00029b72   0x00029b72   0x00000002   PAD
    0x00029b74   0x00029b74   0x0000005c   Code   RO         1589    i.gscm_service_changed_ind_send  gatts_cache_manager.o
    0x00029bd0   0x00029bd0   0x0000002c   Code   RO         5016    i.header_check      fds.o
    0x00029bfc   0x00029bfc   0x00000012   Code   RO         5017    i.header_has_next   fds.o
    0x00029c0e   0x00029c0e   0x00000002   PAD
    0x00029c10   0x00029c10   0x00000044   Code   RO         7289    i.icm_20948_ReadOne_Byte  icm_twi_driver.o
    0x00029c54   0x00029c54   0x00000046   Code   RO         1678    i.im_address_resolve  id_manager.o
    0x00029c9a   0x00029c9a   0x00000002   PAD
    0x00029c9c   0x00029c9c   0x00000038   Code   RO         1679    i.im_ble_addr_get   id_manager.o
    0x00029cd4   0x00029cd4   0x000000dc   Code   RO         1680    i.im_ble_evt_handler  id_manager.o
    0x00029db0   0x00029db0   0x00000040   Code   RO         1681    i.im_conn_handle_get  id_manager.o
    0x00029df0   0x00029df0   0x00000038   Code   RO         1683    i.im_find_duplicate_bonding_data  id_manager.o
    0x00029e28   0x00029e28   0x00000072   Code   RO         1686    i.im_is_duplicate_bonding_data  id_manager.o
    0x00029e9a   0x00029e9a   0x00000018   Code   RO         1687    i.im_master_id_is_valid  id_manager.o
    0x00029eb2   0x00029eb2   0x0000002a   Code   RO         1688    i.im_master_ids_compare  id_manager.o
    0x00029edc   0x00029edc   0x00000014   Code   RO         1689    i.im_new_peer_id    id_manager.o
    0x00029ef0   0x00029ef0   0x0000002c   Code   RO         1690    i.im_peer_free      id_manager.o
    0x00029f1c   0x00029f1c   0x00000024   Code   RO         1691    i.im_peer_id_get_by_conn_handle  id_manager.o
    0x00029f40   0x00029f40   0x0000003c   Code   RO         1692    i.im_peer_id_get_by_master_id  id_manager.o
    0x00029f7c   0x00029f7c   0x00000034   Code   RO         5830    i.init              nrf_fstorage_sd.o
    0x00029fb0   0x00029fb0   0x000000c8   Code   RO         5018    i.init_execute      fds.o
    0x0002a078   0x0002a078   0x00000014   Code   RO         1089    i.instance_get      ble_conn_params.o
    0x0002a08c   0x0002a08c   0x000000a6   Code   RO         5702    i.int_print         nrf_fprintf_format.o
    0x0002a132   0x0002a132   0x00000002   PAD
    0x0002a134   0x0002a134   0x00000088   Code   RO         4168    i.interrupts_enable  nrfx_uarte.o
    0x0002a1bc   0x0002a1bc   0x00000034   Code   RO         6480    i.invalid_packets_omit  nrf_log_frontend.o
    0x0002a1f0   0x0002a1f0   0x00000010   Code   RO         5831    i.is_busy           nrf_fstorage_sd.o
    0x0002a200   0x0002a200   0x00000044   Code   RO         1090    i.is_conn_params_ok  ble_conn_params.o
    0x0002a244   0x0002a244   0x00000014   Code   RO         1697    i.is_valid_irk      id_manager.o
    0x0002a258   0x0002a258   0x0000000c   Code   RO         5019    i.is_word_aligned   fds.o
    0x0002a264   0x0002a264   0x00000030   Code   RO          585    i.leds_off          bsp.o
    0x0002a294   0x0002a294   0x00000014   Code   RO          586    i.leds_timer_handler  bsp.o
    0x0002a2a8   0x0002a2a8   0x00000014   Code   RO         1849    i.link_init         nrf_ble_gatt.o
    0x0002a2bc   0x0002a2bc   0x000000d0   Code   RO         2959    i.link_secure       security_manager.o
    0x0002a38c   0x0002a38c   0x0000003c   Code   RO         2820    i.link_secure_failure  security_dispatcher.o
    0x0002a3c8   0x0002a3c8   0x0000002c   Code   RO         2960    i.link_secure_pending_handle  security_manager.o
    0x0002a3f4   0x0002a3f4   0x000000a8   Code   RO         1410    i.local_db_apply_in_evt  gatt_cache_manager.o
    0x0002a49c   0x0002a49c   0x00000010   Code   RO         1411    i.local_db_update   gatt_cache_manager.o
    0x0002a4ac   0x0002a4ac   0x0000010c   Code   RO         1412    i.local_db_update_in_evt  gatt_cache_manager.o
    0x0002a5b8   0x0002a5b8   0x000000a4   Code   RO         6481    i.log_skip          nrf_log_frontend.o
    0x0002a65c   0x0002a65c   0x00000260   Code   RO           10    i.main              main.o
    0x0002a8bc   0x0002a8bc   0x00000064   Code   RO          878    i.manuf_specific_data_encode  ble_advdata.o
    0x0002a920   0x0002a920   0x0000007e   Code   RO         5940    i.memobj_op         nrf_memobj.o
    0x0002a99e   0x0002a99e   0x00000002   PAD
    0x0002a9a0   0x0002a9a0   0x00000030   Code   RO         6482    i.module_idx_get    nrf_log_frontend.o
    0x0002a9d0   0x0002a9d0   0x00000008   Code   RO         2767    i.mutex_lock_status_get  pm_buffer.o
    0x0002a9d8   0x0002a9d8   0x000000a6   Code   RO          879    i.name_encode       ble_advdata.o
    0x0002aa7e   0x0002aa7e   0x00000002   PAD
    0x0002aa80   0x0002aa80   0x00000014   Code   RO         2961    i.new_context_get   security_manager.o
    0x0002aa94   0x0002aa94   0x00000032   Code   RO         2962    i.new_evt           security_manager.o
    0x0002aac6   0x0002aac6   0x00000030   Code   RO         2272    i.next_id_get       peer_id.o
    0x0002aaf6   0x0002aaf6   0x00000010   Code   RO         5355    i.nrf_atfifo_clear  nrf_atfifo.o
    0x0002ab06   0x0002ab06   0x00000026   Code   RO         5357    i.nrf_atfifo_init   nrf_atfifo.o
    0x0002ab2c   0x0002ab2c   0x00000016   Code   RO         5358    i.nrf_atfifo_item_alloc  nrf_atfifo.o
    0x0002ab42   0x0002ab42   0x00000016   Code   RO         5359    i.nrf_atfifo_item_free  nrf_atfifo.o
    0x0002ab58   0x0002ab58   0x00000016   Code   RO         5360    i.nrf_atfifo_item_get  nrf_atfifo.o
    0x0002ab6e   0x0002ab6e   0x00000016   Code   RO         5361    i.nrf_atfifo_item_put  nrf_atfifo.o
    0x0002ab84   0x0002ab84   0x00000016   Code   RO         5423    i.nrf_atflags_clear  nrf_atflags.o
    0x0002ab9a   0x0002ab9a   0x00000020   Code   RO         5425    i.nrf_atflags_fetch_set  nrf_atflags.o
    0x0002abba   0x0002abba   0x0000004a   Code   RO         5427    i.nrf_atflags_find_and_set_flag  nrf_atflags.o
    0x0002ac04   0x0002ac04   0x00000016   Code   RO         5428    i.nrf_atflags_get   nrf_atflags.o
    0x0002ac1a   0x0002ac1a   0x00000014   Code   RO         5430    i.nrf_atflags_set   nrf_atflags.o
    0x0002ac2e   0x0002ac2e   0x00000006   Code   RO         5491    i.nrf_atomic_flag_clear_fetch  nrf_atomic.o
    0x0002ac34   0x0002ac34   0x00000006   Code   RO         5492    i.nrf_atomic_flag_set  nrf_atomic.o
    0x0002ac3a   0x0002ac3a   0x00000006   Code   RO         5493    i.nrf_atomic_flag_set_fetch  nrf_atomic.o
    0x0002ac40   0x0002ac40   0x0000000c   Code   RO         5494    i.nrf_atomic_u32_add  nrf_atomic.o
    0x0002ac4c   0x0002ac4c   0x0000000c   Code   RO         5495    i.nrf_atomic_u32_and  nrf_atomic.o
    0x0002ac58   0x0002ac58   0x0000000a   Code   RO         5497    i.nrf_atomic_u32_fetch_add  nrf_atomic.o
    0x0002ac62   0x0002ac62   0x0000000a   Code   RO         5498    i.nrf_atomic_u32_fetch_and  nrf_atomic.o
    0x0002ac6c   0x0002ac6c   0x0000000a   Code   RO         5499    i.nrf_atomic_u32_fetch_or  nrf_atomic.o
    0x0002ac76   0x0002ac76   0x0000000a   Code   RO         5500    i.nrf_atomic_u32_fetch_store  nrf_atomic.o
    0x0002ac80   0x0002ac80   0x0000000c   Code   RO         5504    i.nrf_atomic_u32_or  nrf_atomic.o
    0x0002ac8c   0x0002ac8c   0x0000000c   Code   RO         5506    i.nrf_atomic_u32_sub  nrf_atomic.o
    0x0002ac98   0x0002ac98   0x00000044   Code   RO         5625    i.nrf_balloc_alloc  nrf_balloc.o
    0x0002acdc   0x0002acdc   0x00000030   Code   RO         5626    i.nrf_balloc_free   nrf_balloc.o
    0x0002ad0c   0x0002ad0c   0x00000030   Code   RO         5627    i.nrf_balloc_init   nrf_balloc.o
    0x0002ad3c   0x0002ad3c   0x00000010   Code   RO         3624    i.nrf_bitmask_bit_is_set  nrfx_gpiote.o
    0x0002ad4c   0x0002ad4c   0x00000022   Code   RO         1855    i.nrf_ble_gatt_init  nrf_ble_gatt.o
    0x0002ad6e   0x0002ad6e   0x00000002   PAD
    0x0002ad70   0x0002ad70   0x000000ec   Code   RO         1856    i.nrf_ble_gatt_on_ble_evt  nrf_ble_gatt.o
    0x0002ae5c   0x0002ae5c   0x00000016   Code   RO         1965    i.nrf_ble_qwr_conn_handle_assign  nrf_ble_qwr.o
    0x0002ae72   0x0002ae72   0x00000024   Code   RO         1966    i.nrf_ble_qwr_init  nrf_ble_qwr.o
    0x0002ae96   0x0002ae96   0x000000b6   Code   RO         1967    i.nrf_ble_qwr_on_ble_evt  nrf_ble_qwr.o
    0x0002af4c   0x0002af4c   0x0000000e   Code   RO         3482    i.nrf_clock_event_check  nrfx_clock.o
    0x0002af5a   0x0002af5a   0x00000010   Code   RO         3483    i.nrf_clock_event_clear  nrfx_clock.o
    0x0002af6a   0x0002af6a   0x00000002   PAD
    0x0002af6c   0x0002af6c   0x00000020   Code   RO           11    i.nrf_delay_ms      main.o
    0x0002af8c   0x0002af8c   0x00000040   Code   RO         3138    i.nrf_drv_clock_init  nrf_drv_clock.o
    0x0002afcc   0x0002afcc   0x00000034   Code   RO         3142    i.nrf_drv_clock_lfclk_release  nrf_drv_clock.o
    0x0002b000   0x0002b000   0x00000040   Code   RO         7376    i.nrf_drv_twi_init  nrf_drv_twi.o
    0x0002b040   0x0002b040   0x00000006   Code   RO         7293    i.nrf_drv_twi_rx    icm_twi_driver.o
    0x0002b046   0x0002b046   0x0000000e   Code   RO         7294    i.nrf_drv_twi_tx    icm_twi_driver.o
    0x0002b054   0x0002b054   0x00000068   Code   RO         3290    i.nrf_drv_uart_init  nrf_drv_uart.o
    0x0002b0bc   0x0002b0bc   0x0000001a   Code   RO         5662    i.nrf_fprintf       nrf_fprintf.o
    0x0002b0d6   0x0002b0d6   0x00000018   Code   RO         5663    i.nrf_fprintf_buffer_flush  nrf_fprintf.o
    0x0002b0ee   0x0002b0ee   0x000001da   Code   RO         5703    i.nrf_fprintf_fmt   nrf_fprintf_format.o
    0x0002b2c8   0x0002b2c8   0x00000138   Code   RO         5743    i.nrf_fstorage_erase  nrf_fstorage.o
    0x0002b400   0x0002b400   0x00000094   Code   RO         5744    i.nrf_fstorage_init  nrf_fstorage.o
    0x0002b494   0x0002b494   0x00000018   Code   RO         5832    i.nrf_fstorage_sdh_req_handler  nrf_fstorage_sd.o
    0x0002b4ac   0x0002b4ac   0x00000020   Code   RO         5833    i.nrf_fstorage_sdh_state_handler  nrf_fstorage_sd.o
    0x0002b4cc   0x0002b4cc   0x000000a4   Code   RO         5834    i.nrf_fstorage_sys_evt_handler  nrf_fstorage_sd.o
    0x0002b570   0x0002b570   0x000001dc   Code   RO         5750    i.nrf_fstorage_write  nrf_fstorage.o
    0x0002b74c   0x0002b74c   0x00000024   Code   RO          440    i.nrf_gpio_cfg      boards.o
    0x0002b770   0x0002b770   0x00000024   Code   RO         3625    i.nrf_gpio_cfg      nrfx_gpiote.o
    0x0002b794   0x0002b794   0x00000024   Code   RO         3980    i.nrf_gpio_cfg      nrfx_uart.o
    0x0002b7b8   0x0002b7b8   0x00000024   Code   RO         4169    i.nrf_gpio_cfg      nrfx_uarte.o
    0x0002b7dc   0x0002b7dc   0x00000024   Code   RO         7430    i.nrf_gpio_cfg      nrfx_twi.o
    0x0002b800   0x0002b800   0x00000012   Code   RO         3981    i.nrf_gpio_cfg_default  nrfx_uart.o
    0x0002b812   0x0002b812   0x00000012   Code   RO         4170    i.nrf_gpio_cfg_default  nrfx_uarte.o
    0x0002b824   0x0002b824   0x00000012   Code   RO         3982    i.nrf_gpio_cfg_input  nrfx_uart.o
    0x0002b836   0x0002b836   0x00000012   Code   RO         4171    i.nrf_gpio_cfg_input  nrfx_uarte.o
    0x0002b848   0x0002b848   0x00000010   Code   RO           12    i.nrf_gpio_cfg_output  main.o
    0x0002b858   0x0002b858   0x00000014   Code   RO         3983    i.nrf_gpio_cfg_output  nrfx_uart.o
    0x0002b86c   0x0002b86c   0x00000014   Code   RO         4172    i.nrf_gpio_cfg_output  nrfx_uarte.o
    0x0002b880   0x0002b880   0x00000022   Code   RO         3627    i.nrf_gpio_cfg_sense_set  nrfx_gpiote.o
    0x0002b8a2   0x0002b8a2   0x00000002   PAD
    0x0002b8a4   0x0002b8a4   0x0000002c   Code   RO         3628    i.nrf_gpio_latches_read_and_clear  nrfx_gpiote.o
    0x0002b8d0   0x0002b8d0   0x0000001e   Code   RO         3629    i.nrf_gpio_pin_present_check  nrfx_gpiote.o
    0x0002b8ee   0x0002b8ee   0x0000000e   Code   RO         7377    i.nrf_gpio_pin_set  nrf_drv_twi.o
    0x0002b8fc   0x0002b8fc   0x00000016   Code   RO          441    i.nrf_gpio_pin_write  boards.o
    0x0002b912   0x0002b912   0x00000002   PAD
    0x0002b914   0x0002b914   0x00000014   Code   RO         3630    i.nrf_gpiote_event_clear  nrfx_gpiote.o
    0x0002b928   0x0002b928   0x00000010   Code   RO         3631    i.nrf_gpiote_event_is_set  nrfx_gpiote.o
    0x0002b938   0x0002b938   0x0000005c   Code   RO         6483    i.nrf_log_backend_add  nrf_log_frontend.o
    0x0002b994   0x0002b994   0x000000c8   Code   RO         6328    i.nrf_log_backend_serial_put  nrf_log_backend_serial.o
    0x0002ba5c   0x0002ba5c   0x00000002   Code   RO         6368    i.nrf_log_backend_uart_flush  nrf_log_backend_uart.o
    0x0002ba5e   0x0002ba5e   0x00000006   Code   RO         6369    i.nrf_log_backend_uart_init  nrf_log_backend_uart.o
    0x0002ba64   0x0002ba64   0x0000002c   Code   RO         6370    i.nrf_log_backend_uart_panic_set  nrf_log_backend_uart.o
    0x0002ba90   0x0002ba90   0x00000018   Code   RO         6371    i.nrf_log_backend_uart_put  nrf_log_backend_uart.o
    0x0002baa8   0x0002baa8   0x00000030   Code   RO         6485    i.nrf_log_color_id_get  nrf_log_frontend.o
    0x0002bad8   0x0002bad8   0x0000001c   Code   RO         6441    i.nrf_log_default_backends_init  nrf_log_default_backends.o
    0x0002baf4   0x0002baf4   0x00000238   Code   RO         6486    i.nrf_log_frontend_dequeue  nrf_log_frontend.o
    0x0002bd2c   0x0002bd2c   0x00000008   Code   RO         6488    i.nrf_log_frontend_std_0  nrf_log_frontend.o
    0x0002bd34   0x0002bd34   0x0000000e   Code   RO         6489    i.nrf_log_frontend_std_1  nrf_log_frontend.o
    0x0002bd42   0x0002bd42   0x00000010   Code   RO         6490    i.nrf_log_frontend_std_2  nrf_log_frontend.o
    0x0002bd52   0x0002bd52   0x00000012   Code   RO         6491    i.nrf_log_frontend_std_3  nrf_log_frontend.o
    0x0002bd64   0x0002bd64   0x00000014   Code   RO         6492    i.nrf_log_frontend_std_4  nrf_log_frontend.o
    0x0002bd78   0x0002bd78   0x000000b0   Code   RO         6664    i.nrf_log_hexdump_entry_process  nrf_log_str_formatter.o
    0x0002be28   0x0002be28   0x00000028   Code   RO         6495    i.nrf_log_init      nrf_log_frontend.o
    0x0002be50   0x0002be50   0x00000014   Code   RO         6496    i.nrf_log_module_cnt_get  nrf_log_frontend.o
    0x0002be64   0x0002be64   0x0000001c   Code   RO         6499    i.nrf_log_module_name_get  nrf_log_frontend.o
    0x0002be80   0x0002be80   0x00000028   Code   RO         6500    i.nrf_log_panic     nrf_log_frontend.o
    0x0002bea8   0x0002bea8   0x000000b6   Code   RO         6665    i.nrf_log_std_entry_process  nrf_log_str_formatter.o
    0x0002bf5e   0x0002bf5e   0x00000060   Code   RO         5941    i.nrf_memobj_alloc  nrf_memobj.o
    0x0002bfbe   0x0002bfbe   0x00000032   Code   RO         5942    i.nrf_memobj_free   nrf_memobj.o
    0x0002bff0   0x0002bff0   0x00000008   Code   RO         5943    i.nrf_memobj_get    nrf_memobj.o
    0x0002bff8   0x0002bff8   0x00000004   Code   RO         5944    i.nrf_memobj_pool_init  nrf_memobj.o
    0x0002bffc   0x0002bffc   0x0000001e   Code   RO         5945    i.nrf_memobj_put    nrf_memobj.o
    0x0002c01a   0x0002c01a   0x00000010   Code   RO         5946    i.nrf_memobj_read   nrf_memobj.o
    0x0002c02a   0x0002c02a   0x00000010   Code   RO         5947    i.nrf_memobj_write  nrf_memobj.o
    0x0002c03a   0x0002c03a   0x00000002   PAD
    0x0002c03c   0x0002c03c   0x00000028   Code   RO         6019    i.nrf_pwr_mgmt_init  nrf_pwr_mgmt.o
    0x0002c064   0x0002c064   0x00000044   Code   RO         6020    i.nrf_pwr_mgmt_run  nrf_pwr_mgmt.o
    0x0002c0a8   0x0002c0a8   0x00000004   Code   RO           13    i.nrf_qwr_error_handler  main.o
    0x0002c0ac   0x0002c0ac   0x0000001c   Code   RO         6096    i.nrf_ringbuf_init  nrf_ringbuf.o
    0x0002c0c8   0x0002c0c8   0x0000000c   Code   RO         4838    i.nrf_rtc_event_clear  drv_rtc.o
    0x0002c0d4   0x0002c0d4   0x00000014   Code   RO         7199    i.nrf_sdh_ble_app_ram_start_get  nrf_sdh_ble.o
    0x0002c0e8   0x0002c0e8   0x00000100   Code   RO         7200    i.nrf_sdh_ble_default_cfg_set  nrf_sdh_ble.o
    0x0002c1e8   0x0002c1e8   0x00000130   Code   RO         7201    i.nrf_sdh_ble_enable  nrf_sdh_ble.o
    0x0002c318   0x0002c318   0x0000005c   Code   RO         7202    i.nrf_sdh_ble_evts_poll  nrf_sdh_ble.o
    0x0002c374   0x0002c374   0x00000054   Code   RO         7080    i.nrf_sdh_disable_request  nrf_sdh.o
    0x0002c3c8   0x0002c3c8   0x00000074   Code   RO         7081    i.nrf_sdh_enable_request  nrf_sdh.o
    0x0002c43c   0x0002c43c   0x00000024   Code   RO         7082    i.nrf_sdh_evts_poll  nrf_sdh.o
    0x0002c460   0x0002c460   0x0000000c   Code   RO         7083    i.nrf_sdh_is_enabled  nrf_sdh.o
    0x0002c46c   0x0002c46c   0x0000001c   Code   RO         7085    i.nrf_sdh_request_continue  nrf_sdh.o
    0x0002c488   0x0002c488   0x0000003c   Code   RO         7253    i.nrf_sdh_soc_evts_poll  nrf_sdh_soc.o
    0x0002c4c4   0x0002c4c4   0x0000000a   Code   RO         6154    i.nrf_section_iter_init  nrf_section_iter.o
    0x0002c4ce   0x0002c4ce   0x00000024   Code   RO         6155    i.nrf_section_iter_item_set  nrf_section_iter.o
    0x0002c4f2   0x0002c4f2   0x00000020   Code   RO         6156    i.nrf_section_iter_next  nrf_section_iter.o
    0x0002c512   0x0002c512   0x00000022   Code   RO         6189    i.nrf_sortlist_add  nrf_sortlist.o
    0x0002c534   0x0002c534   0x00000006   Code   RO         6191    i.nrf_sortlist_peek  nrf_sortlist.o
    0x0002c53a   0x0002c53a   0x0000000e   Code   RO         6192    i.nrf_sortlist_pop  nrf_sortlist.o
    0x0002c548   0x0002c548   0x0000001e   Code   RO         6193    i.nrf_sortlist_remove  nrf_sortlist.o
    0x0002c566   0x0002c566   0x00000002   PAD
    0x0002c568   0x0002c568   0x00000038   Code   RO         6245    i.nrf_strerror_find  nrf_strerror.o
    0x0002c5a0   0x0002c5a0   0x00000014   Code   RO         6246    i.nrf_strerror_get  nrf_strerror.o
    0x0002c5b4   0x0002c5b4   0x0000000a   Code   RO         7432    i.nrf_twi_event_check  nrfx_twi.o
    0x0002c5be   0x0002c5be   0x0000000c   Code   RO         7433    i.nrf_twi_event_clear  nrfx_twi.o
    0x0002c5ca   0x0002c5ca   0x0000000a   Code   RO         3984    i.nrf_uart_event_check  nrfx_uart.o
    0x0002c5d4   0x0002c5d4   0x0000000c   Code   RO         3985    i.nrf_uart_event_clear  nrfx_uart.o
    0x0002c5e0   0x0002c5e0   0x0000000c   Code   RO         3986    i.nrf_uart_int_enable_check  nrfx_uart.o
    0x0002c5ec   0x0002c5ec   0x0000000a   Code   RO         4173    i.nrf_uarte_event_check  nrfx_uarte.o
    0x0002c5f6   0x0002c5f6   0x0000000c   Code   RO         4174    i.nrf_uarte_event_clear  nrfx_uarte.o
    0x0002c602   0x0002c602   0x00000002   PAD
    0x0002c604   0x0002c604   0x00000010   Code   RO         3145    i.nrf_wdt_started   nrf_drv_clock.o
    0x0002c614   0x0002c614   0x0000002c   Code   RO         3488    i.nrfx_clock_enable  nrfx_clock.o
    0x0002c640   0x0002c640   0x00000020   Code   RO         3491    i.nrfx_clock_init   nrfx_clock.o
    0x0002c660   0x0002c660   0x00000030   Code   RO         3494    i.nrfx_clock_lfclk_stop  nrfx_clock.o
    0x0002c690   0x0002c690   0x00000010   Code   RO         4839    i.nrfx_coredep_delay_us  drv_rtc.o
    0x0002c6a0   0x0002c6a0   0x00000010   Code   RO         7378    i.nrfx_coredep_delay_us  nrf_drv_twi.o
    0x0002c6b0   0x0002c6b0   0x000000a0   Code   RO         3637    i.nrfx_gpiote_in_event_enable  nrfx_gpiote.o
    0x0002c750   0x0002c750   0x000000cc   Code   RO         3639    i.nrfx_gpiote_in_init  nrfx_gpiote.o
    0x0002c81c   0x0002c81c   0x00000014   Code   RO         3640    i.nrfx_gpiote_in_is_set  nrfx_gpiote.o
    0x0002c830   0x0002c830   0x00000074   Code   RO         3642    i.nrfx_gpiote_init  nrfx_gpiote.o
    0x0002c8a4   0x0002c8a4   0x00000014   Code   RO         3643    i.nrfx_gpiote_is_init  nrfx_gpiote.o
    0x0002c8b8   0x0002c8b8   0x00000010   Code   RO         4175    i.nrfx_is_in_ram    nrfx_uarte.o
    0x0002c8c8   0x0002c8c8   0x0000003a   Code   RO         3926    i.nrfx_prs_acquire  nrfx_prs.o
    0x0002c902   0x0002c902   0x00000012   Code   RO         3927    i.nrfx_prs_release  nrfx_prs.o
    0x0002c914   0x0002c914   0x00000020   Code   RO         7436    i.nrfx_twi_enable   nrfx_twi.o
    0x0002c934   0x0002c934   0x000000e4   Code   RO         7437    i.nrfx_twi_init     nrfx_twi.o
    0x0002ca18   0x0002ca18   0x00000030   Code   RO         7439    i.nrfx_twi_rx       nrfx_twi.o
    0x0002ca48   0x0002ca48   0x00000036   Code   RO         7441    i.nrfx_twi_tx       nrfx_twi.o
    0x0002ca7e   0x0002ca7e   0x00000002   PAD
    0x0002ca80   0x0002ca80   0x00000020   Code   RO         7443    i.nrfx_twi_xfer     nrfx_twi.o
    0x0002caa0   0x0002caa0   0x00000010   Code   RO         3987    i.nrfx_uart_0_irq_handler  nrfx_uart.o
    0x0002cab0   0x0002cab0   0x000000d4   Code   RO         3989    i.nrfx_uart_init    nrfx_uart.o
    0x0002cb84   0x0002cb84   0x000000a8   Code   RO         3995    i.nrfx_uart_tx      nrfx_uart.o
    0x0002cc2c   0x0002cc2c   0x00000020   Code   RO         3997    i.nrfx_uart_tx_in_progress  nrfx_uart.o
    0x0002cc4c   0x0002cc4c   0x000000c0   Code   RO         3998    i.nrfx_uart_uninit  nrfx_uart.o
    0x0002cd0c   0x0002cd0c   0x00000010   Code   RO         4176    i.nrfx_uarte_0_irq_handler  nrfx_uarte.o
    0x0002cd1c   0x0002cd1c   0x0000006c   Code   RO         4178    i.nrfx_uarte_init   nrfx_uarte.o
    0x0002cd88   0x0002cd88   0x000000ac   Code   RO         4182    i.nrfx_uarte_tx     nrfx_uarte.o
    0x0002ce34   0x0002ce34   0x0000001c   Code   RO         4184    i.nrfx_uarte_tx_in_progress  nrfx_uarte.o
    0x0002ce50   0x0002ce50   0x00000108   Code   RO         4185    i.nrfx_uarte_uninit  nrfx_uarte.o
    0x0002cf58   0x0002cf58   0x00000054   Code   RO           14    i.on_adv_evt        main.o
    0x0002cfac   0x0002cfac   0x0000001c   Code   RO           15    i.on_conn_params_evt  main.o
    0x0002cfc8   0x0002cfc8   0x00000108   Code   RO         1857    i.on_connected_evt  nrf_ble_gatt.o
    0x0002d0d0   0x0002d0d0   0x00000114   Code   RO         1858    i.on_data_length_update_evt  nrf_ble_gatt.o
    0x0002d1e4   0x0002d1e4   0x0000007c   Code   RO         1859    i.on_data_length_update_request_evt  nrf_ble_gatt.o
    0x0002d260   0x0002d260   0x0000014c   Code   RO         1860    i.on_exchange_mtu_request_evt  nrf_ble_gatt.o
    0x0002d3ac   0x0002d3ac   0x000000ac   Code   RO         1861    i.on_exchange_mtu_rsp_evt  nrf_ble_gatt.o
    0x0002d458   0x0002d458   0x00000024   Code   RO         5020    i.page_identify     fds.o
    0x0002d47c   0x0002d47c   0x0000001c   Code   RO         5021    i.page_offsets_update  fds.o
    0x0002d498   0x0002d498   0x0000006c   Code   RO         5022    i.page_scan         fds.o
    0x0002d504   0x0002d504   0x0000001c   Code   RO         5023    i.page_tag_write_data  fds.o
    0x0002d520   0x0002d520   0x00000024   Code   RO         5024    i.page_tag_write_swap  fds.o
    0x0002d544   0x0002d544   0x00000130   Code   RO         5025    i.pages_init        fds.o
    0x0002d674   0x0002d674   0x0000000c   Code   RO         2821    i.pairing           security_dispatcher.o
    0x0002d680   0x0002d680   0x00000074   Code   RO         2822    i.pairing_failure   security_dispatcher.o
    0x0002d6f4   0x0002d6f4   0x0000002e   Code   RO         2823    i.pairing_success_evt_send  security_dispatcher.o
    0x0002d722   0x0002d722   0x00000006   Code   RO         2963    i.params_reply_pending_handle  security_manager.o
    0x0002d728   0x0002d728   0x00000020   Code   RO         2964    i.params_req_send   security_manager.o
    0x0002d748   0x0002d748   0x0000001c   Code   RO         2152    i.pdb_evt_send      peer_database.o
    0x0002d764   0x0002d764   0x00000090   Code   RO         2153    i.pdb_init          peer_database.o
    0x0002d7f4   0x0002d7f4   0x0000007c   Code   RO         2154    i.pdb_pds_evt_handler  peer_database.o
    0x0002d870   0x0002d870   0x00000006   Code   RO         2155    i.pdb_peer_data_ptr_get  peer_database.o
    0x0002d876   0x0002d876   0x00000002   PAD
    0x0002d878   0x0002d878   0x0000008c   Code   RO         2156    i.pdb_peer_free     peer_database.o
    0x0002d904   0x0002d904   0x000000dc   Code   RO         2157    i.pdb_write_buf_get  peer_database.o
    0x0002d9e0   0x0002d9e0   0x00000014   Code   RO         2158    i.pdb_write_buf_release  peer_database.o
    0x0002d9f4   0x0002d9f4   0x00000036   Code   RO         2159    i.pdb_write_buf_store  peer_database.o
    0x0002da2a   0x0002da2a   0x00000002   PAD
    0x0002da2c   0x0002da2c   0x00000010   Code   RO         2011    i.pds_evt_send      peer_data_storage.o
    0x0002da3c   0x0002da3c   0x000000dc   Code   RO         2012    i.pds_init          peer_data_storage.o
    0x0002db18   0x0002db18   0x00000004   Code   RO         2013    i.pds_next_deleted_peer_id_get  peer_data_storage.o
    0x0002db1c   0x0002db1c   0x00000004   Code   RO         2014    i.pds_next_peer_id_get  peer_data_storage.o
    0x0002db20   0x0002db20   0x00000058   Code   RO         2017    i.pds_peer_data_iterate  peer_data_storage.o
    0x0002db78   0x0002db78   0x00000010   Code   RO         2018    i.pds_peer_data_iterate_prepare  peer_data_storage.o
    0x0002db88   0x0002db88   0x00000072   Code   RO         2019    i.pds_peer_data_read  peer_data_storage.o
    0x0002dbfa   0x0002dbfa   0x00000002   PAD
    0x0002dbfc   0x0002dbfc   0x000000b4   Code   RO         2020    i.pds_peer_data_store  peer_data_storage.o
    0x0002dcb0   0x0002dcb0   0x00000008   Code   RO         2021    i.pds_peer_id_allocate  peer_data_storage.o
    0x0002dcb8   0x0002dcb8   0x00000016   Code   RO         2022    i.pds_peer_id_free  peer_data_storage.o
    0x0002dcce   0x0002dcce   0x00000004   Code   RO         2023    i.pds_peer_id_is_allocated  peer_data_storage.o
    0x0002dcd2   0x0002dcd2   0x00000002   PAD
    0x0002dcd4   0x0002dcd4   0x000000a8   Code   RO         2025    i.peer_data_delete_process  peer_data_storage.o
    0x0002dd7c   0x0002dd7c   0x00000030   Code   RO         2026    i.peer_data_find    peer_data_storage.o
    0x0002ddac   0x0002ddac   0x00000024   Code   RO         2027    i.peer_data_id_is_valid  peer_data_storage.o
    0x0002ddd0   0x0002ddd0   0x0000001a   Code   RO         2160    i.peer_data_point_to_buffer  peer_database.o
    0x0002ddea   0x0002ddea   0x00000002   PAD
    0x0002ddec   0x0002ddec   0x0000000c   Code   RO         2273    i.peer_id_allocate  peer_id.o
    0x0002ddf8   0x0002ddf8   0x00000024   Code   RO         2274    i.peer_id_delete    peer_id.o
    0x0002de1c   0x0002de1c   0x0000001c   Code   RO         2275    i.peer_id_free      peer_id.o
    0x0002de38   0x0002de38   0x0000000c   Code   RO         2276    i.peer_id_get_next_deleted  peer_id.o
    0x0002de44   0x0002de44   0x00000030   Code   RO         2277    i.peer_id_get_next_used  peer_id.o
    0x0002de74   0x0002de74   0x0000000c   Code   RO         2278    i.peer_id_init      peer_id.o
    0x0002de80   0x0002de80   0x00000014   Code   RO         2279    i.peer_id_is_allocated  peer_id.o
    0x0002de94   0x0002de94   0x00000014   Code   RO         2280    i.peer_id_is_deleted  peer_id.o
    0x0002dea8   0x0002dea8   0x0000006c   Code   RO           16    i.peer_manager_init  main.o
    0x0002df14   0x0002df14   0x00000012   Code   RO          990    i.phy_is_valid      ble_advertising.o
    0x0002df26   0x0002df26   0x00000002   PAD
    0x0002df28   0x0002df28   0x0000001c   Code   RO         3661    i.pin_configured_set  nrfx_gpiote.o
    0x0002df44   0x0002df44   0x00000018   Code   RO         3662    i.pin_in_use_by_port  nrfx_gpiote.o
    0x0002df5c   0x0002df5c   0x00000018   Code   RO         3663    i.pin_in_use_by_te  nrfx_gpiote.o
    0x0002df74   0x0002df74   0x00000064   Code   RO         2768    i.pm_buffer_block_acquire  pm_buffer.o
    0x0002dfd8   0x0002dfd8   0x00000024   Code   RO         2769    i.pm_buffer_init    pm_buffer.o
    0x0002dffc   0x0002dffc   0x00000028   Code   RO         2770    i.pm_buffer_ptr_get  pm_buffer.o
    0x0002e024   0x0002e024   0x00000032   Code   RO         2771    i.pm_buffer_release  pm_buffer.o
    0x0002e056   0x0002e056   0x00000002   PAD
    0x0002e058   0x0002e058   0x00000014   Code   RO         2367    i.pm_conn_sec_status_get  peer_manager.o
    0x0002e06c   0x0002e06c   0x0000001c   Code   RO         2368    i.pm_conn_secure    peer_manager.o
    0x0002e088   0x0002e088   0x00000020   Code   RO           17    i.pm_evt_handler    main.o
    0x0002e0a8   0x0002e0a8   0x00000004   Code   RO         2370    i.pm_gcm_evt_handler  peer_manager.o
    0x0002e0ac   0x0002e0ac   0x00000004   Code   RO         2371    i.pm_gscm_evt_handler  peer_manager.o
    0x0002e0b0   0x0002e0b0   0x00000244   Code   RO         2674    i.pm_handler_flash_clean  peer_manager_handler.o
    0x0002e2f4   0x0002e2f4   0x0000001c   Code   RO         2675    i.pm_handler_flash_clean_on_return  peer_manager_handler.o
    0x0002e310   0x0002e310   0x00000054   Code   RO         2676    i.pm_handler_on_pm_evt  peer_manager_handler.o
    0x0002e364   0x0002e364   0x00000310   Code   RO         2677    i.pm_handler_pm_evt_log  peer_manager_handler.o
    0x0002e674   0x0002e674   0x00000004   Code   RO         2374    i.pm_im_evt_handler  peer_manager.o
    0x0002e678   0x0002e678   0x000001bc   Code   RO         2375    i.pm_init           peer_manager.o
    0x0002e834   0x0002e834   0x00000118   Code   RO         2379    i.pm_pdb_evt_handler  peer_manager.o
    0x0002e94c   0x0002e94c   0x00000014   Code   RO         2390    i.pm_peer_delete    peer_manager.o
    0x0002e960   0x0002e960   0x0000011c   Code   RO         2394    i.pm_peer_rank_highest  peer_manager.o
    0x0002ea7c   0x0002ea7c   0x000000e8   Code   RO         2395    i.pm_peer_ranks_get  peer_manager.o
    0x0002eb64   0x0002eb64   0x00000094   Code   RO         2396    i.pm_peers_delete   peer_manager.o
    0x0002ebf8   0x0002ebf8   0x0000002c   Code   RO         2399    i.pm_register       peer_manager.o
    0x0002ec24   0x0002ec24   0x00000014   Code   RO         2401    i.pm_sec_params_set  peer_manager.o
    0x0002ec38   0x0002ec38   0x0000000a   Code   RO         2402    i.pm_sm_evt_handler  peer_manager.o
    0x0002ec42   0x0002ec42   0x00000002   PAD
    0x0002ec44   0x0002ec44   0x000000b4   Code   RO         3664    i.port_event_handle  nrfx_gpiote.o
    0x0002ecf8   0x0002ecf8   0x00000010   Code   RO         3665    i.port_handler_polarity_get  nrfx_gpiote.o
    0x0002ed08   0x0002ed08   0x0000003c   Code   RO         6667    i.postfix_process   nrf_log_str_formatter.o
    0x0002ed44   0x0002ed44   0x00000098   Code   RO         6668    i.prefix_process    nrf_log_str_formatter.o
    0x0002eddc   0x0002eddc   0x00000018   Code   RO         3928    i.prs_box_get       nrfx_prs.o
    0x0002edf4   0x0002edf4   0x0000001c   Code   RO         5026    i.queue_buf_get     fds.o
    0x0002ee10   0x0002ee10   0x00000010   Code   RO         5027    i.queue_buf_store   fds.o
    0x0002ee20   0x0002ee20   0x00000014   Code   RO         5835    i.queue_free        nrf_fstorage_sd.o
    0x0002ee34   0x0002ee34   0x000000a4   Code   RO         5028    i.queue_process     fds.o
    0x0002eed8   0x0002eed8   0x000000a0   Code   RO         5836    i.queue_process     nrf_fstorage_sd.o
    0x0002ef78   0x0002ef78   0x0000001c   Code   RO         5029    i.queue_start       fds.o
    0x0002ef94   0x0002ef94   0x00000024   Code   RO         5837    i.queue_start       nrf_fstorage_sd.o
    0x0002efb8   0x0002efb8   0x0000001c   Code   RO         2680    i.rank_highest      peer_manager_handler.o
    0x0002efd4   0x0002efd4   0x00000034   Code   RO         2405    i.rank_vars_update  peer_manager.o
    0x0002f008   0x0002f008   0x0000000e   Code   RO         5838    i.read              nrf_fstorage_sd.o
    0x0002f016   0x0002f016   0x00000002   PAD
    0x0002f018   0x0002f018   0x000000a8   Code   RO         2161    i.reattempt_previous_operations  peer_database.o
    0x0002f0c0   0x0002f0c0   0x00000090   Code   RO         5030    i.record_find       fds.o
    0x0002f150   0x0002f150   0x000000a0   Code   RO         5031    i.record_find_by_desc  fds.o
    0x0002f1f0   0x0002f1f0   0x0000005c   Code   RO         5032    i.record_find_next  fds.o
    0x0002f24c   0x0002f24c   0x0000003c   Code   RO         5033    i.record_header_flag_dirty  fds.o
    0x0002f288   0x0002f288   0x00000088   Code   RO         5034    i.records_stat      fds.o
    0x0002f310   0x0002f310   0x00000010   Code   RO         2282    i.release           peer_id.o
    0x0002f320   0x0002f320   0x00000004   Code   RO         5839    i.rmap              nrf_fstorage_sd.o
    0x0002f324   0x0002f324   0x0000005c   Code   RO         4591    i.rtc_irq           app_timer2.o
    0x0002f380   0x0002f380   0x00000064   Code   RO         4592    i.rtc_schedule      app_timer2.o
    0x0002f3e4   0x0002f3e4   0x00000074   Code   RO         4593    i.rtc_update        app_timer2.o
    0x0002f458   0x0002f458   0x00000032   Code   RO         3999    i.rx_byte           nrfx_uart.o
    0x0002f48a   0x0002f48a   0x00000016   Code   RO         4000    i.rx_done_event     nrfx_uart.o
    0x0002f4a0   0x0002f4a0   0x00000016   Code   RO         4186    i.rx_done_event     nrfx_uarte.o
    0x0002f4b6   0x0002f4b6   0x00000002   PAD
    0x0002f4b8   0x0002f4b8   0x00000024   Code   RO         1413    i.sc_send_pending_handle  gatt_cache_manager.o
    0x0002f4dc   0x0002f4dc   0x00000058   Code   RO         3146    i.sd_state_evt_handler  nrf_drv_clock.o
    0x0002f534   0x0002f534   0x00000030   Code   RO         7088    i.sdh_request_observer_notify  nrf_sdh.o
    0x0002f564   0x0002f564   0x0000002c   Code   RO         7089    i.sdh_state_observer_notify  nrf_sdh.o
    0x0002f590   0x0002f590   0x000000d8   Code   RO         2824    i.sec_info_request_process  security_dispatcher.o
    0x0002f668   0x0002f668   0x000000f4   Code   RO         2825    i.sec_keyset_fill   security_dispatcher.o
    0x0002f75c   0x0002f75c   0x00000076   Code   RO         2965    i.sec_params_verify  security_manager.o
    0x0002f7d2   0x0002f7d2   0x00000002   PAD
    0x0002f7d4   0x0002f7d4   0x00000060   Code   RO         2826    i.sec_proc_start    security_dispatcher.o
    0x0002f834   0x0002f834   0x0000005c   Code   RO         2966    i.sec_req_process   security_manager.o
    0x0002f890   0x0002f890   0x00000022   Code   RO         2827    i.send_config_req   security_dispatcher.o
    0x0002f8b2   0x0002f8b2   0x00000002   PAD
    0x0002f8b4   0x0002f8b4   0x00000010   Code   RO         1091    i.send_error_evt    ble_conn_params.o
    0x0002f8c4   0x0002f8c4   0x00000028   Code   RO         1414    i.send_unexpected_error  gatt_cache_manager.o
    0x0002f8ec   0x0002f8ec   0x00000028   Code   RO         2828    i.send_unexpected_error  security_dispatcher.o
    0x0002f914   0x0002f914   0x00000040   Code   RO         6372    i.serial_tx         nrf_log_backend_uart.o
    0x0002f954   0x0002f954   0x00000014   Code   RO         1415    i.service_changed_pending_flags_check  gatt_cache_manager.o
    0x0002f968   0x0002f968   0x00000094   Code   RO         1590    i.service_changed_pending_set  gatts_cache_manager.o
    0x0002f9fc   0x0002f9fc   0x00000168   Code   RO         1416    i.service_changed_send_in_evt  gatt_cache_manager.o
    0x0002fb64   0x0002fb64   0x00000088   Code   RO          880    i.service_data_encode  ble_advdata.o
    0x0002fbec   0x0002fbec   0x00000028   Code   RO           18    i.sleep_mode_enter  main.o
    0x0002fc14   0x0002fc14   0x0000002c   Code   RO         2967    i.sm_ble_evt_handler  security_manager.o
    0x0002fc40   0x0002fc40   0x000000a2   Code   RO         2969    i.sm_conn_sec_status_get  security_manager.o
    0x0002fce2   0x0002fce2   0x00000002   PAD
    0x0002fce4   0x0002fce4   0x00000058   Code   RO         2970    i.sm_init           security_manager.o
    0x0002fd3c   0x0002fd3c   0x0000000a   Code   RO         2972    i.sm_link_secure    security_manager.o
    0x0002fd46   0x0002fd46   0x00000002   PAD
    0x0002fd48   0x0002fd48   0x00000044   Code   RO         2973    i.sm_pdb_evt_handler  security_manager.o
    0x0002fd8c   0x0002fd8c   0x00000028   Code   RO         2974    i.sm_sec_is_sufficient  security_manager.o
    0x0002fdb4   0x0002fdb4   0x00000034   Code   RO         2976    i.sm_sec_params_set  security_manager.o
    0x0002fde8   0x0002fde8   0x0000002c   Code   RO         2977    i.sm_smd_evt_handler  security_manager.o
    0x0002fe14   0x0002fe14   0x000000f4   Code   RO         2829    i.smd_ble_evt_handler  security_dispatcher.o
    0x0002ff08   0x0002ff08   0x00000068   Code   RO         2831    i.smd_init          security_dispatcher.o
    0x0002ff70   0x0002ff70   0x00000028   Code   RO         2832    i.smd_link_secure   security_dispatcher.o
    0x0002ff98   0x0002ff98   0x000000ac   Code   RO         2833    i.smd_params_reply  security_dispatcher.o
    0x00030044   0x00030044   0x00000040   Code   RO         2978    i.smd_params_reply_perform  security_manager.o
    0x00030084   0x00030084   0x00000018   Code   RO         3147    i.soc_evt_handler   nrf_drv_clock.o
    0x0003009c   0x0003009c   0x00000040   Code   RO         7090    i.softdevice_evt_irq_disable  nrf_sdh.o
    0x000300dc   0x000300dc   0x00000058   Code   RO         7091    i.softdevices_evt_irq_enable  nrf_sdh.o
    0x00030134   0x00030134   0x0000000c   Code   RO         4594    i.sortlist_pop      app_timer2.o
    0x00030140   0x00030140   0x00000030   Code   RO         4335    i.state_set         app_button.o
    0x00030170   0x00030170   0x00000094   Code   RO         6502    i.std_n             nrf_log_frontend.o
    0x00030204   0x00030204   0x0000006c   Code   RO         1417    i.store_car_value   gatt_cache_manager.o
    0x00030270   0x00030270   0x00000058   Code   RO         4595    i.timer_expire      app_timer2.o
    0x000302c8   0x000302c8   0x00000078   Code   RO         4596    i.timer_req_process  app_timer2.o
    0x00030340   0x00030340   0x00000038   Code   RO         4597    i.timer_req_schedule  app_timer2.o
    0x00030378   0x00030378   0x00000018   Code   RO         4336    i.timer_start       app_button.o
    0x00030390   0x00030390   0x000000aa   Code   RO         7379    i.twi_clear_bus     nrf_drv_twi.o
    0x0003043a   0x0003043a   0x00000002   PAD
    0x0003043c   0x0003043c   0x00000040   Code   RO         7380    i.twi_evt_handler   nrf_drv_twi.o
    0x0003047c   0x0003047c   0x0000000c   Code   RO         7295    i.twi_handler       icm_twi_driver.o
    0x00030488   0x00030488   0x000000bc   Code   RO         7444    i.twi_irq_handler   nrfx_twi.o
    0x00030544   0x00030544   0x0000001e   Code   RO         7445    i.twi_process_error  nrfx_twi.o
    0x00030562   0x00030562   0x00000002   PAD
    0x00030564   0x00030564   0x000000c4   Code   RO         7446    i.twi_rx_start_transfer  nrfx_twi.o
    0x00030628   0x00030628   0x00000036   Code   RO         7447    i.twi_send_byte     nrfx_twi.o
    0x0003065e   0x0003065e   0x00000140   Code   RO         7448    i.twi_transfer      nrfx_twi.o
    0x0003079e   0x0003079e   0x00000002   PAD
    0x000307a0   0x000307a0   0x000000b8   Code   RO         7449    i.twi_tx_start_transfer  nrfx_twi.o
    0x00030858   0x00030858   0x000000a4   Code   RO         7450    i.twi_xfer          nrfx_twi.o
    0x000308fc   0x000308fc   0x00000020   Code   RO         4002    i.tx_byte           nrfx_uart.o
    0x0003091c   0x0003091c   0x0000001a   Code   RO         4003    i.tx_done_event     nrfx_uart.o
    0x00030936   0x00030936   0x0000001a   Code   RO         4187    i.tx_done_event     nrfx_uarte.o
    0x00030950   0x00030950   0x00000030   Code   RO         3291    i.uart_evt_handler  nrf_drv_uart.o
    0x00030980   0x00030980   0x0000000c   Code   RO         6373    i.uart_evt_handler  nrf_log_backend_uart.o
    0x0003098c   0x0003098c   0x00000050   Code   RO         6374    i.uart_init         nrf_log_backend_uart.o
    0x000309dc   0x000309dc   0x0000012a   Code   RO         4004    i.uart_irq_handler  nrfx_uart.o
    0x00030b06   0x00030b06   0x00000002   PAD
    0x00030b08   0x00030b08   0x00000030   Code   RO         3292    i.uarte_evt_handler  nrf_drv_uart.o
    0x00030b38   0x00030b38   0x00000112   Code   RO         4188    i.uarte_irq_handler  nrfx_uarte.o
    0x00030c4a   0x00030c4a   0x0000000a   Code   RO          881    i.uint16_encode     ble_advdata.o
    0x00030c54   0x00030c54   0x00000020   Code   RO         5840    i.uninit            nrf_fstorage_sd.o
    0x00030c74   0x00030c74   0x000000b4   Code   RO         5704    i.unsigned_print    nrf_fprintf_format.o
    0x00030d28   0x00030d28   0x00000030   Code   RO         1418    i.update_pending_flags_check  gatt_cache_manager.o
    0x00030d58   0x00030d58   0x00000068   Code   RO         1092    i.update_timeout_handler  ble_conn_params.o
    0x00030dc0   0x00030dc0   0x00000018   Code   RO          991    i.use_whitelist     ble_advertising.o
    0x00030dd8   0x00030dd8   0x0000000c   Code   RO         1188    i.user_flag_is_acquired  ble_conn_state.o
    0x00030de4   0x00030de4   0x00000024   Code   RO         1968    i.user_mem_reply    nrf_ble_qwr.o
    0x00030e08   0x00030e08   0x00000020   Code   RO         4337    i.usr_event         app_button.o
    0x00030e28   0x00030e28   0x00000030   Code   RO          882    i.uuid_list_encode  ble_advdata.o
    0x00030e58   0x00030e58   0x0000009e   Code   RO          883    i.uuid_list_sized_encode  ble_advdata.o
    0x00030ef6   0x00030ef6   0x0000003a   Code   RO          587    i.wakeup_button_cfg  bsp.o
    0x00030f30   0x00030f30   0x00000004   Code   RO         5841    i.wmap              nrf_fstorage_sd.o
    0x00030f34   0x00030f34   0x00000050   Code   RO         5842    i.write             nrf_fstorage_sd.o
    0x00030f84   0x00030f84   0x0000014c   Code   RO         2162    i.write_buf_store   peer_database.o
    0x000310d0   0x000310d0   0x00000034   Code   RO         2163    i.write_buffer_record_find  peer_database.o
    0x00031104   0x00031104   0x00000030   Code   RO         2164    i.write_buffer_record_find_next  peer_database.o
    0x00031134   0x00031134   0x0000001c   Code   RO         2165    i.write_buffer_record_invalidate  peer_database.o
    0x00031150   0x00031150   0x0000002c   Code   RO         2166    i.write_buffer_record_release  peer_database.o
    0x0003117c   0x0003117c   0x000000f4   Code   RO         5035    i.write_enqueue     fds.o
    0x00031270   0x00031270   0x000000f8   Code   RO         5036    i.write_execute     fds.o
    0x00031368   0x00031368   0x00000018   Code   RO         5037    i.write_space_free  fds.o
    0x00031380   0x00031380   0x00000060   Code   RO         5038    i.write_space_reserve  fds.o
    0x000313e0   0x000313e0   0x00000016   Data   RO           21    .constdata          main.o
    0x000313f6   0x000313f6   0x00000008   Data   RO          442    .constdata          boards.o
    0x000313fe   0x000313fe   0x00000002   PAD
    0x00031400   0x00031400   0x0000002c   Data   RO          592    .constdata          bsp.o
    0x0003142c   0x0003142c   0x0000006c   Data   RO         1419    .constdata          gatt_cache_manager.o
    0x00031498   0x00031498   0x00000004   Data   RO         1591    .constdata          gatts_cache_manager.o
    0x0003149c   0x0003149c   0x00000010   Data   RO         1592    .constdata          gatts_cache_manager.o
    0x000314ac   0x000314ac   0x00000004   Data   RO         1593    .constdata          gatts_cache_manager.o
    0x000314b0   0x000314b0   0x00000008   Data   RO         1700    .constdata          id_manager.o
    0x000314b8   0x000314b8   0x00000016   Data   RO         1862    .constdata          nrf_ble_gatt.o
    0x000314ce   0x000314ce   0x00000002   PAD
    0x000314d0   0x000314d0   0x00000018   Data   RO         2028    .constdata          peer_data_storage.o
    0x000314e8   0x000314e8   0x00000010   Data   RO         2168    .constdata          peer_database.o
    0x000314f8   0x000314f8   0x0000002c   Data   RO         2407    .constdata          peer_manager.o
    0x00031524   0x00031524   0x00000014   Data   RO         2683    .constdata          peer_manager_handler.o
    0x00031538   0x00031538   0x00000078   Data   RO         2835    .constdata          security_dispatcher.o
    0x000315b0   0x000315b0   0x00000008   Data   RO         2979    .constdata          security_manager.o
    0x000315b8   0x000315b8   0x00000004   Data   RO         3667    .constdata          nrfx_gpiote.o
    0x000315bc   0x000315bc   0x00000004   Data   RO         4007    .constdata          nrfx_uart.o
    0x000315c0   0x000315c0   0x00000004   Data   RO         4191    .constdata          nrfx_uarte.o
    0x000315c4   0x000315c4   0x00000008   Data   RO         4340    .constdata          app_button.o
    0x000315cc   0x000315cc   0x00000014   Data   RO         4600    .constdata          app_timer2.o
    0x000315e0   0x000315e0   0x00000006   Data   RO         4840    .constdata          drv_rtc.o
    0x000315e6   0x000315e6   0x00000002   PAD
    0x000315e8   0x000315e8   0x00000018   Data   RO         5041    .constdata          fds.o
    0x00031600   0x00031600   0x00000010   Data   RO         5705    .constdata          nrf_fprintf_format.o
    0x00031610   0x00031610   0x0000005e   Data   RO         5751    .constdata          nrf_fstorage.o
    0x0003166e   0x0003166e   0x00000002   PAD
    0x00031670   0x00031670   0x00000010   Data   RO         5845    .constdata          nrf_fstorage_sd.o
    0x00031680   0x00031680   0x00000020   Data   RO         5846    .constdata          nrf_fstorage_sd.o
    0x000316a0   0x000316a0   0x00000018   Data   RO         6024    .constdata          nrf_pwr_mgmt.o
    0x000316b8   0x000316b8   0x0000000c   Data   RO         6025    .constdata          nrf_pwr_mgmt.o
    0x000316c4   0x000316c4   0x0000013c   Data   RO         6247    .constdata          nrf_strerror.o
    0x00031800   0x00031800   0x0000000c   Data   RO         6376    .constdata          nrf_log_backend_uart.o
    0x0003180c   0x0003180c   0x00000020   Data   RO         6377    .constdata          nrf_log_backend_uart.o
    0x0003182c   0x0003182c   0x0000000c   Data   RO         6507    .constdata          nrf_log_frontend.o
    0x00031838   0x00031838   0x00000010   Data   RO         7092    .constdata          nrf_sdh.o
    0x00031848   0x00031848   0x00000028   Data   RO         7093    .constdata          nrf_sdh.o
    0x00031870   0x00031870   0x00000010   Data   RO         7094    .constdata          nrf_sdh.o
    0x00031880   0x00031880   0x00000010   Data   RO         7095    .constdata          nrf_sdh.o
    0x00031890   0x00031890   0x00000020   Data   RO         7203    .constdata          nrf_sdh_ble.o
    0x000318b0   0x000318b0   0x00000010   Data   RO         7204    .constdata          nrf_sdh_ble.o
    0x000318c0   0x000318c0   0x00000010   Data   RO         7254    .constdata          nrf_sdh_soc.o
    0x000318d0   0x000318d0   0x0000000c   Data   RO         7255    .constdata          nrf_sdh_soc.o
    0x000318dc   0x000318dc   0x00000020   Data   RO         7296    .constdata          icm_twi_driver.o
    0x000318fc   0x000318fc   0x00000004   PAD
    0x00031900   0x00031900   0x00000006   Data   RO         7381    .constdata          nrf_drv_twi.o
    0x00031906   0x00031906   0x00000002   PAD
    0x00031908   0x00031908   0x00000018   Data   RO         7453    .constdata          nrfx_twi.o
    0x00031920   0x00031920   0x00000081   Data   RO         7768    .constdata          mc_w.l(ctype_o.o)
    0x000319a1   0x000319a1   0x00000003   PAD
    0x000319a4   0x000319a4   0x00000004   Data   RO         7769    .constdata          mc_w.l(ctype_o.o)
    0x000319a8   0x000319a8   0x000001a4   Data   RO         1420    .conststring        gatt_cache_manager.o
    0x00031b4c   0x00031b4c   0x0000019c   Data   RO         1594    .conststring        gatts_cache_manager.o
    0x00031ce8   0x00031ce8   0x0000013e   Data   RO         1863    .conststring        nrf_ble_gatt.o
    0x00031e26   0x00031e26   0x00000002   PAD
    0x00031e28   0x00031e28   0x000000e8   Data   RO         2029    .conststring        peer_data_storage.o
    0x00031f10   0x00031f10   0x00000180   Data   RO         2169    .conststring        peer_database.o
    0x00032090   0x00032090   0x00000090   Data   RO         2408    .conststring        peer_manager.o
    0x00032120   0x00032120   0x0000030f   Data   RO         2684    .conststring        peer_manager_handler.o
    0x0003242f   0x0003242f   0x00000001   PAD
    0x00032430   0x00032430   0x000002b2   Data   RO         2836    .conststring        security_dispatcher.o
    0x000326e2   0x000326e2   0x00000002   PAD
    0x000326e4   0x000326e4   0x0000017b   Data   RO         2980    .conststring        security_manager.o
    0x0003285f   0x0003285f   0x00000001   PAD
    0x00032860   0x00032860   0x0000004f   Data   RO         5752    .conststring        nrf_fstorage.o
    0x000328af   0x000328af   0x00000001   PAD
    0x000328b0   0x000328b0   0x000003eb   Data   RO         6248    .conststring        nrf_strerror.o
    0x00032c9b   0x00032c9b   0x00000001   PAD
    0x00032c9c   0x00032c9c   0x00000066   Data   RO         6669    .conststring        nrf_log_str_formatter.o
    0x00032d02   0x00032d02   0x00000002   PAD
    0x00032d04   0x00032d04   0x00000188   Data   RO         7205    .conststring        nrf_sdh_ble.o
    0x00032e8c   0x00032e8c   0x00000011   Data   RO         1421    .conststrlit        gatt_cache_manager.o
    0x00032e9d   0x00032e9d   0x00000003   PAD
    0x00032ea0   0x00032ea0   0x00000012   Data   RO         1595    .conststrlit        gatts_cache_manager.o
    0x00032eb2   0x00032eb2   0x00000002   PAD
    0x00032eb4   0x00032eb4   0x00000010   Data   RO         1702    .conststrlit        id_manager.o
    0x00032ec4   0x00032ec4   0x0000000d   Data   RO         1864    .conststrlit        nrf_ble_gatt.o
    0x00032ed1   0x00032ed1   0x00000003   PAD
    0x00032ed4   0x00032ed4   0x00000011   Data   RO         2030    .conststrlit        peer_data_storage.o
    0x00032ee5   0x00032ee5   0x00000003   PAD
    0x00032ee8   0x00032ee8   0x00000011   Data   RO         2170    .conststrlit        peer_database.o
    0x00032ef9   0x00032ef9   0x00000003   PAD
    0x00032efc   0x00032efc   0x0000000d   Data   RO         2409    .conststrlit        peer_manager.o
    0x00032f09   0x00032f09   0x00000003   PAD
    0x00032f0c   0x00032f0c   0x00000015   Data   RO         2687    .conststrlit        peer_manager_handler.o
    0x00032f21   0x00032f21   0x00000003   PAD
    0x00032f24   0x00032f24   0x00000011   Data   RO         2837    .conststrlit        security_dispatcher.o
    0x00032f35   0x00032f35   0x00000003   PAD
    0x00032f38   0x00032f38   0x00000010   Data   RO         2981    .conststrlit        security_manager.o
    0x00032f48   0x00032f48   0x00000006   Data   RO         3153    .conststrlit        nrf_drv_clock.o
    0x00032f4e   0x00032f4e   0x00000002   PAD
    0x00032f50   0x00032f50   0x00000006   Data   RO         3498    .conststrlit        nrfx_clock.o
    0x00032f56   0x00032f56   0x00000002   PAD
    0x00032f58   0x00032f58   0x00000007   Data   RO         3671    .conststrlit        nrfx_gpiote.o
    0x00032f5f   0x00032f5f   0x00000001   PAD
    0x00032f60   0x00032f60   0x00000004   Data   RO         3930    .conststrlit        nrfx_prs.o
    0x00032f64   0x00032f64   0x00000005   Data   RO         4010    .conststrlit        nrfx_uart.o
    0x00032f69   0x00032f69   0x00000003   PAD
    0x00032f6c   0x00032f6c   0x00000006   Data   RO         4194    .conststrlit        nrfx_uarte.o
    0x00032f72   0x00032f72   0x00000002   PAD
    0x00032f74   0x00032f74   0x0000000b   Data   RO         4341    .conststrlit        app_button.o
    0x00032f7f   0x00032f7f   0x00000001   PAD
    0x00032f80   0x00032f80   0x0000000a   Data   RO         4601    .conststrlit        app_timer2.o
    0x00032f8a   0x00032f8a   0x00000002   PAD
    0x00032f8c   0x00032f8c   0x0000000d   Data   RO         5753    .conststrlit        nrf_fstorage.o
    0x00032f99   0x00032f99   0x00000003   PAD
    0x00032f9c   0x00032f9c   0x00000009   Data   RO         6026    .conststrlit        nrf_pwr_mgmt.o
    0x00032fa5   0x00032fa5   0x00000003   PAD
    0x00032fa8   0x00032fa8   0x00000009   Data   RO         6194    .conststrlit        nrf_sortlist.o
    0x00032fb1   0x00032fb1   0x00000003   PAD
    0x00032fb4   0x00032fb4   0x00000011   Data   RO         6442    .conststrlit        nrf_log_default_backends.o
    0x00032fc5   0x00032fc5   0x00000003   PAD
    0x00032fc8   0x00032fc8   0x00000004   Data   RO         6508    .conststrlit        nrf_log_frontend.o
    0x00032fcc   0x00032fcc   0x00000008   Data   RO         7096    .conststrlit        nrf_sdh.o
    0x00032fd4   0x00032fd4   0x0000000c   Data   RO         7206    .conststrlit        nrf_sdh_ble.o
    0x00032fe0   0x00032fe0   0x0000000c   Data   RO         7256    .conststrlit        nrf_sdh_soc.o
    0x00032fec   0x00032fec   0x00000004   Data   RO         7456    .conststrlit        nrfx_twi.o
    0x00032ff0   0x00032ff0   0x00000020   Data   RO         7859    Region$$Table       anon$$obj.o
    0x00033010   0x00033010   0x00000010   Data   RO         6444    log_backends        nrf_log_default_backends.o
    0x00033020   0x00033020   0x00000008   Data   RO         1423    log_const_data      gatt_cache_manager.o
    0x00033028   0x00033028   0x00000008   Data   RO         1597    log_const_data      gatts_cache_manager.o
    0x00033030   0x00033030   0x00000008   Data   RO         1704    log_const_data      id_manager.o
    0x00033038   0x00033038   0x00000008   Data   RO         1865    log_const_data      nrf_ble_gatt.o
    0x00033040   0x00033040   0x00000008   Data   RO         2032    log_const_data      peer_data_storage.o
    0x00033048   0x00033048   0x00000008   Data   RO         2172    log_const_data      peer_database.o
    0x00033050   0x00033050   0x00000008   Data   RO         2411    log_const_data      peer_manager.o
    0x00033058   0x00033058   0x00000008   Data   RO         2690    log_const_data      peer_manager_handler.o
    0x00033060   0x00033060   0x00000008   Data   RO         2839    log_const_data      security_dispatcher.o
    0x00033068   0x00033068   0x00000008   Data   RO         2983    log_const_data      security_manager.o
    0x00033070   0x00033070   0x00000008   Data   RO         3154    log_const_data      nrf_drv_clock.o
    0x00033078   0x00033078   0x00000008   Data   RO         3500    log_const_data      nrfx_clock.o
    0x00033080   0x00033080   0x00000008   Data   RO         3672    log_const_data      nrfx_gpiote.o
    0x00033088   0x00033088   0x00000008   Data   RO         3932    log_const_data      nrfx_prs.o
    0x00033090   0x00033090   0x00000008   Data   RO         4011    log_const_data      nrfx_uart.o
    0x00033098   0x00033098   0x00000008   Data   RO         4195    log_const_data      nrfx_uarte.o
    0x000330a0   0x000330a0   0x00000008   Data   RO         4343    log_const_data      app_button.o
    0x000330a8   0x000330a8   0x00000008   Data   RO         4604    log_const_data      app_timer2.o
    0x000330b0   0x000330b0   0x00000008   Data   RO         5754    log_const_data      nrf_fstorage.o
    0x000330b8   0x000330b8   0x00000008   Data   RO         6028    log_const_data      nrf_pwr_mgmt.o
    0x000330c0   0x000330c0   0x00000008   Data   RO         6195    log_const_data      nrf_sortlist.o
    0x000330c8   0x000330c8   0x00000008   Data   RO         6512    log_const_data      nrf_log_frontend.o
    0x000330d0   0x000330d0   0x00000008   Data   RO         7098    log_const_data      nrf_sdh.o
    0x000330d8   0x000330d8   0x00000008   Data   RO         7208    log_const_data      nrf_sdh_ble.o
    0x000330e0   0x000330e0   0x00000008   Data   RO         7257    log_const_data      nrf_sdh_soc.o
    0x000330e8   0x000330e8   0x00000008   Data   RO         7457    log_const_data      nrfx_twi.o
    0x000330f0   0x000330f0   0x00000014   Data   RO         6513    nrf_balloc          nrf_log_frontend.o
    0x00033104   0x00033104   0x00000008   Data   RO         1190    sdh_ble_observers0  ble_conn_state.o
    0x0003310c   0x0003310c   0x00000010   Data   RO           23    sdh_ble_observers1  main.o
    0x0003311c   0x0003311c   0x00000008   Data   RO          711    sdh_ble_observers1  bsp_btn_ble.o
    0x00033124   0x00033124   0x00000008   Data   RO         1095    sdh_ble_observers1  ble_conn_params.o
    0x0003312c   0x0003312c   0x00000008   Data   RO         2412    sdh_ble_observers1  peer_manager.o
    0x00033134   0x00033134   0x00000008   Data   RO           24    sdh_ble_observers2  main.o
    0x0003313c   0x0003313c   0x00000008   Data   RO           25    sdh_ble_observers3  main.o
    0x00033144   0x00033144   0x00000008   Data   RO         5848    sdh_req_observers0  nrf_fstorage_sd.o
    0x0003314c   0x0003314c   0x00000008   Data   RO         3155    sdh_soc_observers0  nrf_drv_clock.o
    0x00033154   0x00033154   0x00000008   Data   RO         5849    sdh_soc_observers0  nrf_fstorage_sd.o
    0x0003315c   0x0003315c   0x00000008   Data   RO         7209    sdh_stack_observers0  nrf_sdh_ble.o
    0x00033164   0x00033164   0x00000008   Data   RO         7258    sdh_stack_observers0  nrf_sdh_soc.o
    0x0003316c   0x0003316c   0x00000008   Data   RO         3156    sdh_state_observers0  nrf_drv_clock.o
    0x00033174   0x00033174   0x00000008   Data   RO         5850    sdh_state_observers0  nrf_fstorage_sd.o


    Execution Region RW_IRAM1 (Exec base: 0x20002250, Load base: 0x0003317c, Size: 0x000033d8, Max: 0x0000ddb0, ABSOLUTE, COMPRESSED[0x0000009c])

    Exec Addr    Load Addr    Size         Type   Attr      Idx    E Section Name        Object

    0x20002250   COMPRESSED   0x00000008   Data   RW           22    .data               main.o
    0x20002258   COMPRESSED   0x00000010   Data   RW          593    .data               bsp.o
    0x20002268   COMPRESSED   0x00000008   Data   RW          710    .data               bsp_btn_ble.o
    0x20002270   COMPRESSED   0x00000008   Data   RW         1094    .data               ble_conn_params.o
    0x20002278   COMPRESSED   0x00000010   Data   RW         1422    .data               gatt_cache_manager.o
    0x20002288   COMPRESSED   0x0000000c   Data   RW         1596    .data               gatts_cache_manager.o
    0x20002294   COMPRESSED   0x0000000c   Data   RW         2031    .data               peer_data_storage.o
    0x200022a0   COMPRESSED   0x00000008   Data   RW         2171    .data               peer_database.o
    0x200022a8   COMPRESSED   0x00000010   Data   RW         2410    .data               peer_manager.o
    0x200022b8   COMPRESSED   0x00000060   Data   RW         2688    .data               peer_manager_handler.o
    0x20002318   COMPRESSED   0x00000005   Data   RW         2838    .data               security_dispatcher.o
    0x2000231d   COMPRESSED   0x00000003   PAD
    0x20002320   COMPRESSED   0x00000015   Data   RW         2982    .data               security_manager.o
    0x20002335   COMPRESSED   0x00000003   PAD
    0x20002338   COMPRESSED   0x0000000c   Data   RW         3293    .data               nrf_drv_uart.o
    0x20002344   COMPRESSED   0x00000008   Data   RW         3499    .data               nrfx_clock.o
    0x2000234c   COMPRESSED   0x00000008   Data   RW         3931    .data               nrfx_prs.o
    0x20002354   COMPRESSED   0x00000004   PAD
    0x20002358   COMPRESSED   0x00000018   Data   RW         4342    .data               app_button.o
    0x20002370   COMPRESSED   0x00000020   Data   RW         4602    .data               app_timer2.o
    0x20002390   COMPRESSED   0x00000004   Data   RW         4603    .data               app_timer2.o
    0x20002394   COMPRESSED   0x0000000c   Data   RW         4841    .data               drv_rtc.o
    0x200023a0   COMPRESSED   0x00000030   Data   RW         5042    .data               fds.o
    0x200023d0   COMPRESSED   0x00000008   Data   RW         5847    .data               nrf_fstorage_sd.o
    0x200023d8   COMPRESSED   0x00000008   Data   RW         6027    .data               nrf_pwr_mgmt.o
    0x200023e0   COMPRESSED   0x00000018   Data   RW         6378    .data               nrf_log_backend_uart.o
    0x200023f8   COMPRESSED   0x00000008   Data   RW         6443    .data               nrf_log_default_backends.o
    0x20002400   COMPRESSED   0x00000004   Data   RW         6509    .data               nrf_log_frontend.o
    0x20002404   COMPRESSED   0x00000008   Data   RW         6510    .data               nrf_log_frontend.o
    0x2000240c   COMPRESSED   0x00000008   Data   RW         6511    .data               nrf_log_frontend.o
    0x20002414   COMPRESSED   0x00000040   Data   RW         6670    .data               nrf_log_str_formatter.o
    0x20002454   COMPRESSED   0x00000003   Data   RW         7097    .data               nrf_sdh.o
    0x20002457   COMPRESSED   0x00000001   Data   RW         7207    .data               nrf_sdh_ble.o
    0x20002458   COMPRESSED   0x00000001   Data   RW         7297    .data               icm_twi_driver.o
    0x20002459   COMPRESSED   0x00000003   PAD
    0x2000245c   COMPRESSED   0x00000010   Data   RW         7382    .data               nrf_drv_twi.o
    0x2000246c   COMPRESSED   0x00000004   Data   RW         7709    .data               system_nrf52.o
    0x20002470   COMPRESSED   0x00000014   Data   RW         5043    fs_data             fds.o
    0x20002484   COMPRESSED   0x00000004   PAD
    0x20002488        -       0x00000020   Zero   RW           19    .bss                main.o
    0x200024a8        -       0x00000454   Zero   RW           20    .bss                main.o
    0x200028fc   COMPRESSED   0x00000004   PAD
    0x20002900        -       0x00000020   Zero   RW          588    .bss                bsp.o
    0x20002920        -       0x00000020   Zero   RW          589    .bss                bsp.o
    0x20002940        -       0x0000000c   Zero   RW          590    .bss                bsp.o
    0x2000294c   COMPRESSED   0x00000004   PAD
    0x20002950        -       0x00000020   Zero   RW          591    .bss                bsp.o
    0x20002970        -       0x00000050   Zero   RW         1093    .bss                ble_conn_params.o
    0x200029c0        -       0x0000007c   Zero   RW         1189    .bss                ble_conn_state.o
    0x20002a3c        -       0x000000d8   Zero   RW         1699    .bss                id_manager.o
    0x20002b14        -       0x00000180   Zero   RW         2167    .bss                peer_database.o
    0x20002c94        -       0x00000040   Zero   RW         2283    .bss                peer_id.o
    0x20002cd4        -       0x0000000c   Zero   RW         2406    .bss                peer_manager.o
    0x20002ce0        -       0x00000040   Zero   RW         2834    .bss                security_dispatcher.o
    0x20002d20        -       0x00000014   Zero   RW         3148    .bss                nrf_drv_clock.o
    0x20002d34        -       0x0000005c   Zero   RW         3666    .bss                nrfx_gpiote.o
    0x20002d90        -       0x0000002c   Zero   RW         4005    .bss                nrfx_uart.o
    0x20002dbc        -       0x00000024   Zero   RW         4189    .bss                nrfx_uarte.o
    0x20002de0        -       0x00000020   Zero   RW         4338    .bss                app_button.o
    0x20002e00        -       0x00000010   Zero   RW         4339    .bss                app_button.o
    0x20002e10        -       0x00000010   Zero   RW         4598    .bss                app_timer2.o
    0x20002e20        -       0x00000058   Zero   RW         4599    .bss                app_timer2.o
    0x20002e78        -       0x0000000c   Zero   RW         4728    .bss                app_util_platform.o
    0x20002e84        -       0x00000010   Zero   RW         5039    .bss                fds.o
    0x20002e94        -       0x000000e0   Zero   RW         5040    .bss                fds.o
    0x20002f74        -       0x00000010   Zero   RW         5843    .bss                nrf_fstorage_sd.o
    0x20002f84        -       0x000000a0   Zero   RW         5844    .bss                nrf_fstorage_sd.o
    0x20003024        -       0x0000000c   Zero   RW         6023    .bss                nrf_pwr_mgmt.o
    0x20003030        -       0x00000040   Zero   RW         6375    .bss                nrf_log_backend_uart.o
    0x20003070        -       0x000000c0   Zero   RW         6503    .bss                nrf_log_frontend.o
    0x20003130        -       0x00000080   Zero   RW         6504    .bss                nrf_log_frontend.o
    0x200031b0        -       0x00000018   Zero   RW         6505    .bss                nrf_log_frontend.o
    0x200031c8        -       0x00000420   Zero   RW         6506    .bss                nrf_log_frontend.o
    0x200035e8        -       0x0000003c   Zero   RW         7451    .bss                nrfx_twi.o
    0x20003624   COMPRESSED   0x00000004   PAD
    0x20003628        -       0x00002000   Zero   RW         7697    STACK               arm_startup_nrf52.o


==============================================================================

Image component sizes


      Code (inc. data)   RO Data    RW Data    ZI Data      Debug   Object Name

       664         66         27         24         48      17746   app_button.o
        22          0          0          0          0       2513   app_error.o
       132         46          0          0          0      34125   app_error_weak.o
         0          0          0          0          0      37170   app_scheduler.o
       846         88         38         36        104      16593   app_timer2.o
       124         14          0          0         12      10670   app_util_platform.o
        36          8        512          0       8192       1000   arm_startup_nrf52.o
      1338          0          0          0          0      60508   ble_advdata.o
      1076          6          0          0          0      17959   ble_advertising.o
       636         44          8          8         80      12699   ble_conn_params.o
       772         62          8          0        124      15633   ble_conn_state.o
         8          0          0          0          0       1454   ble_srv_common.o
       358         40          8          0          0      65393   boards.o
       998         84         44         16        108      22947   bsp.o
       252         10          8          8          0      55016   bsp_btn_ble.o
       704         76          6         12          0      48601   drv_rtc.o
      3872        348         24         68        240      50662   fds.o
      2152        552        553         16          0      43060   gatt_cache_manager.o
       686         84        462         12          0      16583   gatts_cache_manager.o
       148         20         32          1          0      19621   icm_twi_driver.o
       946         34         32          0        216      21560   id_manager.o
      1394        276         54          8       1140     166779   main.o
       342          0          0          0          0       6694   nrf_atfifo.o
       170          0          0          0          0       4808   nrf_atflags.o
       332          0          0          0          0      10102   nrf_atomic.o
       164          0          0          0          0       3624   nrf_balloc.o
      1714        784        361          0          0      38951   nrf_ble_gatt.o
       276          0          0          0          0       6197   nrf_ble_qwr.o
       312         36         30          0         20      47496   nrf_drv_clock.o
       328         16          6         16          0      14099   nrf_drv_twi.o
       200         26          0         12          0      17804   nrf_drv_uart.o
        50          0          0          0          0       3525   nrf_fprintf.o
       866          4         16          0          0       6542   nrf_fprintf_format.o
       972        432        194          0          0       8012   nrf_fstorage.o
       798         82         72          8        176      15979   nrf_fstorage_sd.o
       200          0          0          0          0      11605   nrf_log_backend_serial.o
       232         44         44         24         64      15894   nrf_log_backend_uart.o
        28          4         33          8          0       3341   nrf_log_default_backends.o
      1516        128         44         20       1400      31432   nrf_log_frontend.o
       570        108        102         64          0       5644   nrf_log_str_formatter.o
       346          0          0          0          0       9551   nrf_memobj.o
       108         16         53          8         12      41370   nrf_pwr_mgmt.o
        28          0          0          0          0       2363   nrf_ringbuf.o
       560         60        104          3          0      45284   nrf_sdh.o
       672        232        468          1          0       5853   nrf_sdh_ble.o
        60          4         56          0          0       2464   nrf_sdh_soc.o
        78          0          0          0          0       2772   nrf_section_iter.o
        84          0         17          0          0       4097   nrf_sortlist.o
        76         10       1319          0          0       2735   nrf_strerror.o
       242         32         14          8          0      47072   nrfx_clock.o
      1268        106         19          0         92      65777   nrfx_gpiote.o
       112         16         12          8          0       4484   nrfx_prs.o
      1604         46         36          0         60      28350   nrfx_twi.o
      1310         42         17          0         44      30529   nrfx_uart.o
      1312         42         18          0         36      26011   nrfx_uarte.o
      1172        144        281         12          0      18226   peer_data_storage.o
      1434        260        425          8        384      19470   peer_database.o
       314         38          0          0         64       9135   peer_id.o
      1678        454        217         16         12      19859   peer_manager.o
      1824        842        832         96          0       9352   peer_manager_handler.o
       234          0          0          0          0       5435   pm_buffer.o
      1944        268        835          5         64      26907   security_dispatcher.o
      1372        122        411         21          0      54506   security_manager.o
       920         72          0          4          0      13431   system_nrf52.o

    ----------------------------------------------------------------------
     45080       6328       7956        564      12708    1485074   Object Totals
         0          0         32          0          0          0   (incl. Generated)
        94          0         72         13         16          0   (incl. Padding)

    ----------------------------------------------------------------------

      Code (inc. data)   RO Data    RW Data    ZI Data      Debug   Library Member Name

        86          0          0          0          0          0   __dczerorl2.o
         8          4        133          0          0         68   ctype_o.o
         0          0          0          0          0          0   entry.o
         0          0          0          0          0          0   entry10a.o
         0          0          0          0          0          0   entry11a.o
         8          4          0          0          0          0   entry2.o
         4          0          0          0          0          0   entry5.o
         0          0          0          0          0          0   entry7b.o
         0          0          0          0          0          0   entry8b.o
         8          4          0          0          0          0   entry9a.o
        30          0          0          0          0          0   handlers.o
        36          8          0          0          0         68   init.o
        30          0          0          0          0         68   llshl.o
        32          0          0          0          0         68   llushr.o
        26          0          0          0          0         80   memcmp.o
        36          0          0          0          0         68   memcpya.o
        36          0          0          0          0        108   memseta.o
        14          0          0          0          0         68   strlen.o
        98          0          0          0          0         92   uldiv.o

    ----------------------------------------------------------------------
       456         20        136          0          0        688   Library Totals
         4          0          3          0          0          0   (incl. Padding)

    ----------------------------------------------------------------------

      Code (inc. data)   RO Data    RW Data    ZI Data      Debug   Library Name

       452         20        133          0          0        688   mc_w.l

    ----------------------------------------------------------------------
       456         20        136          0          0        688   Library Totals

    ----------------------------------------------------------------------

==============================================================================


      Code (inc. data)   RO Data    RW Data    ZI Data      Debug   

     45536       6348       8092        564      12708    1429938   Grand Totals
     45536       6348       8092        156      12708    1429938   ELF Image Totals (compressed)
     45536       6348       8092        156          0          0   ROM Totals

==============================================================================

    Total RO  Size (Code + RO Data)                53628 (  52.37kB)
    Total RW  Size (RW Data + ZI Data)             13272 (  12.96kB)
    Total ROM Size (Code + RO Data + RW Data)      53784 (  52.52kB)

==============================================================================

