Component: ARM Compiler 5.06 update 6 (build 750) Tool: armlink [4d35ed]

==============================================================================

Section Cross References

    main.o(i.main) refers to _printf_percent.o(.ARM.Collect$$_printf_percent$$00000000) for _printf_percent
    main.o(i.main) refers to _printf_d.o(.ARM.Collect$$_printf_percent$$00000009) for _printf_d
    main.o(i.main) refers to _printf_dec.o(.text) for _printf_int_dec
    main.o(i.main) refers to _printf_f.o(.ARM.Collect$$_printf_percent$$00000003) for _printf_f
    main.o(i.main) refers to printf1.o(x$fpl$printf1) for _printf_fp_dec
    main.o(i.main) refers to stm32f4xx_hal.o(i.HAL_Init) for HAL_Init
    main.o(i.main) refers to sys.o(i.Stm32_Clock_Init) for Stm32_Clock_Init
    main.o(i.main) refers to delay.o(i.delay_init) for delay_init
    main.o(i.main) refers to usart.o(i.uart_init) for uart_init
    main.o(i.main) refers to inv_mpu.o(i.mpu_dmp_init) for mpu_dmp_init
    main.o(i.main) refers to __2printf.o(.text) for __2printf
    main.o(i.main) refers to inv_mpu.o(i.mpu_mpl_get_data) for mpu_mpl_get_data
    main.o(i.main) refers to mpu9250.o(i.MPU_Get_Temperature) for MPU_Get_Temperature
    main.o(i.main) refers to f2d.o(x$fpl$f2d) for __aeabi_f2d
    stm32f4xx_it.o(i.SysTick_Handler) refers to stm32f4xx_hal.o(i.HAL_IncTick) for HAL_IncTick
    system_stm32f4xx.o(i.SystemCoreClockUpdate) refers to system_stm32f4xx.o(.data) for .data
    system_stm32f4xx.o(i.SystemCoreClockUpdate) refers to system_stm32f4xx.o(.constdata) for .constdata
    startup_stm32f407xx.o(STACK) refers (Special) to heapauxi.o(.text) for __use_two_region_memory
    startup_stm32f407xx.o(HEAP) refers (Special) to heapauxi.o(.text) for __use_two_region_memory
    startup_stm32f407xx.o(RESET) refers (Special) to heapauxi.o(.text) for __use_two_region_memory
    startup_stm32f407xx.o(RESET) refers to startup_stm32f407xx.o(STACK) for __initial_sp
    startup_stm32f407xx.o(RESET) refers to startup_stm32f407xx.o(.text) for Reset_Handler
    startup_stm32f407xx.o(RESET) refers to stm32f4xx_it.o(i.NMI_Handler) for NMI_Handler
    startup_stm32f407xx.o(RESET) refers to stm32f4xx_it.o(i.HardFault_Handler) for HardFault_Handler
    startup_stm32f407xx.o(RESET) refers to stm32f4xx_it.o(i.MemManage_Handler) for MemManage_Handler
    startup_stm32f407xx.o(RESET) refers to stm32f4xx_it.o(i.BusFault_Handler) for BusFault_Handler
    startup_stm32f407xx.o(RESET) refers to stm32f4xx_it.o(i.UsageFault_Handler) for UsageFault_Handler
    startup_stm32f407xx.o(RESET) refers to stm32f4xx_it.o(i.SVC_Handler) for SVC_Handler
    startup_stm32f407xx.o(RESET) refers to stm32f4xx_it.o(i.DebugMon_Handler) for DebugMon_Handler
    startup_stm32f407xx.o(RESET) refers to stm32f4xx_it.o(i.PendSV_Handler) for PendSV_Handler
    startup_stm32f407xx.o(RESET) refers to stm32f4xx_it.o(i.SysTick_Handler) for SysTick_Handler
    startup_stm32f407xx.o(RESET) refers to usart.o(i.USART1_IRQHandler) for USART1_IRQHandler
    startup_stm32f407xx.o(.text) refers (Special) to heapauxi.o(.text) for __use_two_region_memory
    startup_stm32f407xx.o(.text) refers to system_stm32f4xx.o(i.SystemInit) for SystemInit
    startup_stm32f407xx.o(.text) refers to __main.o(!!!main) for __main
    startup_stm32f407xx.o(.text) refers to startup_stm32f407xx.o(HEAP) for Heap_Mem
    startup_stm32f407xx.o(.text) refers to startup_stm32f407xx.o(STACK) for Stack_Mem
    stm32f4xx_hal.o(i.HAL_DeInit) refers to stm32f4xx_hal_msp.o(i.HAL_MspDeInit) for HAL_MspDeInit
    stm32f4xx_hal.o(i.HAL_Delay) refers to stm32f4xx_hal.o(i.HAL_GetTick) for HAL_GetTick
    stm32f4xx_hal.o(i.HAL_Delay) refers to stm32f4xx_hal.o(.data) for .data
    stm32f4xx_hal.o(i.HAL_GetTick) refers to stm32f4xx_hal.o(.data) for .data
    stm32f4xx_hal.o(i.HAL_GetTickFreq) refers to stm32f4xx_hal.o(.data) for .data
    stm32f4xx_hal.o(i.HAL_GetTickPrio) refers to stm32f4xx_hal.o(.data) for .data
    stm32f4xx_hal.o(i.HAL_IncTick) refers to stm32f4xx_hal.o(.data) for .data
    stm32f4xx_hal.o(i.HAL_Init) refers to stm32f4xx_hal_cortex.o(i.HAL_NVIC_SetPriorityGrouping) for HAL_NVIC_SetPriorityGrouping
    stm32f4xx_hal.o(i.HAL_Init) refers to stm32f4xx_hal.o(i.HAL_InitTick) for HAL_InitTick
    stm32f4xx_hal.o(i.HAL_Init) refers to stm32f4xx_hal_msp.o(i.HAL_MspInit) for HAL_MspInit
    stm32f4xx_hal.o(i.HAL_InitTick) refers to stm32f4xx_hal_cortex.o(i.HAL_SYSTICK_Config) for HAL_SYSTICK_Config
    stm32f4xx_hal.o(i.HAL_InitTick) refers to stm32f4xx_hal_cortex.o(i.HAL_NVIC_SetPriority) for HAL_NVIC_SetPriority
    stm32f4xx_hal.o(i.HAL_InitTick) refers to stm32f4xx_hal.o(.data) for .data
    stm32f4xx_hal.o(i.HAL_InitTick) refers to system_stm32f4xx.o(.data) for SystemCoreClock
    stm32f4xx_hal.o(i.HAL_SetTickFreq) refers to stm32f4xx_hal.o(i.HAL_InitTick) for HAL_InitTick
    stm32f4xx_hal.o(i.HAL_SetTickFreq) refers to stm32f4xx_hal.o(.data) for .data
[...]
    __hardfp_log                             0x08008fd9   Thumb Code   872  log.o(i.__hardfp_log)
    __hardfp_sinf                            0x0800939d   Thumb Code   344  sinf.o(i.__hardfp_sinf)
    __hardfp_sqrt                            0x0800952d   Thumb Code   122  sqrt.o(i.__hardfp_sqrt)
    __hardfp_sqrtf                           0x080095a7   Thumb Code    58  sqrtf.o(i.__hardfp_sqrtf)
    __ieee754_rem_pio2                       0x080095e1   Thumb Code   938  rred.o(i.__ieee754_rem_pio2)
    __kernel_cos                             0x08009a19   Thumb Code   322  cos_i.o(i.__kernel_cos)
    __kernel_poly                            0x08009b89   Thumb Code   248  poly.o(i.__kernel_poly)
    __kernel_sin                             0x08009c81   Thumb Code   280  sin_i.o(i.__kernel_sin)
    __mathlib_dbl_divzero                    0x08009db1   Thumb Code    28  dunder.o(i.__mathlib_dbl_divzero)
    __mathlib_dbl_infnan                     0x08009de1   Thumb Code    20  dunder.o(i.__mathlib_dbl_infnan)
    __mathlib_dbl_invalid                    0x08009df9   Thumb Code    24  dunder.o(i.__mathlib_dbl_invalid)
    __mathlib_dbl_underflow                  0x08009e19   Thumb Code    24  dunder.o(i.__mathlib_dbl_underflow)
    __mathlib_flt_infnan                     0x08009e39   Thumb Code     6  funder.o(i.__mathlib_flt_infnan)
    __mathlib_flt_infnan2                    0x08009e3f   Thumb Code     6  funder.o(i.__mathlib_flt_infnan2)
    __mathlib_flt_invalid                    0x08009e45   Thumb Code    10  funder.o(i.__mathlib_flt_invalid)
    __mathlib_flt_underflow                  0x08009e55   Thumb Code    10  funder.o(i.__mathlib_flt_underflow)
    __mathlib_rredf2                         0x08009e65   Thumb Code   316  rredf.o(i.__mathlib_rredf2)
    _is_digit                                0x08009fe9   Thumb Code    14  __printf_wp.o(i._is_digit)
    _sys_exit                                0x08009ff7   Thumb Code     2  usart.o(i._sys_exit)
    delay_init                               0x0800a5c1   Thumb Code    16  delay.o(i.delay_init)
    delay_ms                                 0x0800a5d5   Thumb Code    26  delay.o(i.delay_ms)
    delay_us                                 0x0800a5f1   Thumb Code    48  delay.o(i.delay_us)
    dmp_enable_6x_lp_quat                    0x0800a625   Thumb Code    58  inv_mpu_dmp_motion_driver.o(i.dmp_enable_6x_lp_quat)
    dmp_enable_feature                       0x0800a661   Thumb Code   468  inv_mpu_dmp_motion_driver.o(i.dmp_enable_feature)
    dmp_enable_gyro_cal                      0x0800a83d   Thumb Code    32  inv_mpu_dmp_motion_driver.o(i.dmp_enable_gyro_cal)
    dmp_enable_lp_quat                       0x0800a875   Thumb Code    58  inv_mpu_dmp_motion_driver.o(i.dmp_enable_lp_quat)
    dmp_load_motion_driver_firmware          0x0800a8b1   Thumb Code    16  inv_mpu_dmp_motion_driver.o(i.dmp_load_motion_driver_firmware)
    dmp_read_fifo                            0x0800a8c5   Thumb Code   328  inv_mpu_dmp_motion_driver.o(i.dmp_read_fifo)
    dmp_set_accel_bias                       0x0800aa11   Thumb Code   210  inv_mpu_dmp_motion_driver.o(i.dmp_set_accel_bias)
    dmp_set_fifo_rate                        0x0800aae9   Thumb Code    82  inv_mpu_dmp_motion_driver.o(i.dmp_set_fifo_rate)
    dmp_set_gyro_bias                        0x0800ab4d   Thumb Code   196  inv_mpu_dmp_motion_driver.o(i.dmp_set_gyro_bias)
    dmp_set_orientation                      0x0800ac19   Thumb Code   246  inv_mpu_dmp_motion_driver.o(i.dmp_set_orientation)
    dmp_set_shake_reject_thresh              0x0800ad25   Thumb Code    48  inv_mpu_dmp_motion_driver.o(i.dmp_set_shake_reject_thresh)
    dmp_set_shake_reject_time                0x0800ad55   Thumb Code    32  inv_mpu_dmp_motion_driver.o(i.dmp_set_shake_reject_time)
    dmp_set_shake_reject_timeout             0x0800ad75   Thumb Code    32  inv_mpu_dmp_motion_driver.o(i.dmp_set_shake_reject_timeout)
    dmp_set_tap_axes                         0x0800ad95   Thumb Code    64  inv_mpu_dmp_motion_driver.o(i.dmp_set_tap_axes)
    dmp_set_tap_count                        0x0800add5   Thumb Code    34  inv_mpu_dmp_motion_driver.o(i.dmp_set_tap_count)
    dmp_set_tap_thresh                       0x0800adf9   Thumb Code   314  inv_mpu_dmp_motion_driver.o(i.dmp_set_tap_thresh)
    dmp_set_tap_time                         0x0800af59   Thumb Code    32  inv_mpu_dmp_motion_driver.o(i.dmp_set_tap_time)
    dmp_set_tap_time_multi                   0x0800af79   Thumb Code    32  inv_mpu_dmp_motion_driver.o(i.dmp_set_tap_time_multi)
    fabs                                     0x0800af99   Thumb Code    24  fabs.o(i.fabs)
    fputc                                    0x0800afb1   Thumb Code    14  usart.o(i.fputc)
    inv_apply_calibration                    0x0800b909   Thumb Code   106  data_builder.o(i.inv_apply_calibration)
    inv_build_accel                          0x0800b975   Thumb Code    96  data_builder.o(i.inv_build_accel)
    inv_build_compass                        0x0800b9dd   Thumb Code   124  data_builder.o(i.inv_build_compass)
    inv_build_gyro                           0x0800ba61   Thumb Code    42  data_builder.o(i.inv_build_gyro)
    inv_build_temp                           0x0800ba91   Thumb Code    24  data_builder.o(i.inv_build_temp)
    inv_compass_angle                        0x0800baad   Thumb Code   162  ml_math_func.o(i.inv_compass_angle)
    inv_convert_to_body_with_scale           0x0800bb59   Thumb Code    90  ml_math_func.o(i.inv_convert_to_body_with_scale)
    inv_enable_eMPL_outputs                  0x0800bc05   Thumb Code    20  empl_outputs.o(i.inv_enable_eMPL_outputs)
    inv_enable_results_holder                0x0800bc21   Thumb Code    22  results_holder.o(i.inv_enable_results_holder)
    inv_execute_mpl_start_notification       0x0800bc3d   Thumb Code    36  start_manager.o(i.inv_execute_mpl_start_notification)
    inv_execute_on_data                      0x0800bc65   Thumb Code   118  data_builder.o(i.inv_execute_on_data)
    inv_generate_results                     0x0800bd8d   Thumb Code    10  results_holder.o(i.inv_generate_results)
    inv_get_6axis_quaternion                 0x0800bd9d   Thumb Code    14  results_holder.o(i.inv_get_6axis_quaternion)
    inv_get_acc_state                        0x0800bdb1   Thumb Code     6  results_holder.o(i.inv_get_acc_state)
    inv_get_accel_accuracy                   0x0800bdbd   Thumb Code     6  data_builder.o(i.inv_get_accel_accuracy)
    inv_get_accel_on                         0x0800bdc9   Thumb Code    12  data_builder.o(i.inv_get_accel_on)
    inv_get_accel_set                        0x0800bdd9   Thumb Code    34  data_builder.o(i.inv_get_accel_set)
    inv_get_compass_bias                     0x0800be01   Thumb Code    14  data_builder.o(i.inv_get_compass_bias)
    inv_get_compass_correction               0x0800be15   Thumb Code    20  results_holder.o(i.inv_get_compass_correction)
    inv_get_compass_on                       0x0800be2d   Thumb Code    12  data_builder.o(i.inv_get_compass_on)
    inv_get_compass_soft_iron_output_data    0x0800be3d   Thumb Code    24  data_builder.o(i.inv_get_compass_soft_iron_output_data)
    inv_get_compass_state                    0x0800be59   Thumb Code     6  results_holder.o(i.inv_get_compass_state)
    inv_get_gravity                          0x0800be65   Thumb Code    80  results_holder.o(i.inv_get_gravity)
    inv_get_gyro                             0x0800beb9   Thumb Code    10  data_builder.o(i.inv_get_gyro)
    inv_get_gyro_accuracy                    0x0800bec9   Thumb Code     6  data_builder.o(i.inv_get_gyro_accuracy)
    inv_get_gyro_bias                        0x0800bed5   Thumb Code    26  data_builder.o(i.inv_get_gyro_bias)
    inv_get_gyro_bias_tc_set                 0x0800bef9   Thumb Code    20  data_builder.o(i.inv_get_gyro_bias_tc_set)
    inv_get_gyro_on                          0x0800bf11   Thumb Code    10  data_builder.o(i.inv_get_gyro_on)
    inv_get_gyro_sum_of_sqr                  0x0800bf21   Thumb Code    24  ml_math_func.o(i.inv_get_gyro_sum_of_sqr)
    inv_get_large_mag_field                  0x0800bf39   Thumb Code     6  results_holder.o(i.inv_get_large_mag_field)
    inv_get_last_timestamp                   0x0800bf45   Thumb Code    66  data_builder.o(i.inv_get_last_timestamp)
    inv_get_linear_accel                     0x0800bf8d   Thumb Code    58  results_holder.o(i.inv_get_linear_accel)
    inv_get_linear_accel_float               0x0800bfc9   Thumb Code    62  results_holder.o(i.inv_get_linear_accel_float)
    inv_get_local_field                      0x0800c00d   Thumb Code    10  results_holder.o(i.inv_get_local_field)
    inv_get_mag_accuracy                     0x0800c01d   Thumb Code    20  data_builder.o(i.inv_get_mag_accuracy)
    inv_get_motion_state                     0x0800c039   Thumb Code    12  results_holder.o(i.inv_get_motion_state)
    inv_get_quaternion                       0x0800c049   Thumb Code    48  results_holder.o(i.inv_get_quaternion)
    inv_get_quaternion_set                   0x0800c07d   Thumb Code    56  results_holder.o(i.inv_get_quaternion_set)
    inv_get_sensor_type_euler                0x0800c0b5   Thumb Code   412  empl_outputs.o(i.inv_get_sensor_type_euler)
    inv_get_sensor_type_gravity              0x0800c275   Thumb Code    88  hal_outputs.o(i.inv_get_sensor_type_gravity)
    inv_got_compass_bias                     0x0800c2d5   Thumb Code     6  results_holder.o(i.inv_got_compass_bias)
    inv_init_data_builder                    0x0800c2e1   Thumb Code    44  data_builder.o(i.inv_init_data_builder)
    inv_init_mpl                             0x0800c31d   Thumb Code    94  mpl.o(i.inv_init_mpl)
    inv_init_results_holder                  0x0800c395   Thumb Code    40  results_holder.o(i.inv_init_results_holder)
    inv_init_start_manager                   0x0800c3c5   Thumb Code    14  start_manager.o(i.inv_init_start_manager)
    inv_init_storage_manager                 0x0800c3d9   Thumb Code    20  storage_manager.o(i.inv_init_storage_manager)
    inv_orientation_matrix_to_scalar         0x0800c3f1   Thumb Code    34  ml_math_func.o(i.inv_orientation_matrix_to_scalar)
    inv_q29_mult                             0x0800c413   Thumb Code    12  ml_math_func.o(i.inv_q29_mult)
    inv_q30_mult                             0x0800c41f   Thumb Code    12  ml_math_func.o(i.inv_q30_mult)
    inv_q_add                                0x0800c42b   Thumb Code    36  ml_math_func.o(i.inv_q_add)
    inv_q_addf                               0x0800c44f   Thumb Code    66  ml_math_func.o(i.inv_q_addf)
    inv_q_invert                             0x0800c491   Thumb Code    24  ml_math_func.o(i.inv_q_invert)
    inv_q_invertf                            0x0800c4a9   Thumb Code    46  ml_math_func.o(i.inv_q_invertf)
    inv_q_mult                               0x0800c4d7   Thumb Code   176  ml_math_func.o(i.inv_q_mult)
    inv_q_multf                              0x0800c587   Thumb Code   210  ml_math_func.o(i.inv_q_multf)
    inv_q_norm4                              0x0800c659   Thumb Code   126  ml_math_func.o(i.inv_q_norm4)
    inv_q_normalizef                         0x0800c6dd   Thumb Code   170  ml_math_func.o(i.inv_q_normalizef)
    inv_q_rotate                             0x0800c78d   Thumb Code    64  ml_math_func.o(i.inv_q_rotate)
    inv_quaternion_to_rotation               0x0800c7cd   Thumb Code   218  ml_math_func.o(i.inv_quaternion_to_rotation)
    inv_register_data_cb                     0x0800c8a9   Thumb Code   154  data_builder.o(i.inv_register_data_cb)
    inv_register_load_store                  0x0800c951   Thumb Code   100  storage_manager.o(i.inv_register_load_store)
    inv_register_mpl_start_notification      0x0800c9b9   Thumb Code    28  start_manager.o(i.inv_register_mpl_start_notification)
    inv_reset_compass_soft_iron_matrix       0x0800c9d9   Thumb Code    68  data_builder.o(i.inv_reset_compass_soft_iron_matrix)
    inv_set_accel_accuracy                   0x0800ca71   Thumb Code    22  data_builder.o(i.inv_set_accel_accuracy)
    inv_set_accel_bias_found                 0x0800ca8d   Thumb Code     6  results_holder.o(i.inv_set_accel_bias_found)
    inv_set_accel_bias_mask                  0x0800ca99   Thumb Code    72  data_builder.o(i.inv_set_accel_bias_mask)
    inv_set_accel_orientation_and_scale      0x0800cae9   Thumb Code     8  data_builder.o(i.inv_set_accel_orientation_and_scale)
    inv_set_accel_sample_rate                0x0800caf5   Thumb Code    34  data_builder.o(i.inv_set_accel_sample_rate)
    inv_set_compass_bias                     0x0800cb21   Thumb Code    68  data_builder.o(i.inv_set_compass_bias)
    inv_set_compass_bias_error               0x0800cb69   Thumb Code    10  results_holder.o(i.inv_set_compass_bias_error)
    inv_set_compass_bias_found               0x0800cb79   Thumb Code     6  results_holder.o(i.inv_set_compass_bias_found)
    inv_set_compass_correction               0x0800cb85   Thumb Code    28  results_holder.o(i.inv_set_compass_correction)
    inv_set_compass_disturbance              0x0800cba5   Thumb Code     8  data_builder.o(i.inv_set_compass_disturbance)
    inv_set_compass_orientation_and_scale    0x0800cbb1   Thumb Code    12  data_builder.o(i.inv_set_compass_orientation_and_scale)
    inv_set_compass_sample_rate              0x0800cbc1   Thumb Code    34  data_builder.o(i.inv_set_compass_sample_rate)
    inv_set_compass_soft_iron_input_data     0x0800cbed   Thumb Code    70  data_builder.o(i.inv_set_compass_soft_iron_input_data)
    inv_set_compass_state                    0x0800cc3d   Thumb Code     6  results_holder.o(i.inv_set_compass_state)
    inv_set_gyro_bias                        0x0800ccc9   Thumb Code    88  data_builder.o(i.inv_set_gyro_bias)
    inv_set_gyro_orientation_and_scale       0x0800cd25   Thumb Code     8  data_builder.o(i.inv_set_gyro_orientation_and_scale)
    inv_set_gyro_sample_rate                 0x0800cd31   Thumb Code    30  data_builder.o(i.inv_set_gyro_sample_rate)
    inv_set_message                          0x0800cd59   Thumb Code    16  message_layer.o(i.inv_set_message)
    inv_set_motion_state                     0x0800cd6d   Thumb Code    48  results_holder.o(i.inv_set_motion_state)
    inv_start_mpl                            0x0800cdb1   Thumb Code    34  mpl.o(i.inv_start_mpl)
    inv_start_results_holder                 0x0800cded   Thumb Code    18  results_holder.o(i.inv_start_results_holder)
    inv_store_gaming_quaternion              0x0800ce05   Thumb Code    28  results_holder.o(i.inv_store_gaming_quaternion)
    inv_unregister_data_cb                   0x0800ce25   Thumb Code    70  data_builder.o(i.inv_unregister_data_cb)
    inv_unregister_mpl_start_notification    0x0800ce71   Thumb Code    66  start_manager.o(i.inv_unregister_mpl_start_notification)
    main                                     0x0800ceb9   Thumb Code   116  main.o(i.main)
    mget_ms                                  0x0800cf4d   Thumb Code     2  inv_mpu.o(i.mget_ms)
    mlMatrixVectorMult                       0x0800cf4f   Thumb Code    50  ml_math_func.o(i.mlMatrixVectorMult)
    mpu_configure_fifo                       0x0800cf81   Thumb Code    84  inv_mpu.o(i.mpu_configure_fifo)
    mpu_dmp_init                             0x0800cfd9   Thumb Code   342  inv_mpu.o(i.mpu_dmp_init)
    mpu_get_accel_fsr                        0x0800d13d   Thumb Code    54  inv_mpu.o(i.mpu_get_accel_fsr)
    mpu_get_accel_sens                       0x0800d179   Thumb Code    62  inv_mpu.o(i.mpu_get_accel_sens)
    mpu_get_compass_reg                      0x0800d1bd   Thumb Code   124  inv_mpu.o(i.mpu_get_compass_reg)
    mpu_get_gyro_fsr                         0x0800d23d   Thumb Code    48  inv_mpu.o(i.mpu_get_gyro_fsr)
    mpu_get_gyro_sens                        0x0800d271   Thumb Code    54  inv_mpu.o(i.mpu_get_gyro_sens)
    mpu_get_lpf                              0x0800d2bd   Thumb Code    52  inv_mpu.o(i.mpu_get_lpf)
    mpu_get_sample_rate                      0x0800d2f5   Thumb Code    22  inv_mpu.o(i.mpu_get_sample_rate)
    mpu_get_temperature                      0x0800d311   Thumb Code   112  inv_mpu.o(i.mpu_get_temperature)
    mpu_init                                 0x0800d38d   Thumb Code   212  inv_mpu.o(i.mpu_init)
    mpu_load_firmware                        0x0800d465   Thumb Code   158  inv_mpu.o(i.mpu_load_firmware)
    mpu_lp_accel_mode                        0x0800d509   Thumb Code   180  inv_mpu.o(i.mpu_lp_accel_mode)
    mpu_mpl_get_data                         0x0800d5c1   Thumb Code   224  inv_mpu.o(i.mpu_mpl_get_data)
    mpu_read_fifo_stream                     0x0800d6a9   Thumb Code   140  inv_mpu.o(i.mpu_read_fifo_stream)
    mpu_read_mem                             0x0800d739   Thumb Code    80  inv_mpu.o(i.mpu_read_mem)
    mpu_reset_fifo                           0x0800d78d   Thumb Code   344  inv_mpu.o(i.mpu_reset_fifo)
    mpu_run_6500_self_test                   0x0800d8e9   Thumb Code   348  inv_mpu.o(i.mpu_run_6500_self_test)
    mpu_set_accel_fsr                        0x0800db61   Thumb Code    98  inv_mpu.o(i.mpu_set_accel_fsr)
    mpu_set_bypass                           0x0800dbc9   Thumb Code   214  inv_mpu.o(i.mpu_set_bypass)
    mpu_set_compass_sample_rate              0x0800dca5   Thumb Code    72  inv_mpu.o(i.mpu_set_compass_sample_rate)
    mpu_set_dmp_state                        0x0800dcf1   Thumb Code   114  inv_mpu.o(i.mpu_set_dmp_state)
    mpu_set_gyro_fsr                         0x0800dd69   Thumb Code   104  inv_mpu.o(i.mpu_set_gyro_fsr)
    mpu_set_int_latched                      0x0800ddd5   Thumb Code    94  inv_mpu.o(i.mpu_set_int_latched)
    mpu_set_lpf                              0x0800de39   Thumb Code   102  inv_mpu.o(i.mpu_set_lpf)
    mpu_set_sample_rate                      0x0800dea5   Thumb Code   130  inv_mpu.o(i.mpu_set_sample_rate)
    mpu_set_sensors                          0x0800df2d   Thumb Code   304  inv_mpu.o(i.mpu_set_sensors)
    mpu_write_mem                            0x0800e061   Thumb Code    80  inv_mpu.o(i.mpu_write_mem)
    run_self_test                            0x0800e0b5   Thumb Code   148  inv_mpu.o(i.run_self_test)
    sqrtf                                    0x0800e37d   Thumb Code    62  sqrtf.o(i.sqrtf)
    uart_init                                0x0800e3bd   Thumb Code    44  usart.o(i.uart_init)
    _get_lc_numeric                          0x0800e3f5   Thumb Code    44  lc_numeric_c.o(locale$$code)
    _get_lc_ctype                            0x0800e421   Thumb Code    44  lc_ctype_c.o(locale$$code)
    __aeabi_dneg                             0x0800e44d   Thumb Code     0  basic.o(x$fpl$basic)
    _dneg                                    0x0800e44d   Thumb Code     6  basic.o(x$fpl$basic)
    __aeabi_fneg                             0x0800e453   Thumb Code     0  basic.o(x$fpl$basic)
    _fneg                                    0x0800e453   Thumb Code     6  basic.o(x$fpl$basic)
    _dabs                                    0x0800e459   Thumb Code     6  basic.o(x$fpl$basic)
    _fabs                                    0x0800e45f   Thumb Code     6  basic.o(x$fpl$basic)
    __aeabi_d2f                              0x0800e465   Thumb Code     0  d2f.o(x$fpl$d2f)
    _d2f                                     0x0800e465   Thumb Code    98  d2f.o(x$fpl$d2f)
    __aeabi_dadd                             0x0800e4c9   Thumb Code     0  daddsub_clz.o(x$fpl$dadd)
    _dadd                                    0x0800e4c9   Thumb Code   332  daddsub_clz.o(x$fpl$dadd)
    __fpl_dcmp_Inf                           0x0800e619   Thumb Code    24  dcmpi.o(x$fpl$dcmpinf)
    __aeabi_ddiv                             0x0800e631   Thumb Code     0  ddiv.o(x$fpl$ddiv)
    _ddiv                                    0x0800e631   Thumb Code   552  ddiv.o(x$fpl$ddiv)
    __aeabi_cdcmpeq                          0x0800e8e1   Thumb Code     0  deqf.o(x$fpl$deqf)
    _dcmpeq                                  0x0800e8e1   Thumb Code   120  deqf.o(x$fpl$deqf)
    __aeabi_d2iz                             0x0800e959   Thumb Code     0  dfix.o(x$fpl$dfix)
    _dfix                                    0x0800e959   Thumb Code    94  dfix.o(x$fpl$dfix)
    __aeabi_i2d                              0x0800e9b7   Thumb Code     0  dflt_clz.o(x$fpl$dflt)
    _dflt                                    0x0800e9b7   Thumb Code    46  dflt_clz.o(x$fpl$dflt)
    __aeabi_ui2d                             0x0800e9e5   Thumb Code     0  dflt_clz.o(x$fpl$dfltu)
    _dfltu                                   0x0800e9e5   Thumb Code    38  dflt_clz.o(x$fpl$dfltu)
    __aeabi_cdcmple                          0x0800ea0d   Thumb Code     0  dleqf.o(x$fpl$dleqf)
    _dcmple                                  0x0800ea0d   Thumb Code   120  dleqf.o(x$fpl$dleqf)
    __fpl_dcmple_InfNaN                      0x0800ea6f   Thumb Code     0  dleqf.o(x$fpl$dleqf)
    __aeabi_dmul                             0x0800ea85   Thumb Code     0  dmul.o(x$fpl$dmul)
    _dmul                                    0x0800ea85   Thumb Code   332  dmul.o(x$fpl$dmul)
    __fpl_dnaninf                            0x0800ebd9   Thumb Code   156  dnaninf.o(x$fpl$dnaninf)
    __fpl_dretinf                            0x0800ec75   Thumb Code    12  dretinf.o(x$fpl$dretinf)
    __aeabi_cdrcmple                         0x0800ec81   Thumb Code     0  drleqf.o(x$fpl$drleqf)
    _drcmple                                 0x0800ec81   Thumb Code   108  drleqf.o(x$fpl$drleqf)
    __aeabi_drsub                            0x0800eced   Thumb Code     0  daddsub_clz.o(x$fpl$drsb)
    _drsb                                    0x0800eced   Thumb Code    22  daddsub_clz.o(x$fpl$drsb)
    _dsqrt                                   0x0800ed05   Thumb Code   404  dsqrt_umaal.o(x$fpl$dsqrt)
    __aeabi_dsub                             0x0800ee9d   Thumb Code     0  daddsub_clz.o(x$fpl$dsub)
    _dsub                                    0x0800ee9d   Thumb Code   464  daddsub_clz.o(x$fpl$dsub)
    __aeabi_f2d                              0x0800f071   Thumb Code     0  f2d.o(x$fpl$f2d)
    _f2d                                     0x0800f071   Thumb Code    86  f2d.o(x$fpl$f2d)
    __aeabi_ul2f                             0x0800f0c7   Thumb Code     0  ffltll_clz.o(x$fpl$ffltll)
    _ll_uto_f                                0x0800f0c7   Thumb Code     6  ffltll_clz.o(x$fpl$ffltll)
    __aeabi_l2f                              0x0800f0cd   Thumb Code     0  ffltll_clz.o(x$fpl$ffltll)
    _ll_sto_f                                0x0800f0cd   Thumb Code    90  ffltll_clz.o(x$fpl$ffltll)
    __fpl_fnaninf                            0x0800f127   Thumb Code   140  fnaninf.o(x$fpl$fnaninf)
    _fp_init                                 0x0800f1b3   Thumb Code    10  fpinit.o(x$fpl$fpinit)
    __fplib_config_fpu_vfp                   0x0800f1bb   Thumb Code     0  fpinit.o(x$fpl$fpinit)
    __fplib_config_pureend_doubles           0x0800f1bb   Thumb Code     0  fpinit.o(x$fpl$fpinit)
    __fpl_fretinf                            0x0800f1bd   Thumb Code    10  fretinf.o(x$fpl$fretinf)
    __aeabi_f2lz                             0x0800f1c9   Thumb Code     0  ffixll.o(x$fpl$llsfromf)
    _ll_sfrom_f                              0x0800f1c9   Thumb Code   134  ffixll.o(x$fpl$llsfromf)
    _printf_fp_dec                           0x0800f24f   Thumb Code     4  printf1.o(x$fpl$printf1)
    _printf_fp_hex                           0x0800f253   Thumb Code     4  printf2.o(x$fpl$printf2)
    AHBPrescTable                            0x0800f256   Data          16  system_stm32f4xx.o(.constdata)
    __I$use$fp                               0x0800f256   Number         0  usenofp.o(x$fpl$usenofp)
    APBPrescTable                            0x0800f266   Data           8  system_stm32f4xx.o(.constdata)
    reg                                      0x0800f26e   Data          42  inv_mpu.o(.constdata)
    hw                                       0x0800f298   Data          14  inv_mpu.o(.constdata)
    test                                     0x0800f2a8   Data          48  inv_mpu.o(.constdata)
    ml_ver                                   0x080100ce   Data          20  mpl.o(.constdata)
    __mathlib_zero                           0x080101a8   Data           8  qnan.o(.constdata)
    Region$$Table$$Base                      0x080103cc   Number         0  anon$$obj.o(Region$$Table)
    Region$$Table$$Limit                     0x080103ec   Number         0  anon$$obj.o(Region$$Table)
    __ctype                                  0x08010415   Data           0  lc_ctype_c.o(locale$$data)
    SystemCoreClock                          0x20000000   Data           4  system_stm32f4xx.o(.data)
    uwTickFreq                               0x20000004   Data           1  stm32f4xx_hal.o(.data)
    uwTickPrio                               0x20000008   Data           4  stm32f4xx_hal.o(.data)
    uwTick                                   0x2000000c   Data           4  stm32f4xx_hal.o(.data)
    aRxBuffer                                0x20000014   Data           1  usart.o(.data)
    USART_RX_STA                             0x20000016   Data           2  usart.o(.data)
    __stdout                                 0x20000018   Data           4  usart.o(.data)
    mpl_key                                  0x2000001c   Data           4  inv_mpu.o(.data)
    USART_RX_BUF                             0x20000080   Data         200  usart.o(.bss)
    UART1_Handler                            0x20000148   Data          64  usart.o(.bss)
    cb                                       0x200007d0   Data         232  compass_vec_cal.o(.bss)
    cb_test                                  0x200008b8   Data         232  compass_vec_cal.o(.bss)
    cb_sim                                   0x200009a0   Data         232  compass_vec_cal.o(.bss)
    vc                                       0x20000a88   Data         424  compass_vec_cal.o(.bss)
    fnm                                      0x20000c30   Data         608  fast_no_motion.o(.bss)
    s9axis                                   0x20000ed0   Data         312  fusion_9axis.o(.bss)
    mag_disturb                              0x200011cc   Data         184  mag_disturb.o(.bss)
    __libspace_start                         0x200017a8   Data          96  libspace.o(.bss)
    __temporary_stack_top$libspace           0x20001808   Data           0  libspace.o(.bss)



==============================================================================

Memory Map of the image

  Image Entry point : 0x08000189

  Load Region LR_IROM1 (Base: 0x08000000, Size: 0x00010598, Max: 0x00100000, ABSOLUTE)

    Execution Region ER_IROM1 (Exec base: 0x08000000, Load base: 0x08000000, Size: 0x00010518, Max: 0x00100000, ABSOLUTE)

    Exec Addr    Load Addr    Size         Type   Attr      Idx    E Section Name        Object

    0x08000000   0x08000000   0x00000188   Data   RO          487    RESET               startup_stm32f407xx.o
    0x08000188   0x08000188   0x00000008   Code   RO         7523  * !!!main             c_w.l(__main.o)
    0x08000190   0x08000190   0x00000034   Code   RO         8132    !!!scatter          c_w.l(__scatter.o)
    0x080001c4   0x080001c4   0x0000001a   Code   RO         8134    !!handler_copy      c_w.l(__scatter_copy.o)
    0x080001de   0x080001de   0x00000002   PAD
    0x080001e0   0x080001e0   0x0000001c   Code   RO         8136    !!handler_zi        c_w.l(__scatter_zi.o)
    0x080001fc   0x080001fc   0x00000000   Code   RO         7506    .ARM.Collect$$_printf_percent$$00000000  c_w.l(_printf_percent.o)
    0x080001fc   0x080001fc   0x00000006   Code   RO         7811    .ARM.Collect$$_printf_percent$$00000001  c_w.l(_printf_n.o)
    0x08000202   0x08000202   0x00000006   Code   RO         7812    .ARM.Collect$$_printf_percent$$00000002  c_w.l(_printf_p.o)
    0x08000208   0x08000208   0x00000006   Code   RO         7505    .ARM.Collect$$_printf_percent$$00000003  c_w.l(_printf_f.o)
    0x0800020e   0x0800020e   0x00000006   Code   RO         7816    .ARM.Collect$$_printf_percent$$00000004  c_w.l(_printf_e.o)
    0x08000214   0x08000214   0x00000006   Code   RO         7817    .ARM.Collect$$_printf_percent$$00000005  c_w.l(_printf_g.o)
    0x0800021a   0x0800021a   0x00000006   Code   RO         7818    .ARM.Collect$$_printf_percent$$00000006  c_w.l(_printf_a.o)
    0x08000220   0x08000220   0x0000000a   Code   RO         7823    .ARM.Collect$$_printf_percent$$00000007  c_w.l(_printf_ll.o)
    0x0800022a   0x0800022a   0x00000006   Code   RO         7814    .ARM.Collect$$_printf_percent$$00000008  c_w.l(_printf_i.o)
    0x08000230   0x08000230   0x00000006   Code   RO         7504    .ARM.Collect$$_printf_percent$$00000009  c_w.l(_printf_d.o)
    0x08000236   0x08000236   0x00000006   Code   RO         7815    .ARM.Collect$$_printf_percent$$0000000A  c_w.l(_printf_u.o)
    0x0800023c   0x0800023c   0x00000006   Code   RO         7813    .ARM.Collect$$_printf_percent$$0000000B  c_w.l(_printf_o.o)
    0x08000242   0x08000242   0x00000006   Code   RO         7503    .ARM.Collect$$_printf_percent$$0000000C  c_w.l(_printf_x.o)
    0x08000248   0x08000248   0x00000006   Code   RO         7820    .ARM.Collect$$_printf_percent$$0000000D  c_w.l(_printf_lli.o)
    0x0800024e   0x0800024e   0x00000006   Code   RO         7821    .ARM.Collect$$_printf_percent$$0000000E  c_w.l(_printf_lld.o)
    0x08000254   0x08000254   0x00000006   Code   RO         7822    .ARM.Collect$$_printf_percent$$0000000F  c_w.l(_printf_llu.o)
    0x0800025a   0x0800025a   0x00000006   Code   RO         7827    .ARM.Collect$$_printf_percent$$00000010  c_w.l(_printf_llo.o)
    0x08000260   0x08000260   0x00000006   Code   RO         7828    .ARM.Collect$$_printf_percent$$00000011  c_w.l(_printf_llx.o)
    0x08000266   0x08000266   0x0000000a   Code   RO         7824    .ARM.Collect$$_printf_percent$$00000012  c_w.l(_printf_l.o)
    0x08000270   0x08000270   0x00000006   Code   RO         7809    .ARM.Collect$$_printf_percent$$00000013  c_w.l(_printf_c.o)
    0x08000276   0x08000276   0x00000006   Code   RO         7810    .ARM.Collect$$_printf_percent$$00000014  c_w.l(_printf_s.o)
    0x0800027c   0x0800027c   0x00000006   Code   RO         7825    .ARM.Collect$$_printf_percent$$00000015  c_w.l(_printf_lc.o)
    0x08000282   0x08000282   0x00000006   Code   RO         7826    .ARM.Collect$$_printf_percent$$00000016  c_w.l(_printf_ls.o)
    0x08000288   0x08000288   0x00000004   Code   RO         7819    .ARM.Collect$$_printf_percent$$00000017  c_w.l(_printf_percent_end.o)
    0x0800028c   0x0800028c   0x00000002   Code   RO         8002    .ARM.Collect$$libinit$$00000000  c_w.l(libinit.o)
    0x0800028e   0x0800028e   0x00000004   Code   RO         8003    .ARM.Collect$$libinit$$00000001  c_w.l(libinit2.o)
    0x08000292   0x08000292   0x00000000   Code   RO         8006    .ARM.Collect$$libinit$$00000004  c_w.l(libinit2.o)
    0x08000292   0x08000292   0x00000000   Code   RO         8009    .ARM.Collect$$libinit$$0000000A  c_w.l(libinit2.o)
    0x08000292   0x08000292   0x00000000   Code   RO         8011    .ARM.Collect$$libinit$$0000000C  c_w.l(libinit2.o)
    0x08000292   0x08000292   0x00000000   Code   RO         8013    .ARM.Collect$$libinit$$0000000E  c_w.l(libinit2.o)
    0x08000292   0x08000292   0x00000006   Code   RO         8014    .ARM.Collect$$libinit$$0000000F  c_w.l(libinit2.o)
    0x08000298   0x08000298   0x00000000   Code   RO         8016    .ARM.Collect$$libinit$$00000011  c_w.l(libinit2.o)
    0x08000298   0x08000298   0x0000000c   Code   RO         8017    .ARM.Collect$$libinit$$00000012  c_w.l(libinit2.o)
    0x080002a4   0x080002a4   0x00000000   Code   RO         8018    .ARM.Collect$$libinit$$00000013  c_w.l(libinit2.o)
    0x080002a4   0x080002a4   0x00000000   Code   RO         8020    .ARM.Collect$$libinit$$00000015  c_w.l(libinit2.o)
    0x080002a4   0x080002a4   0x0000000a   Code   RO         8021    .ARM.Collect$$libinit$$00000016  c_w.l(libinit2.o)
    0x080002ae   0x080002ae   0x00000000   Code   RO         8022    .ARM.Collect$$libinit$$00000017  c_w.l(libinit2.o)
    0x080002ae   0x080002ae   0x00000000   Code   RO         8024    .ARM.Collect$$libinit$$00000019  c_w.l(libinit2.o)
    0x080002ae   0x080002ae   0x00000000   Code   RO         8026    .ARM.Collect$$libinit$$0000001B  c_w.l(libinit2.o)
    0x080002ae   0x080002ae   0x00000000   Code   RO         8028    .ARM.Collect$$libinit$$0000001D  c_w.l(libinit2.o)
    0x080002ae   0x080002ae   0x00000000   Code   RO         8030    .ARM.Collect$$libinit$$0000001F  c_w.l(libinit2.o)
    0x080002ae   0x080002ae   0x00000000   Code   RO         8032    .ARM.Collect$$libinit$$00000021  c_w.l(libinit2.o)
    0x080002ae   0x080002ae   0x00000000   Code   RO         8034    .ARM.Collect$$libinit$$00000023  c_w.l(libinit2.o)
    0x080002ae   0x080002ae   0x00000000   Code   RO         8036    .ARM.Collect$$libinit$$00000025  c_w.l(libinit2.o)
    0x080002ae   0x080002ae   0x00000000   Code   RO         8040    .ARM.Collect$$libinit$$0000002C  c_w.l(libinit2.o)
    0x080002ae   0x080002ae   0x00000000   Code   RO         8042    .ARM.Collect$$libinit$$0000002E  c_w.l(libinit2.o)
    0x080002ae   0x080002ae   0x00000000   Code   RO         8044    .ARM.Collect$$libinit$$00000030  c_w.l(libinit2.o)
    0x080002ae   0x080002ae   0x00000000   Code   RO         8046    .ARM.Collect$$libinit$$00000032  c_w.l(libinit2.o)
    0x080002ae   0x080002ae   0x00000002   Code   RO         8047    .ARM.Collect$$libinit$$00000033  c_w.l(libinit2.o)
    0x080002b0   0x080002b0   0x00000002   Code   RO         8096    .ARM.Collect$$libshutdown$$00000000  c_w.l(libshutdown.o)
    0x080002b2   0x080002b2   0x00000000   Code   RO         8115    .ARM.Collect$$libshutdown$$00000002  c_w.l(libshutdown2.o)
    0x080002b2   0x080002b2   0x00000000   Code   RO         8117    .ARM.Collect$$libshutdown$$00000004  c_w.l(libshutdown2.o)
    0x080002b2   0x080002b2   0x00000000   Code   RO         8120    .ARM.Collect$$libshutdown$$00000007  c_w.l(libshutdown2.o)
    0x080002b2   0x080002b2   0x00000000   Code   RO         8123    .ARM.Collect$$libshutdown$$0000000A  c_w.l(libshutdown2.o)
    0x080002b2   0x080002b2   0x00000000   Code   RO         8125    .ARM.Collect$$libshutdown$$0000000C  c_w.l(libshutdown2.o)
    0x080002b2   0x080002b2   0x00000000   Code   RO         8128    .ARM.Collect$$libshutdown$$0000000F  c_w.l(libshutdown2.o)
    0x080002b2   0x080002b2   0x00000002   Code   RO         8129    .ARM.Collect$$libshutdown$$00000010  c_w.l(libshutdown2.o)
    0x080002b4   0x080002b4   0x00000000   Code   RO         7775    .ARM.Collect$$rtentry$$00000000  c_w.l(__rtentry.o)
    0x080002b4   0x080002b4   0x00000000   Code   RO         7905    .ARM.Collect$$rtentry$$00000002  c_w.l(__rtentry2.o)
    0x080002b4   0x080002b4   0x00000006   Code   RO         7917    .ARM.Collect$$rtentry$$00000004  c_w.l(__rtentry4.o)
    0x080002ba   0x080002ba   0x00000000   Code   RO         7907    .ARM.Collect$$rtentry$$00000009  c_w.l(__rtentry2.o)
    0x080002ba   0x080002ba   0x00000004   Code   RO         7908    .ARM.Collect$$rtentry$$0000000A  c_w.l(__rtentry2.o)
    0x080002be   0x080002be   0x00000000   Code   RO         7910    .ARM.Collect$$rtentry$$0000000C  c_w.l(__rtentry2.o)
    0x080002be   0x080002be   0x00000008   Code   RO         7911    .ARM.Collect$$rtentry$$0000000D  c_w.l(__rtentry2.o)
    0x080002c6   0x080002c6   0x00000002   Code   RO         8050    .ARM.Collect$$rtexit$$00000000  c_w.l(rtexit.o)
    0x080002c8   0x080002c8   0x00000000   Code   RO         8068    .ARM.Collect$$rtexit$$00000002  c_w.l(rtexit2.o)
    0x080002c8   0x080002c8   0x00000004   Code   RO         8069    .ARM.Collect$$rtexit$$00000003  c_w.l(rtexit2.o)
    0x080002cc   0x080002cc   0x00000006   Code   RO         8070    .ARM.Collect$$rtexit$$00000004  c_w.l(rtexit2.o)
    0x080002d2   0x080002d2   0x00000002   PAD
    0x080002d4   0x080002d4   0x00000040   Code   RO          488    .text               startup_stm32f407xx.o
    0x08000314   0x08000314   0x000024f0   Code   RO         7206    .text               libmpllib.lib(compass_vec_cal.o)
    0x08002804   0x08002804   0x00000a18   Code   RO         7296    .text               libmpllib.lib(fast_no_motion.o)
    0x0800321c   0x0800321c   0x000006b0   Code   RO         7329    .text               libmpllib.lib(fusion_9axis.o)
    0x080038cc   0x080038cc   0x000004c4   Code   RO         7351    .text               libmpllib.lib(gyro_tc.o)
    0x08003d90   0x08003d90   0x000005c0   Code   RO         7369    .text               libmpllib.lib(mag_disturb.o)
    0x08004350   0x08004350   0x00000994   Code   RO         7391    .text               libmpllib.lib(quaternion_supervisor.o)
    0x08004ce4   0x08004ce4   0x00000c44   Code   RO         7409    .text               libmpllib.lib(accel_auto_cal.o)
    0x08005928   0x08005928   0x00000002   Code   RO         7440    .text               c_w.l(use_no_semi_2.o)
    0x0800592a   0x0800592a   0x000000ee   Code   RO         7442    .text               c_w.l(lludivv7m.o)
    0x08005a18   0x08005a18   0x00000026   Code   RO         7444    .text               c_w.l(llshl.o)
    0x08005a3e   0x08005a3e   0x00000026   Code   RO         7446    .text               c_w.l(llsshr.o)
    0x08005a64   0x08005a64   0x00000048   Code   RO         7448    .text               c_w.l(llsdiv.o)
    0x08005aac   0x08005aac   0x00000024   Code   RO         7450    .text               c_w.l(vsprintf.o)
    0x08005ad0   0x08005ad0   0x00000018   Code   RO         7452    .text               c_w.l(__2printf.o)
    0x08005ae8   0x08005ae8   0x0000004e   Code   RO         7458    .text               c_w.l(_printf_pad.o)
    0x08005b36   0x08005b36   0x00000002   PAD
    0x08005b38   0x08005b38   0x00000078   Code   RO         7460    .text               c_w.l(_printf_dec.o)
    0x08005bb0   0x08005bb0   0x00000094   Code   RO         7480    .text               c_w.l(_printf_hex_int_ll_ptr.o)
    0x08005c44   0x08005c44   0x00000188   Code   RO         7500    .text               c_w.l(__printf_flags_ss_wp.o)
    0x08005dcc   0x08005dcc   0x00000058   Code   RO         7507    .text               c_w.l(memcmp.o)
    0x08005e24   0x08005e24   0x0000008a   Code   RO         7509    .text               c_w.l(rt_memcpy_v6.o)
    0x08005eae   0x08005eae   0x00000064   Code   RO         7511    .text               c_w.l(rt_memcpy_w.o)
    0x08005f12   0x08005f12   0x0000007a   Code   RO         7513    .text               c_w.l(rt_memmove_w.o)
    0x08005f8c   0x08005f8c   0x00000010   Code   RO         7515    .text               c_w.l(aeabi_memset.o)
    0x08005f9c   0x08005f9c   0x00000044   Code   RO         7517    .text               c_w.l(rt_memclr.o)
    0x08005fe0   0x08005fe0   0x0000004e   Code   RO         7519    .text               c_w.l(rt_memclr_w.o)
    0x0800602e   0x0800602e   0x00000006   Code   RO         7521    .text               c_w.l(heapauxi.o)
    0x08006034   0x08006034   0x00000002   Code   RO         7773    .text               c_w.l(use_no_semi.o)
    0x08006036   0x08006036   0x00000016   Code   RO         7780    .text               c_w.l(_rserrno.o)
    0x0800604c   0x0800604c   0x00000024   Code   RO         7782    .text               c_w.l(_printf_truncate.o)
    0x08006070   0x08006070   0x00000052   Code   RO         7784    .text               c_w.l(_printf_str.o)
    0x080060c2   0x080060c2   0x000000b2   Code   RO         7786    .text               c_w.l(_printf_intcommon.o)
    0x08006174   0x08006174   0x00000028   Code   RO         7788    .text               c_w.l(_printf_charcount.o)
    0x0800619c   0x0800619c   0x0000041e   Code   RO         7790    .text               c_w.l(_printf_fp_dec.o)
    0x080065ba   0x080065ba   0x00000002   PAD
    0x080065bc   0x080065bc   0x00000030   Code   RO         7792    .text               c_w.l(_printf_char_common.o)
    0x080065ec   0x080065ec   0x0000000a   Code   RO         7794    .text               c_w.l(_sputc.o)
    0x080065f6   0x080065f6   0x00000002   PAD
    0x080065f8   0x080065f8   0x00000024   Code   RO         7796    .text               c_w.l(_printf_char_file.o)
    0x0800661c   0x0800661c   0x000000bc   Code   RO         7798    .text               c_w.l(_printf_wctomb.o)
    0x080066d8   0x080066d8   0x0000007c   Code   RO         7801    .text               c_w.l(_printf_longlong_dec.o)
    0x08006754   0x08006754   0x00000070   Code   RO         7807    .text               c_w.l(_printf_oct_int_ll.o)
    0x080067c4   0x080067c4   0x00000008   Code   RO         7924    .text               c_w.l(rt_locale_intlibspace.o)
    0x080067cc   0x080067cc   0x00000008   Code   RO         7929    .text               c_w.l(rt_errno_addr_intlibspace.o)
    0x080067d4   0x080067d4   0x0000008a   Code   RO         7931    .text               c_w.l(lludiv10.o)
    0x0800685e   0x0800685e   0x00000002   PAD
    0x08006860   0x08006860   0x000002fc   Code   RO         7933    .text               c_w.l(_printf_fp_hex.o)
    0x08006b5c   0x08006b5c   0x00000080   Code   RO         7936    .text               c_w.l(_printf_fp_infnan.o)
    0x08006bdc   0x08006bdc   0x0000002c   Code   RO         7940    .text               c_w.l(_printf_char.o)
    0x08006c08   0x08006c08   0x0000002c   Code   RO         7942    .text               c_w.l(_printf_wchar.o)
    0x08006c34   0x08006c34   0x000000e4   Code   RO         7944    .text               c_w.l(bigflt0.o)
    0x08006d18   0x08006d18   0x00000008   Code   RO         7969    .text               c_w.l(ferror.o)
    0x08006d20   0x08006d20   0x00000040   Code   RO         7973    .text               c_w.l(_wcrtomb.o)
    0x08006d60   0x08006d60   0x00000008   Code   RO         7982    .text               c_w.l(libspace.o)
    0x08006d68   0x08006d68   0x0000004a   Code   RO         7985    .text               c_w.l(sys_stackheap_outer.o)
    0x08006db2   0x08006db2   0x00000002   PAD
    0x08006db4   0x08006db4   0x00000010   Code   RO         7987    .text               c_w.l(rt_ctype_table.o)
    0x08006dc4   0x08006dc4   0x00000012   Code   RO         7989    .text               c_w.l(exit.o)
    0x08006dd6   0x08006dd6   0x00000002   PAD
    0x08006dd8   0x08006dd8   0x00000080   Code   RO         7995    .text               c_w.l(strcmpv7m.o)
    0x08006e58   0x08006e58   0x0000003e   Code   RO         7947    CL$$btod_d2e        c_w.l(btod.o)
    0x08006e96   0x08006e96   0x00000046   Code   RO         7949    CL$$btod_d2e_denorm_low  c_w.l(btod.o)
    0x08006edc   0x08006edc   0x00000060   Code   RO         7948    CL$$btod_d2e_norm_op1  c_w.l(btod.o)
    0x08006f3c   0x08006f3c   0x00000338   Code   RO         7957    CL$$btod_div_common  c_w.l(btod.o)
    0x08007274   0x08007274   0x000000dc   Code   RO         7954    CL$$btod_e2e        c_w.l(btod.o)
    0x08007350   0x08007350   0x0000002a   Code   RO         7951    CL$$btod_ediv       c_w.l(btod.o)
    0x0800737a   0x0800737a   0x0000002a   Code   RO         7950    CL$$btod_emul       c_w.l(btod.o)
    0x080073a4   0x080073a4   0x00000244   Code   RO         7956    CL$$btod_mult_common  c_w.l(btod.o)
    0x080075e8   0x080075e8   0x00000002   Code   RO          254    i.BusFault_Handler  stm32f4xx_it.o
    0x080075ea   0x080075ea   0x00000002   Code   RO          255    i.DebugMon_Handler  stm32f4xx_it.o
    0x080075ec   0x080075ec   0x00000024   Code   RO         1644    i.HAL_DMA_Abort_IT  stm32f4xx_hal_dma.o
    0x08007610   0x08007610   0x000001c0   Code   RO          816    i.HAL_GPIO_Init     stm32f4xx_hal_gpio.o
    0x080077d0   0x080077d0   0x0000000c   Code   RO          507    i.HAL_GetREVID      stm32f4xx_hal.o
    0x080077dc   0x080077dc   0x0000000c   Code   RO          508    i.HAL_GetTick       stm32f4xx_hal.o
    0x080077e8   0x080077e8   0x00000010   Code   RO          514    i.HAL_IncTick       stm32f4xx_hal.o
    0x080077f8   0x080077f8   0x0000002c   Code   RO          515    i.HAL_Init          stm32f4xx_hal.o
    0x08007824   0x08007824   0x00000040   Code   RO          516    i.HAL_InitTick      stm32f4xx_hal.o
    0x08007864   0x08007864   0x00000002   Code   RO          459    i.HAL_MspInit       stm32f4xx_hal_msp.o
    0x08007866   0x08007866   0x0000001a   Code   RO          683    i.HAL_NVIC_EnableIRQ  stm32f4xx_hal_cortex.o
    0x08007880   0x08007880   0x00000040   Code   RO          689    i.HAL_NVIC_SetPriority  stm32f4xx_hal_cortex.o
    0x080078c0   0x080078c0   0x00000024   Code   RO          690    i.HAL_NVIC_SetPriorityGrouping  stm32f4xx_hal_cortex.o
    0x080078e4   0x080078e4   0x00000130   Code   RO         1788    i.HAL_RCC_ClockConfig  stm32f4xx_hal_rcc.o
    0x08007a14   0x08007a14   0x00000020   Code   RO         1795    i.HAL_RCC_GetPCLK1Freq  stm32f4xx_hal_rcc.o
    0x08007a34   0x08007a34   0x00000020   Code   RO         1796    i.HAL_RCC_GetPCLK2Freq  stm32f4xx_hal_rcc.o
    0x08007a54   0x08007a54   0x00000060   Code   RO         1797    i.HAL_RCC_GetSysClockFreq  stm32f4xx_hal_rcc.o
    0x08007ab4   0x08007ab4   0x00000314   Code   RO         1800    i.HAL_RCC_OscConfig  stm32f4xx_hal_rcc.o
    0x08007dc8   0x08007dc8   0x00000018   Code   RO          692    i.HAL_SYSTICK_CLKSourceConfig  stm32f4xx_hal_cortex.o
    0x08007de0   0x08007de0   0x00000028   Code   RO          694    i.HAL_SYSTICK_Config  stm32f4xx_hal_cortex.o
    0x08007e08   0x08007e08   0x00000002   Code   RO         1074    i.HAL_UART_ErrorCallback  stm32f4xx_hal_uart.o
    0x08007e0a   0x08007e0a   0x0000000a   Code   RO         1076    i.HAL_UART_GetState  stm32f4xx_hal_uart.o
    0x08007e14   0x08007e14   0x00000110   Code   RO         1077    i.HAL_UART_IRQHandler  stm32f4xx_hal_uart.o
    0x08007f24   0x08007f24   0x00000062   Code   RO         1078    i.HAL_UART_Init     stm32f4xx_hal_uart.o
    0x08007f86   0x08007f86   0x00000002   PAD
    0x08007f88   0x08007f88   0x0000007c   Code   RO         4934    i.HAL_UART_MspInit  usart.o
    0x08008004   0x08008004   0x00000052   Code   RO         1083    i.HAL_UART_Receive_IT  stm32f4xx_hal_uart.o
    0x08008056   0x08008056   0x00000002   PAD
    0x08008058   0x08008058   0x00000058   Code   RO         4935    i.HAL_UART_RxCpltCallback  usart.o
    0x080080b0   0x080080b0   0x00000002   Code   RO         1089    i.HAL_UART_TxCpltCallback  stm32f4xx_hal_uart.o
    0x080080b2   0x080080b2   0x00000002   Code   RO          256    i.HardFault_Handler  stm32f4xx_it.o
    0x080080b4   0x080080b4   0x00000040   Code   RO         5000    i.IIC_Ack           myiic.o
    0x080080f4   0x080080f4   0x00000048   Code   RO         5001    i.IIC_Init          myiic.o
    0x0800813c   0x0800813c   0x00000040   Code   RO         5002    i.IIC_NAck          myiic.o
    0x0800817c   0x0800817c   0x00000068   Code   RO         5003    i.IIC_Read_Byte     myiic.o
    0x080081e4   0x080081e4   0x00000060   Code   RO         5004    i.IIC_Send_Byte     myiic.o
    0x08008244   0x08008244   0x00000040   Code   RO         5005    i.IIC_Start         myiic.o
    0x08008284   0x08008284   0x00000040   Code   RO         5006    i.IIC_Stop          myiic.o
    0x080082c4   0x080082c4   0x00000054   Code   RO         5007    i.IIC_Wait_Ack      myiic.o
    0x08008318   0x08008318   0x00000064   Code   RO         5073    i.MPU_Get_Temperature  mpu9250.o
    0x0800837c   0x0800837c   0x0000006a   Code   RO         5075    i.MPU_Read_Len      mpu9250.o
    0x080083e6   0x080083e6   0x00000052   Code   RO         5081    i.MPU_Write_Len     mpu9250.o
    0x08008438   0x08008438   0x00000002   Code   RO          257    i.MemManage_Handler  stm32f4xx_it.o
    0x0800843a   0x0800843a   0x00000002   Code   RO          258    i.NMI_Handler       stm32f4xx_it.o
    0x0800843c   0x0800843c   0x00000002   Code   RO          259    i.PendSV_Handler    stm32f4xx_it.o
    0x0800843e   0x0800843e   0x00000002   Code   RO          260    i.SVC_Handler       stm32f4xx_it.o
    0x08008440   0x08008440   0x00000094   Code   RO         4907    i.Stm32_Clock_Init  sys.o
    0x080084d4   0x080084d4   0x00000004   Code   RO          261    i.SysTick_Handler   stm32f4xx_it.o
    0x080084d8   0x080084d8   0x00000054   Code   RO          333    i.SystemInit        system_stm32f4xx.o
    0x0800852c   0x0800852c   0x00000010   Code   RO         1091    i.UART_DMAAbortOnError  stm32f4xx_hal_uart.o
    0x0800853c   0x0800853c   0x0000001c   Code   RO         1101    i.UART_EndRxTransfer  stm32f4xx_hal_uart.o
    0x08008558   0x08008558   0x00000096   Code   RO         1103    i.UART_Receive_IT   stm32f4xx_hal_uart.o
    0x080085ee   0x080085ee   0x00000002   PAD
    0x080085f0   0x080085f0   0x000002ac   Code   RO         1104    i.UART_SetConfig    stm32f4xx_hal_uart.o
    0x0800889c   0x0800889c   0x00000062   Code   RO         1105    i.UART_Transmit_IT  stm32f4xx_hal_uart.o
    0x080088fe   0x080088fe   0x00000002   PAD
    0x08008900   0x08008900   0x0000002c   Code   RO         4936    i.USART1_IRQHandler  usart.o
    0x0800892c   0x0800892c   0x00000002   Code   RO          262    i.UsageFault_Handler  stm32f4xx_it.o
    0x0800892e   0x0800892e   0x00000096   Code   RO         5827    i._MLPrintLog       log_stm32.o
    0x080089c4   0x080089c4   0x00000030   Code   RO         7869    i.__ARM_fpclassify  m_wm.l(fpclassify.o)
    0x080089f4   0x080089f4   0x00000026   Code   RO         7871    i.__ARM_fpclassifyf  m_wm.l(fpclassifyf.o)
    0x08008a1a   0x08008a1a   0x00000020   Code   RO          696    i.__NVIC_SetPriority  stm32f4xx_hal_cortex.o
    0x08008a3a   0x08008a3a   0x00000002   PAD
    0x08008a3c   0x08008a3c   0x00000118   Code   RO         7579    i.__hardfp_acosf    m_wm.l(acosf.o)
    0x08008b54   0x08008b54   0x00000250   Code   RO         7643    i.__hardfp_atan2f   m_wm.l(atan2f.o)
    0x08008da4   0x08008da4   0x00000004   PAD
    0x08008da8   0x08008da8   0x000000c8   Code   RO         7661    i.__hardfp_cos      m_wm.l(cos.o)
    0x08008e70   0x08008e70   0x00000150   Code   RO         7673    i.__hardfp_cosf     m_wm.l(cosf.o)
    0x08008fc0   0x08008fc0   0x00000014   Code   RO         7685    i.__hardfp_fabs     m_wm.l(fabs.o)
    0x08008fd4   0x08008fd4   0x00000004   PAD
    0x08008fd8   0x08008fd8   0x000003c4   Code   RO         7697    i.__hardfp_log      m_wm.l(log.o)
    0x0800939c   0x0800939c   0x00000190   Code   RO         7737    i.__hardfp_sinf     m_wm.l(sinf.o)
    0x0800952c   0x0800952c   0x0000007a   Code   RO         7749    i.__hardfp_sqrt     m_wm.l(sqrt.o)
    0x080095a6   0x080095a6   0x0000003a   Code   RO         7761    i.__hardfp_sqrtf    m_wm.l(sqrtf.o)
    0x080095e0   0x080095e0   0x00000438   Code   RO         7890    i.__ieee754_rem_pio2  m_wm.l(rred.o)
    0x08009a18   0x08009a18   0x00000170   Code   RO         7852    i.__kernel_cos      m_wm.l(cos_i.o)
    0x08009b88   0x08009b88   0x000000f8   Code   RO         7887    i.__kernel_poly     m_wm.l(poly.o)
    0x08009c80   0x08009c80   0x00000130   Code   RO         7898    i.__kernel_sin      m_wm.l(sin_i.o)
    0x08009db0   0x08009db0   0x00000030   Code   RO         7855    i.__mathlib_dbl_divzero  m_wm.l(dunder.o)
    0x08009de0   0x08009de0   0x00000014   Code   RO         7856    i.__mathlib_dbl_infnan  m_wm.l(dunder.o)
    0x08009df4   0x08009df4   0x00000004   PAD
    0x08009df8   0x08009df8   0x00000020   Code   RO         7858    i.__mathlib_dbl_invalid  m_wm.l(dunder.o)
    0x08009e18   0x08009e18   0x00000020   Code   RO         7861    i.__mathlib_dbl_underflow  m_wm.l(dunder.o)
    0x08009e38   0x08009e38   0x00000006   Code   RO         7874    i.__mathlib_flt_infnan  m_wm.l(funder.o)
    0x08009e3e   0x08009e3e   0x00000006   Code   RO         7875    i.__mathlib_flt_infnan2  m_wm.l(funder.o)
    0x08009e44   0x08009e44   0x00000010   Code   RO         7876    i.__mathlib_flt_invalid  m_wm.l(funder.o)
    0x08009e54   0x08009e54   0x00000010   Code   RO         7879    i.__mathlib_flt_underflow  m_wm.l(funder.o)
    0x08009e64   0x08009e64   0x00000154   Code   RO         7895    i.__mathlib_rredf2  m_wm.l(rredf.o)
    0x08009fb8   0x08009fb8   0x00000030   Code   RO         6863    i.__print_result_location  mpl.o
    0x08009fe8   0x08009fe8   0x0000000e   Code   RO         7493    i._is_digit         c_w.l(__printf_wp.o)
    0x08009ff6   0x08009ff6   0x00000002   Code   RO         4937    i._sys_exit         usart.o
    0x08009ff8   0x08009ff8   0x000004b0   Code   RO         5164    i.accel_6500_self_test  inv_mpu.o
    0x0800a4a8   0x0800a4a8   0x00000118   Code   RO         5165    i.compass_self_test  inv_mpu.o
    0x0800a5c0   0x0800a5c0   0x00000014   Code   RO         4868    i.delay_init        delay.o
    0x0800a5d4   0x0800a5d4   0x0000001a   Code   RO         4869    i.delay_ms          delay.o
    0x0800a5ee   0x0800a5ee   0x00000002   PAD
    0x0800a5f0   0x0800a5f0   0x00000034   Code   RO         4870    i.delay_us          delay.o
    0x0800a624   0x0800a624   0x0000003a   Code   RO         5642    i.dmp_enable_6x_lp_quat  inv_mpu_dmp_motion_driver.o
    0x0800a65e   0x0800a65e   0x00000002   PAD
    0x0800a660   0x0800a660   0x000001dc   Code   RO         5643    i.dmp_enable_feature  inv_mpu_dmp_motion_driver.o
    0x0800a83c   0x0800a83c   0x00000038   Code   RO         5644    i.dmp_enable_gyro_cal  inv_mpu_dmp_motion_driver.o
    0x0800a874   0x0800a874   0x0000003a   Code   RO         5645    i.dmp_enable_lp_quat  inv_mpu_dmp_motion_driver.o
    0x0800a8ae   0x0800a8ae   0x00000002   PAD
    0x0800a8b0   0x0800a8b0   0x00000014   Code   RO         5650    i.dmp_load_motion_driver_firmware  inv_mpu_dmp_motion_driver.o
    0x0800a8c4   0x0800a8c4   0x0000014c   Code   RO         5651    i.dmp_read_fifo     inv_mpu_dmp_motion_driver.o
    0x0800aa10   0x0800aa10   0x000000d8   Code   RO         5654    i.dmp_set_accel_bias  inv_mpu_dmp_motion_driver.o
    0x0800aae8   0x0800aae8   0x00000064   Code   RO         5655    i.dmp_set_fifo_rate  inv_mpu_dmp_motion_driver.o
    0x0800ab4c   0x0800ab4c   0x000000cc   Code   RO         5656    i.dmp_set_gyro_bias  inv_mpu_dmp_motion_driver.o
    0x0800ac18   0x0800ac18   0x0000010c   Code   RO         5658    i.dmp_set_orientation  inv_mpu_dmp_motion_driver.o
    0x0800ad24   0x0800ad24   0x00000030   Code   RO         5661    i.dmp_set_shake_reject_thresh  inv_mpu_dmp_motion_driver.o
    0x0800ad54   0x0800ad54   0x00000020   Code   RO         5662    i.dmp_set_shake_reject_time  inv_mpu_dmp_motion_driver.o
    0x0800ad74   0x0800ad74   0x00000020   Code   RO         5663    i.dmp_set_shake_reject_timeout  inv_mpu_dmp_motion_driver.o
    0x0800ad94   0x0800ad94   0x00000040   Code   RO         5664    i.dmp_set_tap_axes  inv_mpu_dmp_motion_driver.o
    0x0800add4   0x0800add4   0x00000022   Code   RO         5665    i.dmp_set_tap_count  inv_mpu_dmp_motion_driver.o
    0x0800adf6   0x0800adf6   0x00000002   PAD
    0x0800adf8   0x0800adf8   0x00000160   Code   RO         5666    i.dmp_set_tap_thresh  inv_mpu_dmp_motion_driver.o
    0x0800af58   0x0800af58   0x00000020   Code   RO         5667    i.dmp_set_tap_time  inv_mpu_dmp_motion_driver.o
    0x0800af78   0x0800af78   0x00000020   Code   RO         5668    i.dmp_set_tap_time_multi  inv_mpu_dmp_motion_driver.o
    0x0800af98   0x0800af98   0x00000018   Code   RO         7687    i.fabs              m_wm.l(fabs.o)
    0x0800afb0   0x0800afb0   0x00000014   Code   RO         4938    i.fputc             usart.o
    0x0800afc4   0x0800afc4   0x000004d8   Code   RO         5166    i.get_st_6500_biases  inv_mpu.o
    0x0800b49c   0x0800b49c   0x0000046c   Code   RO         5168    i.gyro_6500_self_test  inv_mpu.o
    0x0800b908   0x0800b908   0x0000006a   Code   RO         5939    i.inv_apply_calibration  data_builder.o
    0x0800b972   0x0800b972   0x00000002   PAD
    0x0800b974   0x0800b974   0x00000068   Code   RO         5940    i.inv_build_accel   data_builder.o
    0x0800b9dc   0x0800b9dc   0x00000084   Code   RO         5941    i.inv_build_compass  data_builder.o
    0x0800ba60   0x0800ba60   0x00000030   Code   RO         5942    i.inv_build_gyro    data_builder.o
    0x0800ba90   0x0800ba90   0x0000001c   Code   RO         5944    i.inv_build_temp    data_builder.o
    0x0800baac   0x0800baac   0x000000ac   Code   RO         6513    i.inv_compass_angle  ml_math_func.o
    0x0800bb58   0x0800bb58   0x0000005a   Code   RO         6515    i.inv_convert_to_body_with_scale  ml_math_func.o
    0x0800bbb2   0x0800bbb2   0x00000002   PAD
    0x0800bbb4   0x0800bbb4   0x0000003c   Code   RO         5946    i.inv_db_load_func  data_builder.o
    0x0800bbf0   0x0800bbf0   0x00000014   Code   RO         5947    i.inv_db_save_func  data_builder.o
    0x0800bc04   0x0800bc04   0x0000001c   Code   RO         5861    i.inv_enable_eMPL_outputs  empl_outputs.o
    0x0800bc20   0x0800bc20   0x0000001c   Code   RO         6901    i.inv_enable_results_holder  results_holder.o
    0x0800bc3c   0x0800bc3c   0x00000028   Code   RO         7136    i.inv_execute_mpl_start_notification  start_manager.o
    0x0800bc64   0x0800bc64   0x00000080   Code   RO         5950    i.inv_execute_on_data  data_builder.o
    0x0800bce4   0x0800bce4   0x000000a8   Code   RO         5862    i.inv_generate_eMPL_outputs  empl_outputs.o
    0x0800bd8c   0x0800bd8c   0x00000010   Code   RO         6902    i.inv_generate_results  results_holder.o
    0x0800bd9c   0x0800bd9c   0x00000014   Code   RO         6903    i.inv_get_6axis_quaternion  results_holder.o
    0x0800bdb0   0x0800bdb0   0x0000000c   Code   RO         6904    i.inv_get_acc_state  results_holder.o
    0x0800bdbc   0x0800bdbc   0x0000000c   Code   RO         5951    i.inv_get_accel_accuracy  data_builder.o
    0x0800bdc8   0x0800bdc8   0x00000010   Code   RO         5953    i.inv_get_accel_on  data_builder.o
    0x0800bdd8   0x0800bdd8   0x00000028   Code   RO         5957    i.inv_get_accel_set  data_builder.o
    0x0800be00   0x0800be00   0x00000014   Code   RO         5958    i.inv_get_compass_bias  data_builder.o
    0x0800be14   0x0800be14   0x00000018   Code   RO         6908    i.inv_get_compass_correction  results_holder.o
    0x0800be2c   0x0800be2c   0x00000010   Code   RO         5960    i.inv_get_compass_on  data_builder.o
    0x0800be3c   0x0800be3c   0x0000001c   Code   RO         5967    i.inv_get_compass_soft_iron_output_data  data_builder.o
    0x0800be58   0x0800be58   0x0000000c   Code   RO         6909    i.inv_get_compass_state  results_holder.o
    0x0800be64   0x0800be64   0x00000054   Code   RO         6910    i.inv_get_gravity   results_holder.o
    0x0800beb8   0x0800beb8   0x00000010   Code   RO         5968    i.inv_get_gyro      data_builder.o
    0x0800bec8   0x0800bec8   0x0000000c   Code   RO         5969    i.inv_get_gyro_accuracy  data_builder.o
    0x0800bed4   0x0800bed4   0x00000024   Code   RO         5970    i.inv_get_gyro_bias  data_builder.o
    0x0800bef8   0x0800bef8   0x00000018   Code   RO         5971    i.inv_get_gyro_bias_tc_set  data_builder.o
    0x0800bf10   0x0800bf10   0x00000010   Code   RO         5972    i.inv_get_gyro_on   data_builder.o
    0x0800bf20   0x0800bf20   0x00000018   Code   RO         6519    i.inv_get_gyro_sum_of_sqr  ml_math_func.o
    0x0800bf38   0x0800bf38   0x0000000c   Code   RO         6913    i.inv_get_large_mag_field  results_holder.o
    0x0800bf44   0x0800bf44   0x00000048   Code   RO         5978    i.inv_get_last_timestamp  data_builder.o
    0x0800bf8c   0x0800bf8c   0x0000003a   Code   RO         6914    i.inv_get_linear_accel  results_holder.o
    0x0800bfc6   0x0800bfc6   0x00000002   PAD
    0x0800bfc8   0x0800bfc8   0x00000044   Code   RO         6915    i.inv_get_linear_accel_float  results_holder.o
    0x0800c00c   0x0800c00c   0x00000010   Code   RO         6916    i.inv_get_local_field  results_holder.o
    0x0800c01c   0x0800c01c   0x0000001c   Code   RO         5979    i.inv_get_mag_accuracy  data_builder.o
    0x0800c038   0x0800c038   0x00000010   Code   RO         6918    i.inv_get_motion_state  results_holder.o
    0x0800c048   0x0800c048   0x00000034   Code   RO         6919    i.inv_get_quaternion  results_holder.o
    0x0800c07c   0x0800c07c   0x00000038   Code   RO         6921    i.inv_get_quaternion_set  results_holder.o
    0x0800c0b4   0x0800c0b4   0x000001c0   Code   RO         5865    i.inv_get_sensor_type_euler  empl_outputs.o
    0x0800c274   0x0800c274   0x00000060   Code   RO         6389    i.inv_get_sensor_type_gravity  hal_outputs.o
    0x0800c2d4   0x0800c2d4   0x0000000c   Code   RO         6923    i.inv_got_compass_bias  results_holder.o
    0x0800c2e0   0x0800c2e0   0x0000003c   Code   RO         5982    i.inv_init_data_builder  data_builder.o
    0x0800c31c   0x0800c31c   0x00000078   Code   RO         6865    i.inv_init_mpl      mpl.o
    0x0800c394   0x0800c394   0x00000030   Code   RO         6924    i.inv_init_results_holder  results_holder.o
    0x0800c3c4   0x0800c3c4   0x00000014   Code   RO         7137    i.inv_init_start_manager  start_manager.o
    0x0800c3d8   0x0800c3d8   0x00000018   Code   RO         7169    i.inv_init_storage_manager  storage_manager.o
    0x0800c3f0   0x0800c3f0   0x00000022   Code   RO         6528    i.inv_orientation_matrix_to_scalar  ml_math_func.o
    0x0800c412   0x0800c412   0x0000000c   Code   RO         6529    i.inv_q29_mult      ml_math_func.o
    0x0800c41e   0x0800c41e   0x0000000c   Code   RO         6531    i.inv_q30_mult      ml_math_func.o
    0x0800c42a   0x0800c42a   0x00000024   Code   RO         6533    i.inv_q_add         ml_math_func.o
    0x0800c44e   0x0800c44e   0x00000042   Code   RO         6534    i.inv_q_addf        ml_math_func.o
    0x0800c490   0x0800c490   0x00000018   Code   RO         6535    i.inv_q_invert      ml_math_func.o
    0x0800c4a8   0x0800c4a8   0x0000002e   Code   RO         6536    i.inv_q_invertf     ml_math_func.o
    0x0800c4d6   0x0800c4d6   0x000000b0   Code   RO         6537    i.inv_q_mult        ml_math_func.o
    0x0800c586   0x0800c586   0x000000d2   Code   RO         6538    i.inv_q_multf       ml_math_func.o
    0x0800c658   0x0800c658   0x00000084   Code   RO         6539    i.inv_q_norm4       ml_math_func.o
    0x0800c6dc   0x0800c6dc   0x000000b0   Code   RO         6541    i.inv_q_normalizef  ml_math_func.o
    0x0800c78c   0x0800c78c   0x00000040   Code   RO         6542    i.inv_q_rotate      ml_math_func.o
    0x0800c7cc   0x0800c7cc   0x000000da   Code   RO         6544    i.inv_quaternion_to_rotation  ml_math_func.o
    0x0800c8a6   0x0800c8a6   0x00000002   PAD
    0x0800c8a8   0x0800c8a8   0x000000a8   Code   RO         5985    i.inv_register_data_cb  data_builder.o
    0x0800c950   0x0800c950   0x00000068   Code   RO         7171    i.inv_register_load_store  storage_manager.o
    0x0800c9b8   0x0800c9b8   0x00000020   Code   RO         7138    i.inv_register_mpl_start_notification  start_manager.o
    0x0800c9d8   0x0800c9d8   0x00000050   Code   RO         5986    i.inv_reset_compass_soft_iron_matrix  data_builder.o
    0x0800ca28   0x0800ca28   0x00000048   Code   RO         6546    i.inv_row_2_scale   ml_math_func.o
    0x0800ca70   0x0800ca70   0x0000001c   Code   RO         5987    i.inv_set_accel_accuracy  data_builder.o
    0x0800ca8c   0x0800ca8c   0x0000000c   Code   RO         6927    i.inv_set_accel_bias_found  results_holder.o
    0x0800ca98   0x0800ca98   0x00000050   Code   RO         5990    i.inv_set_accel_bias_mask  data_builder.o
    0x0800cae8   0x0800cae8   0x0000000c   Code   RO         5991    i.inv_set_accel_orientation_and_scale  data_builder.o
    0x0800caf4   0x0800caf4   0x0000002c   Code   RO         5992    i.inv_set_accel_sample_rate  data_builder.o
    0x0800cb20   0x0800cb20   0x00000048   Code   RO         5994    i.inv_set_compass_bias  data_builder.o
    0x0800cb68   0x0800cb68   0x00000010   Code   RO         6928    i.inv_set_compass_bias_error  results_holder.o
    0x0800cb78   0x0800cb78   0x0000000c   Code   RO         6929    i.inv_set_compass_bias_found  results_holder.o
    0x0800cb84   0x0800cb84   0x00000020   Code   RO         6930    i.inv_set_compass_correction  results_holder.o
    0x0800cba4   0x0800cba4   0x0000000c   Code   RO         5995    i.inv_set_compass_disturbance  data_builder.o
    0x0800cbb0   0x0800cbb0   0x00000010   Code   RO         5996    i.inv_set_compass_orientation_and_scale  data_builder.o
    0x0800cbc0   0x0800cbc0   0x0000002c   Code   RO         5997    i.inv_set_compass_sample_rate  data_builder.o
    0x0800cbec   0x0800cbec   0x00000050   Code   RO         5998    i.inv_set_compass_soft_iron_input_data  data_builder.o
    0x0800cc3c   0x0800cc3c   0x0000000c   Code   RO         6931    i.inv_set_compass_state  results_holder.o
    0x0800cc48   0x0800cc48   0x00000080   Code   RO         6001    i.inv_set_contiguous  data_builder.o
    0x0800ccc8   0x0800ccc8   0x0000005c   Code   RO         6003    i.inv_set_gyro_bias  data_builder.o
    0x0800cd24   0x0800cd24   0x0000000c   Code   RO         6004    i.inv_set_gyro_orientation_and_scale  data_builder.o
    0x0800cd30   0x0800cd30   0x00000028   Code   RO         6005    i.inv_set_gyro_sample_rate  data_builder.o
    0x0800cd58   0x0800cd58   0x00000014   Code   RO         6488    i.inv_set_message   message_layer.o
    0x0800cd6c   0x0800cd6c   0x00000034   Code   RO         6936    i.inv_set_motion_state  results_holder.o
    0x0800cda0   0x0800cda0   0x00000010   Code   RO         5870    i.inv_start_eMPL_outputs  empl_outputs.o
    0x0800cdb0   0x0800cdb0   0x0000003c   Code   RO         6866    i.inv_start_mpl     mpl.o
    0x0800cdec   0x0800cdec   0x00000018   Code   RO         6937    i.inv_start_results_holder  results_holder.o
    0x0800ce04   0x0800ce04   0x00000020   Code   RO         6938    i.inv_store_gaming_quaternion  results_holder.o
    0x0800ce24   0x0800ce24   0x0000004c   Code   RO         6008    i.inv_unregister_data_cb  data_builder.o
    0x0800ce70   0x0800ce70   0x00000048   Code   RO         7139    i.inv_unregister_mpl_start_notification  start_manager.o
    0x0800ceb8   0x0800ceb8   0x00000094   Code   RO            5    i.main              main.o
    0x0800cf4c   0x0800cf4c   0x00000002   Code   RO         5170    i.mget_ms           inv_mpu.o
    0x0800cf4e   0x0800cf4e   0x00000032   Code   RO         6551    i.mlMatrixVectorMult  ml_math_func.o
    0x0800cf80   0x0800cf80   0x00000058   Code   RO         5171    i.mpu_configure_fifo  inv_mpu.o
    0x0800cfd8   0x0800cfd8   0x00000164   Code   RO         5173    i.mpu_dmp_init      inv_mpu.o
    0x0800d13c   0x0800d13c   0x0000003c   Code   RO         5174    i.mpu_get_accel_fsr  inv_mpu.o
    0x0800d178   0x0800d178   0x00000044   Code   RO         5176    i.mpu_get_accel_sens  inv_mpu.o
    0x0800d1bc   0x0800d1bc   0x00000080   Code   RO         5178    i.mpu_get_compass_reg  inv_mpu.o
    0x0800d23c   0x0800d23c   0x00000034   Code   RO         5182    i.mpu_get_gyro_fsr  inv_mpu.o
    0x0800d270   0x0800d270   0x0000004c   Code   RO         5184    i.mpu_get_gyro_sens  inv_mpu.o
    0x0800d2bc   0x0800d2bc   0x00000038   Code   RO         5186    i.mpu_get_lpf       inv_mpu.o
    0x0800d2f4   0x0800d2f4   0x0000001c   Code   RO         5188    i.mpu_get_sample_rate  inv_mpu.o
    0x0800d310   0x0800d310   0x0000007c   Code   RO         5189    i.mpu_get_temperature  inv_mpu.o
    0x0800d38c   0x0800d38c   0x000000d8   Code   RO         5190    i.mpu_init          inv_mpu.o
    0x0800d464   0x0800d464   0x000000a4   Code   RO         5191    i.mpu_load_firmware  inv_mpu.o
    0x0800d508   0x0800d508   0x000000b8   Code   RO         5192    i.mpu_lp_accel_mode  inv_mpu.o
    0x0800d5c0   0x0800d5c0   0x000000e8   Code   RO         5194    i.mpu_mpl_get_data  inv_mpu.o
    0x0800d6a8   0x0800d6a8   0x00000090   Code   RO         5199    i.mpu_read_fifo_stream  inv_mpu.o
    0x0800d738   0x0800d738   0x00000054   Code   RO         5200    i.mpu_read_mem      inv_mpu.o
    0x0800d78c   0x0800d78c   0x0000015c   Code   RO         5203    i.mpu_reset_fifo    inv_mpu.o
    0x0800d8e8   0x0800d8e8   0x00000278   Code   RO         5204    i.mpu_run_6500_self_test  inv_mpu.o
    0x0800db60   0x0800db60   0x00000068   Code   RO         5208    i.mpu_set_accel_fsr  inv_mpu.o
    0x0800dbc8   0x0800dbc8   0x000000dc   Code   RO         5209    i.mpu_set_bypass    inv_mpu.o
    0x0800dca4   0x0800dca4   0x0000004c   Code   RO         5210    i.mpu_set_compass_sample_rate  inv_mpu.o
    0x0800dcf0   0x0800dcf0   0x00000078   Code   RO         5211    i.mpu_set_dmp_state  inv_mpu.o
    0x0800dd68   0x0800dd68   0x0000006c   Code   RO         5213    i.mpu_set_gyro_fsr  inv_mpu.o
    0x0800ddd4   0x0800ddd4   0x00000064   Code   RO         5214    i.mpu_set_int_latched  inv_mpu.o
    0x0800de38   0x0800de38   0x0000006c   Code   RO         5216    i.mpu_set_lpf       inv_mpu.o
    0x0800dea4   0x0800dea4   0x00000088   Code   RO         5217    i.mpu_set_sample_rate  inv_mpu.o
    0x0800df2c   0x0800df2c   0x00000134   Code   RO         5218    i.mpu_set_sensors   inv_mpu.o
    0x0800e060   0x0800e060   0x00000054   Code   RO         5219    i.mpu_write_mem     inv_mpu.o
    0x0800e0b4   0x0800e0b4   0x0000009c   Code   RO         5220    i.run_self_test     inv_mpu.o
    0x0800e150   0x0800e150   0x00000054   Code   RO         5221    i.set_int_enable    inv_mpu.o
    0x0800e1a4   0x0800e1a4   0x000001d8   Code   RO         5222    i.setup_compass     inv_mpu.o
    0x0800e37c   0x0800e37c   0x0000003e   Code   RO         7763    i.sqrtf             m_wm.l(sqrtf.o)
    0x0800e3ba   0x0800e3ba   0x00000002   PAD
    0x0800e3bc   0x0800e3bc   0x00000038   Code   RO         4939    i.uart_init         usart.o
    0x0800e3f4   0x0800e3f4   0x0000002c   Code   RO         7976    locale$$code        c_w.l(lc_numeric_c.o)
    0x0800e420   0x0800e420   0x0000002c   Code   RO         8055    locale$$code        c_w.l(lc_ctype_c.o)
    0x0800e44c   0x0800e44c   0x00000018   Code   RO         7829    x$fpl$basic         fz_wm.l(basic.o)
    0x0800e464   0x0800e464   0x00000062   Code   RO         7525    x$fpl$d2f           fz_wm.l(d2f.o)
    0x0800e4c6   0x0800e4c6   0x00000002   PAD
    0x0800e4c8   0x0800e4c8   0x00000150   Code   RO         7527    x$fpl$dadd          fz_wm.l(daddsub_clz.o)
    0x0800e618   0x0800e618   0x00000018   Code   RO         7831    x$fpl$dcmpinf       fz_wm.l(dcmpi.o)
    0x0800e630   0x0800e630   0x000002b0   Code   RO         7534    x$fpl$ddiv          fz_wm.l(ddiv.o)
    0x0800e8e0   0x0800e8e0   0x00000078   Code   RO         7537    x$fpl$deqf          fz_wm.l(deqf.o)
    0x0800e958   0x0800e958   0x0000005e   Code   RO         7539    x$fpl$dfix          fz_wm.l(dfix.o)
    0x0800e9b6   0x0800e9b6   0x0000002e   Code   RO         7544    x$fpl$dflt          fz_wm.l(dflt_clz.o)
    0x0800e9e4   0x0800e9e4   0x00000026   Code   RO         7543    x$fpl$dfltu         fz_wm.l(dflt_clz.o)
    0x0800ea0a   0x0800ea0a   0x00000002   PAD
    0x0800ea0c   0x0800ea0c   0x00000078   Code   RO         7549    x$fpl$dleqf         fz_wm.l(dleqf.o)
    0x0800ea84   0x0800ea84   0x00000154   Code   RO         7551    x$fpl$dmul          fz_wm.l(dmul.o)
    0x0800ebd8   0x0800ebd8   0x0000009c   Code   RO         7833    x$fpl$dnaninf       fz_wm.l(dnaninf.o)
    0x0800ec74   0x0800ec74   0x0000000c   Code   RO         7835    x$fpl$dretinf       fz_wm.l(dretinf.o)
    0x0800ec80   0x0800ec80   0x0000006c   Code   RO         7553    x$fpl$drleqf        fz_wm.l(drleqf.o)
    0x0800ecec   0x0800ecec   0x00000016   Code   RO         7528    x$fpl$drsb          fz_wm.l(daddsub_clz.o)
    0x0800ed02   0x0800ed02   0x00000002   PAD
    0x0800ed04   0x0800ed04   0x00000198   Code   RO         7837    x$fpl$dsqrt         fz_wm.l(dsqrt_umaal.o)
    0x0800ee9c   0x0800ee9c   0x000001d4   Code   RO         7529    x$fpl$dsub          fz_wm.l(daddsub_clz.o)
    0x0800f070   0x0800f070   0x00000056   Code   RO         7555    x$fpl$f2d           fz_wm.l(f2d.o)
    0x0800f0c6   0x0800f0c6   0x00000060   Code   RO         7561    x$fpl$ffltll        fz_wm.l(ffltll_clz.o)
    0x0800f126   0x0800f126   0x0000008c   Code   RO         7839    x$fpl$fnaninf       fz_wm.l(fnaninf.o)
    0x0800f1b2   0x0800f1b2   0x0000000a   Code   RO         8063    x$fpl$fpinit        fz_wm.l(fpinit.o)
    0x0800f1bc   0x0800f1bc   0x0000000a   Code   RO         7841    x$fpl$fretinf       fz_wm.l(fretinf.o)
    0x0800f1c6   0x0800f1c6   0x00000002   PAD
    0x0800f1c8   0x0800f1c8   0x00000086   Code   RO         7557    x$fpl$llsfromf      fz_wm.l(ffixll.o)
    0x0800f24e   0x0800f24e   0x00000004   Code   RO         7563    x$fpl$printf1       fz_wm.l(printf1.o)
    0x0800f252   0x0800f252   0x00000004   Code   RO         7843    x$fpl$printf2       fz_wm.l(printf2.o)
    0x0800f256   0x0800f256   0x00000000   Code   RO         7851    x$fpl$usenofp       fz_wm.l(usenofp.o)
    0x0800f256   0x0800f256   0x00000010   Data   RO          334    .constdata          system_stm32f4xx.o
    0x0800f266   0x0800f266   0x00000008   Data   RO          335    .constdata          system_stm32f4xx.o
    0x0800f26e   0x0800f26e   0x0000002a   Data   RO         5223    .constdata          inv_mpu.o
    0x0800f298   0x0800f298   0x0000000e   Data   RO         5224    .constdata          inv_mpu.o
    0x0800f2a6   0x0800f2a6   0x00000002   PAD
    0x0800f2a8   0x0800f2a8   0x00000030   Data   RO         5225    .constdata          inv_mpu.o
    0x0800f2d8   0x0800f2d8   0x00000200   Data   RO         5226    .constdata          inv_mpu.o
    0x0800f4d8   0x0800f4d8   0x00000bf6   Data   RO         5670    .constdata          inv_mpu_dmp_motion_driver.o
    0x080100ce   0x080100ce   0x0000002f   Data   RO         6867    .constdata          mpl.o
    0x080100fd   0x080100fd   0x00000028   Data   RO         7481    .constdata          c_w.l(_printf_hex_int_ll_ptr.o)
    0x08010125   0x08010125   0x00000011   Data   RO         7501    .constdata          c_w.l(__printf_flags_ss_wp.o)
    0x08010136   0x08010136   0x00000002   PAD
    0x08010138   0x08010138   0x00000038   Data   RO         7700    .constdata          m_wm.l(log.o)
    0x08010170   0x08010170   0x00000008   Data   RO         7799    .constdata          c_w.l(_printf_wctomb.o)
    0x08010178   0x08010178   0x00000030   Data   RO         7853    .constdata          m_wm.l(cos_i.o)
    0x080101a8   0x080101a8   0x00000008   Data   RO         7889    .constdata          m_wm.l(qnan.o)
    0x080101b0   0x080101b0   0x000000c8   Data   RO         7892    .constdata          m_wm.l(rred.o)
    0x08010278   0x08010278   0x00000020   Data   RO         7896    .constdata          m_wm.l(rredf.o)
    0x08010298   0x08010298   0x00000028   Data   RO         7899    .constdata          m_wm.l(sin_i.o)
    0x080102c0   0x080102c0   0x00000026   Data   RO         7934    .constdata          c_w.l(_printf_fp_hex.o)
    0x080102e6   0x080102e6   0x00000002   PAD
    0x080102e8   0x080102e8   0x00000094   Data   RO         7945    .constdata          c_w.l(bigflt0.o)
    0x0801037c   0x0801037c   0x00000009   Data   RO         5227    .conststring        inv_mpu.o
    0x08010385   0x08010385   0x00000003   PAD
    0x08010388   0x08010388   0x00000044   Data   RO         6011    .conststring        data_builder.o
    0x080103cc   0x080103cc   0x00000020   Data   RO         8130    Region$$Table       anon$$obj.o
    0x080103ec   0x080103ec   0x0000001c   Data   RO         7975    locale$$data        c_w.l(lc_numeric_c.o)
    0x08010408   0x08010408   0x00000110   Data   RO         8054    locale$$data        c_w.l(lc_ctype_c.o)


    Execution Region RW_IRAM1 (Exec base: 0x20000000, Load base: 0x08010518, Size: 0x00001e08, Max: 0x00020000, ABSOLUTE)

    Exec Addr    Load Addr    Size         Type   Attr      Idx    E Section Name        Object

    0x20000000   0x08010518   0x00000004   Data   RW          336    .data               system_stm32f4xx.o
    0x20000004   0x0801051c   0x0000000c   Data   RW          522    .data               stm32f4xx_hal.o
    0x20000010   0x08010528   0x00000004   Data   RW         4871    .data               delay.o
    0x20000014   0x0801052c   0x00000004   Data   RW         4941    .data               usart.o
    0x20000018   0x08010530   0x00000004   Data   RW         4942    .data               usart.o
    0x2000001c   0x08010534   0x00000004   Data   RW         5228    .data               inv_mpu.o
    0x20000020   0x08010538   0x0000004a   Data   RW         5229    .data               inv_mpu.o
    0x2000006a   0x08010582   0x00000002   PAD
    0x2000006c   0x08010584   0x00000004   Data   RW         6489    .data               message_layer.o
    0x20000070   0x08010588   0x00000010   Data   RW         7208    .data               libmpllib.lib(compass_vec_cal.o)
    0x20000080        -       0x00000108   Zero   RW         4940    .bss                usart.o
    0x20000188        -       0x00000010   Zero   RW         5669    .bss                inv_mpu_dmp_motion_driver.o
    0x20000198        -       0x00000028   Zero   RW         5871    .bss                empl_outputs.o
    0x200001c0        -       0x000002d8   Zero   RW         6010    .bss                data_builder.o
    0x20000498        -       0x000000c4   Zero   RW         6399    .bss                hal_outputs.o
    0x2000055c        -       0x00000088   Zero   RW         6939    .bss                results_holder.o
    0x200005e4        -       0x00000054   Zero   RW         7140    .bss                start_manager.o
    0x20000638        -       0x00000198   Zero   RW         7173    .bss                storage_manager.o
    0x200007d0        -       0x00000460   Zero   RW         7207    .bss                libmpllib.lib(compass_vec_cal.o)
    0x20000c30        -       0x000002a0   Zero   RW         7297    .bss                libmpllib.lib(fast_no_motion.o)
    0x20000ed0        -       0x00000138   Zero   RW         7330    .bss                libmpllib.lib(fusion_9axis.o)
    0x20001008        -       0x000001c4   Zero   RW         7352    .bss                libmpllib.lib(gyro_tc.o)
    0x200011cc        -       0x000000b8   Zero   RW         7370    .bss                libmpllib.lib(mag_disturb.o)
    0x20001284        -       0x0000006c   Zero   RW         7392    .bss                libmpllib.lib(quaternion_supervisor.o)
    0x200012f0        -       0x000004b8   Zero   RW         7410    .bss                libmpllib.lib(accel_auto_cal.o)
    0x200017a8        -       0x00000060   Zero   RW         7983    .bss                c_w.l(libspace.o)
    0x20001808        -       0x00000200   Zero   RW          486    HEAP                startup_stm32f407xx.o
    0x20001a08        -       0x00000400   Zero   RW          485    STACK               startup_stm32f407xx.o


==============================================================================

Image component sizes


      Code (inc. data)   RO Data    RW Data    ZI Data      Debug   Object Name

      2006        254         68          0        728      27492   data_builder.o
        98          8          0          4          0       2155   delay.o
       660         54          0          0         40       7322   empl_outputs.o
        96          8          0          0        196       2397   hal_outputs.o
      8970       1594        625         78          0      46814   inv_mpu.o
      2414        132       3062          0         16      21594   inv_mpu_dmp_motion_driver.o
       150         10          0          0          0       1110   log_stm32.o
       148         32          0          0          0     661555   main.o
        20          4          0          4          0       1322   message_layer.o
      1614         22          0          0          0      15209   ml_math_func.o
       228         78         47          0          0       5504   mpl.o
       288         22          0          0          0       3058   mpu9250.o
       612         74          0          0          0       5470   myiic.o
       726        120          0          0        136      16945   results_holder.o
       164         20          0          0         84       3648   start_manager.o
        64         26        392          0       1536        860   startup_stm32f407xx.o
       148         28          0         12          0       4848   stm32f4xx_hal.o
       222         14          0          0          0      34809   stm32f4xx_hal_cortex.o
        36          0          0          0          0       1319   stm32f4xx_hal_dma.o
       448         46          0          0          0       1984   stm32f4xx_hal_gpio.o
         2          0          0          0          0        498   stm32f4xx_hal_msp.o
      1252         72          0          0          0       5596   stm32f4xx_hal_rcc.o
      1442         14          0          0          0       9015   stm32f4xx_hal_uart.o
        20          0          0          0          0       4466   stm32f4xx_it.o
       128          8          0          0        408       2697   storage_manager.o
       148         12          0          0          0       1251   sys.o
        84         18         24          4          0       1243   system_stm32f4xx.o
       334         52          0          8        264       5837   usart.o

    ----------------------------------------------------------------------
     22548       2722       4255        112       3408     896018   Object Totals
         0          0         32          0          0          0   (incl. Generated)
        26          0          5          2          0          0   (incl. Padding)

    ----------------------------------------------------------------------

      Code (inc. data)   RO Data    RW Data    ZI Data      Debug   Library Member Name

        24          4          0          0          0         84   __2printf.o
         8          0          0          0          0         68   __main.o
       392          4         17          0          0         92   __printf_flags_ss_wp.o
        14          0          0          0          0         68   __printf_wp.o
         0          0          0          0          0          0   __rtentry.o
        12          0          0          0          0          0   __rtentry2.o
         6          0          0          0          0          0   __rtentry4.o
        52          8          0          0          0          0   __scatter.o
        26          0          0          0          0          0   __scatter_copy.o
        28          0          0          0          0          0   __scatter_zi.o
         6          0          0          0          0          0   _printf_a.o
         6          0          0          0          0          0   _printf_c.o
        44          0          0          0          0        108   _printf_char.o
        48          6          0          0          0         96   _printf_char_common.o
        36          4          0          0          0         80   _printf_char_file.o
        40          0          0          0          0         68   _printf_charcount.o
         6          0          0          0          0          0   _printf_d.o
       120         16          0          0          0         92   _printf_dec.o
         6          0          0          0          0          0   _printf_e.o
         6          0          0          0          0          0   _printf_f.o
      1054          0          0          0          0        216   _printf_fp_dec.o
       764          8         38          0          0        100   _printf_fp_hex.o
       128         16          0          0          0         84   _printf_fp_infnan.o
         6          0          0          0          0          0   _printf_g.o
       148          4         40          0          0        160   _printf_hex_int_ll_ptr.o
         6          0          0          0          0          0   _printf_i.o
       178          0          0          0          0         88   _printf_intcommon.o
        10          0          0          0          0          0   _printf_l.o
         6          0          0          0          0          0   _printf_lc.o
        10          0          0          0          0          0   _printf_ll.o
         6          0          0          0          0          0   _printf_lld.o
         6          0          0          0          0          0   _printf_lli.o
         6          0          0          0          0          0   _printf_llo.o
         6          0          0          0          0          0   _printf_llu.o
         6          0          0          0          0          0   _printf_llx.o
       124         16          0          0          0         92   _printf_longlong_dec.o
         6          0          0          0          0          0   _printf_ls.o
         6          0          0          0          0          0   _printf_n.o
         6          0          0          0          0          0   _printf_o.o
       112         10          0          0          0        124   _printf_oct_int_ll.o
         6          0          0          0          0          0   _printf_p.o
        78          0          0          0          0        108   _printf_pad.o
         0          0          0          0          0          0   _printf_percent.o
         4          0          0          0          0          0   _printf_percent_end.o
         6          0          0          0          0          0   _printf_s.o
        82          0          0          0          0         80   _printf_str.o
        36          0          0          0          0         84   _printf_truncate.o
         6          0          0          0          0          0   _printf_u.o
        44          0          0          0          0        108   _printf_wchar.o
       188          6          8          0          0         92   _printf_wctomb.o
         6          0          0          0          0          0   _printf_x.o
        22          0          0          0          0        100   _rserrno.o
        10          0          0          0          0         68   _sputc.o
        64          0          0          0          0         92   _wcrtomb.o
        16          0          0          0          0         68   aeabi_memset.o
       228          4        148          0          0         96   bigflt0.o
      1936        128          0          0          0        672   btod.o
        18          0          0          0          0         80   exit.o
         8          0          0          0          0         68   ferror.o
         6          0          0          0          0        152   heapauxi.o
        44         10        272          0          0         76   lc_ctype_c.o
        44         10         28          0          0         76   lc_numeric_c.o
         2          0          0          0          0          0   libinit.o
        34          0          0          0          0          0   libinit2.o
         2          0          0          0          0          0   libshutdown.o
         2          0          0          0          0          0   libshutdown2.o
         8          4          0          0         96         68   libspace.o
        72          0          0          0          0         76   llsdiv.o
        38          0          0          0          0         68   llshl.o
        38          0          0          0          0         68   llsshr.o
       138          0          0          0          0         80   lludiv10.o
       238          0          0          0          0        100   lludivv7m.o
        88          0          0          0          0         76   memcmp.o
        16          4          0          0          0         76   rt_ctype_table.o
         8          4          0          0          0         68   rt_errno_addr_intlibspace.o
         8          4          0          0          0         68   rt_locale_intlibspace.o
        68          0          0          0          0         68   rt_memclr.o
        78          0          0          0          0         80   rt_memclr_w.o
       138          0          0          0          0         68   rt_memcpy_v6.o
       100          0          0          0          0         80   rt_memcpy_w.o
       122          0          0          0          0         80   rt_memmove_w.o
         2          0          0          0          0          0   rtexit.o
        10          0          0          0          0          0   rtexit2.o
       128          0          0          0          0         68   strcmpv7m.o
        74          0          0          0          0         80   sys_stackheap_outer.o
         2          0          0          0          0         68   use_no_semi.o
         2          0          0          0          0         68   use_no_semi_2.o
        36          4          0          0          0         76   vsprintf.o
        24          0          0          0          0        164   basic.o
        98          4          0          0          0        140   d2f.o
       826         16          0          0          0        492   daddsub_clz.o
        24          0          0          0          0        116   dcmpi.o
       688        140          0          0          0        256   ddiv.o
       120          4          0          0          0        140   deqf.o
        94          4          0          0          0        140   dfix.o
        84          0          0          0          0        232   dflt_clz.o
       120          4          0          0          0        140   dleqf.o
       340         12          0          0          0        152   dmul.o
       156          4          0          0          0        140   dnaninf.o
        12          0          0          0          0        116   dretinf.o
       108          0          0          0          0        128   drleqf.o
       408         56          0          0          0        168   dsqrt_umaal.o
        86          4          0          0          0        132   f2d.o
       134          4          0          0          0        132   ffixll.o
        96          0          0          0          0        132   ffltll_clz.o
       140          4          0          0          0        132   fnaninf.o
        10          0          0          0          0        116   fpinit.o
        10          0          0          0          0        116   fretinf.o
         4          0          0          0          0        116   printf1.o
         4          0          0          0          0        116   printf2.o
         0          0          0          0          0          0   usenofp.o
      3140        190          0          0       1208       9672   accel_auto_cal.o
      9456        298          0         16       1120      19892   compass_vec_cal.o
      2584         42          0          0        672      13744   fast_no_motion.o
      1712         72          0          0        312       5636   fusion_9axis.o
      1220         32          0          0        452       5735   gyro_tc.o
      1472         48          0          0        184       7614   mag_disturb.o
      2452        130          0          0        108       5637   quaternion_supervisor.o
       280         46          0          0          0        176   acosf.o
       592         90          0          0          0        184   atan2f.o
       200         20          0          0          0        164   cos.o
       368         46         48          0          0        200   cos_i.o
       336         56          0          0          0        136   cosf.o
       132         36          0          0          0        496   dunder.o
        44          0          0          0          0        248   fabs.o
        48          0          0          0          0        124   fpclassify.o
        38          0          0          0          0        116   fpclassifyf.o
        44         12          0          0          0        464   funder.o
       964         92         56          0          0        316   log.o
       248          0          0          0          0        152   poly.o
         0          0          8          0          0          0   qnan.o
      1080        142        200          0          0        188   rred.o
       340         24         32          0          0        160   rredf.o
       304         24         40          0          0        208   sin_i.o
       400         56          0          0          0        212   sinf.o
       122          0          0          0          0        148   sqrt.o
       120          0          0          0          0        272   sqrtf.o

    ----------------------------------------------------------------------
     39098       1990        939         16       4152      80534   Library Totals
        38          4          4          0          0          0   (incl. Padding)

    ----------------------------------------------------------------------

      Code (inc. data)   RO Data    RW Data    ZI Data      Debug   Library Name

      7778        274        551          0         96       5124   c_w.l
      3586        256          0          0          0       3516   fz_wm.l
     22036        812          0         16       4056      67930   libmpllib.lib
      5660        644        384          0          0       3964   m_wm.l

    ----------------------------------------------------------------------
     39098       1990        939         16       4152      80534   Library Totals

    ----------------------------------------------------------------------

==============================================================================


      Code (inc. data)   RO Data    RW Data    ZI Data      Debug   

     61646       4712       5194        128       7560     946040   Grand Totals
     61646       4712       5194        128       7560     946040   ELF Image Totals
     61646       4712       5194        128          0          0   ROM Totals

==============================================================================

    Total RO  Size (Code + RO Data)                66840 (  65.27kB)
    Total RW  Size (RW Data + ZI Data)              7688 (   7.51kB)
    Total ROM Size (Code + RO Data + RW Data)      66968 (  65.40kB)

==============================================================================

